[    0.000000] Booting Linux on physical CPU 0x0000000000 [0x414fd0b1]
[    0.000000] Linux version 6.12.47+rpt-rpi-2712 (serge@raspberrypi.com) (aarch64-linux-gnu-gcc-12 (Debian 12.2.0-14+deb12u1) 12.2.0, GNU ld (GNU Binutils for Debian) 2.40) #1 SMP PREEMPT Debian 1:6.12.47-1+rpt1~bookworm (2025-09-16)
[    0.000000] KASLR enabled
[    0.000000] random: crng init done
[    0.000000] Machine model: Raspberry Pi 5 Model B Rev 1.0
[    0.000000] efi: UEFI not found.
[    0.000000] Reserved memory: created CMA memory pool at 0x000000003a000000, size 64 MiB
[    0.000000] OF: reserved mem: initialized node linux,cma, compatible id shared-dma-pool
[    0.000000] OF: reserved mem: 0x000000003a000000..0x000000003dffffff (65536 KiB) map reusable linux,cma
[    0.000000] OF: reserved mem: 0x0000000000000000..0x000000000007ffff (512 KiB) nomap non-reusable atf@0
[    0.000000] OF: reserved mem: 0x000000003fd165c0..0x000000003fd165f7 (0 KiB) nomap non-reusable nvram@0
[    0.000000] NUMA: Faking a node at [mem 0x0000000000000000-0x00000000ffffffff]
[    0.000000] Faking node 0 at [mem 0x0000000000000000-0x000000001fffffff] (512MB)
[    0.000000] Faking node 1 at [mem 0x0000000020000000-0x000000003fffffff] (512MB)
[    0.000000] Faking node 2 at [mem 0x0000000040000000-0x000000005fffffff] (512MB)
[    0.000000] Faking node 3 at [mem 0x0000000060000000-0x000000007fffffff] (512MB)
[    0.000000] Faking node 4 at [mem 0x0000000080000000-0x000000009fffffff] (512MB)
[    0.000000] Faking node 5 at [mem 0x00000000a0000000-0x00000000bfffffff] (512MB)
[    0.000000] Faking node 6 at [mem 0x00000000c0000000-0x00000000dfffffff] (512MB)
[    0.000000] Faking node 7 at [mem 0x00000000e0000000-0x00000000ffffffff] (512MB)
[    0.000000] NUMA: Initialized distance table, cnt=8
[    0.000000] NODE_DATA(0) allocated [mem 0x1fffd200-0x1fffffff]
[    0.000000] NODE_DATA(1) allocated [mem 0x3fbfd200-0x3fbfffff]
[    0.000000] NODE_DATA(2) allocated [mem 0x5fffd200-0x5fffffff]
[    0.000000] NODE_DATA(3) allocated [mem 0x7fffd200-0x7fffffff]
[    0.000000] NODE_DATA(4) allocated [mem 0x9fffd200-0x9fffffff]
[    0.000000] NODE_DATA(5) allocated [mem 0xbfffd200-0xbfffffff]
[    0.000000] NODE_DATA(6) allocated [mem 0xdfffd200-0xdfffffff]
[    0.000000] NODE_DATA(7) allocated [mem 0xffd9c040-0xffd9ee3f]
[    0.000000] Zone ranges:
[    0.000000]   DMA      [mem 0x0000000000000000-0x00000000ffffffff]
[    0.000000]   DMA32    empty
[    0.000000]   Normal   empty
[    0.000000] Movable zone start for each node
[    0.000000] Early memory node ranges
[    0.000000]   node   0: [mem 0x0000000000000000-0x000000000007ffff]
[    0.000000]   node   0: [mem 0x0000000000080000-0x000000001fffffff]
[    0.000000]   node   1: [mem 0x0000000020000000-0x000000003fbfffff]
[    0.000000]   node   2: [mem 0x0000000040000000-0x000000005fffffff]
[    0.000000]   node   3: [mem 0x0000000060000000-0x000000007fffffff]
[    0.000000]   node   4: [mem 0x0000000080000000-0x000000009fffffff]
[    0.000000]   node   5: [mem 0x00000000a0000000-0x00000000bfffffff]
[    0.000000]   node   6: [mem 0x00000000c0000000-0x00000000dfffffff]
[    0.000000]   node   7: [mem 0x00000000e0000000-0x00000000ffffffff]
[    0.000000] Initmem setup node 0 [mem 0x0000000000000000-0x000000001fffffff]
[    0.000000] Initmem setup node 1 [mem 0x0000000020000000-0x000000003fbfffff]
[    0.000000] Initmem setup node 2 [mem 0x0000000040000000-0x000000005fffffff]
[    0.000000] Initmem setup node 3 [mem 0x0000000060000000-0x000000007fffffff]
[    0.000000] Initmem setup node 4 [mem 0x0000000080000000-0x000000009fffffff]
[    0.000000] Initmem setup node 5 [mem 0x00000000a0000000-0x00000000bfffffff]
[    0.000000] Initmem setup node 6 [mem 0x00000000c0000000-0x00000000dfffffff]
[    0.000000] Initmem setup node 7 [mem 0x00000000e0000000-0x00000000ffffffff]
[    0.000000] On node 2, zone DMA: 256 pages in unavailable ranges
[    0.000000] psci: probing for conduit method from DT.
[    0.000000] psci: PSCIv1.1 detected in firmware.
[    0.000000] psci: Using standard PSCI v0.2 function IDs
[    0.000000] psci: MIGRATE_INFO_TYPE not supported.
[    0.000000] psci: SMC Calling Convention v1.2
[    0.000000] percpu: Embedded 15 pages/cpu s193496 r8192 d44072 u245760
[    0.000000] pcpu-alloc: s193496 r8192 d44072 u245760 alloc=15*16384
[    0.000000] pcpu-alloc: [0] 0 [0] 1 [0] 2 [0] 3 
[    0.000000] Detected PIPT I-cache on CPU0
[    0.000000] CPU features: detected: Virtualization Host Extensions
[    0.000000] CPU features: detected: Spectre-v4
[    0.000000] CPU features: detected: Spectre-BHB
[    0.000000] CPU features: kernel page table isolation forced ON by KASLR
[    0.000000] CPU features: detected: Kernel page table isolation (KPTI)
[    0.000000] CPU features: detected: SSBS not fully self-synchronizing
[    0.000000] alternatives: applying boot alternatives
[    0.000000] Kernel command line: reboot=w coherent_pool=1M 8250.nr_uarts=1 pci=pcie_bus_safe cgroup_disable=memory numa_policy=interleave nvme.max_host_mem_size_mb=0  numa=fake=8 system_heap.max_order=0 smsc95xx.macaddr=2C:CF:67:01:F8:BB vc_mem.mem_base=0x3fc00000 vc_mem.mem_size=0x40000000  console=ttyAMA10,115200 console=tty1 root=PARTUUID=a456ed73-02 rootfstype=ext4 fsck.repair=yes rootwait quiet splash plymouth.ignore-serial-consoles cfg80211.ieee80211_regdom=GB
[    0.000000] cgroup: Disabling memory control group subsystem
[    0.000000] mempolicy: NUMA default policy overridden to 'interleave:0-7'
[    0.000000] Unknown kernel command line parameters "splash", will be passed to user space.
[    0.000000] Fallback order for Node 0: 0 1 2 3 4 5 6 7 
[    0.000000] Fallback order for Node 1: 1 2 3 4 5 6 7 0 
[    0.000000] Fallback order for Node 2: 2 3 4 5 6 7 0 1 
[    0.000000] Fallback order for Node 3: 3 4 5 6 7 0 1 2 
[    0.000000] Fallback order for Node 4: 4 5 6 7 0 1 2 3 
[    0.000000] Fallback order for Node 5: 5 6 7 0 1 2 3 4 
[    0.000000] Fallback order for Node 6: 6 7 0 1 2 3 4 5 
[    0.000000] Fallback order for Node 7: 7 0 1 2 3 4 5 6 
[    0.000000] Built 8 zonelists, mobility grouping on.  Total pages: 261888
[    0.000000] Policy zone: DMA
[    0.000000] mem auto-init: stack:all(zero), heap alloc:off, heap free:off
[    0.000000] SLUB: HWalign=64, Order=0-3, MinObjects=0, CPUs=4, Nodes=8
[    0.000000] ftrace: allocating 45292 entries in 45 pages
[    0.000000] ftrace: allocated 45 pages with 4 groups
[    0.000000] rcu: Preemptible hierarchical RCU implementation.
[    0.000000] rcu: 	RCU event tracing is enabled.
[    0.000000] 	Trampoline variant of Tasks RCU enabled.
[    0.000000] 	Rude variant of Tasks RCU enabled.
[    0.000000] 	Tracing variant of Tasks RCU enabled.
[    0.000000] rcu: RCU calculated value of scheduler-enlistment delay is 25 jiffies.
[    0.000000] RCU Tasks: Setting shift to 2 and lim to 1 rcu_task_cb_adjust=1 rcu_task_cpu_ids=4.
[    0.000000] RCU Tasks Rude: Setting shift to 2 and lim to 1 rcu_task_cb_adjust=1 rcu_task_cpu_ids=4.
[    0.000000] RCU Tasks Trace: Setting shift to 2 and lim to 1 rcu_task_cb_adjust=1 rcu_task_cpu_ids=4.
[    0.000000] NR_IRQS: 64, nr_irqs: 64, preallocated irqs: 0
[    0.000000] Root IRQ handler: gic_handle_irq
[    0.000000] GIC: Using split EOI/Deactivate mode
[    0.000000] rcu: srcu_init: Setting srcu_struct sizes based on contention.
[    0.000000] arch_timer: cp15 timer(s) running at 54.00MHz (phys).
[    0.000000] clocksource: arch_sys_counter: mask: 0xffffffffffffff max_cycles: 0xc743ce346, max_idle_ns: 440795203123 ns
[    0.000000] sched_clock: 56 bits at 54MHz, resolution 18ns, wraps every 4398046511102ns
[    0.000090] Console: colour dummy device 80x25
[    0.000093] printk: legacy console [tty1] enabled
[    0.000165] Calibrating delay loop (skipped), value calculated using timer frequency.. 108.00 BogoMIPS (lpj=216000)
[    0.000168] pid_max: default: 32768 minimum: 301
[    0.000260] LSM: initializing lsm=capability
[    0.001038] Dentry cache hash table entries: 524288 (order: 8, 4194304 bytes, vmalloc)
[    0.001422] Inode-cache hash table entries: 262144 (order: 7, 2097152 bytes, vmalloc)
[    0.001455] Mount-cache hash table entries: 8192 (order: 2, 65536 bytes, vmalloc)
[    0.001466] Mountpoint-cache hash table entries: 8192 (order: 2, 65536 bytes, vmalloc)
[    0.002163] rcu: Hierarchical SRCU implementation.
[    0.002169] rcu: 	Max phase no-delay instances is 1000.
[    0.002209] Timer migration: 1 hierarchy levels; 8 children per group; 0 crossnode level
[    0.002536] EFI services will not be available.
[    0.002606] smp: Bringing up secondary CPUs ...
[    0.002793] Detected PIPT I-cache on CPU1
[    0.002831] CPU1: Booted secondary processor 0x0000000100 [0x414fd0b1]
[    0.003050] Detected PIPT I-cache on CPU2
[    0.003078] CPU2: Booted secondary processor 0x0000000200 [0x414fd0b1]
[    0.003285] Detected PIPT I-cache on CPU3
[    0.003304] CPU3: Booted secondary processor 0x0000000300 [0x414fd0b1]
[    0.003333] smp: Brought up 8 nodes, 4 CPUs
[    0.003337] SMP: Total of 4 processors activated.
[    0.003338] CPU: All CPU(s) started at EL2
[    0.003341] CPU features: detected: 32-bit EL0 Support
[    0.003343] CPU features: detected: Data cache clean to the PoU not required for I/D coherence
[    0.003344] CPU features: detected: Common not Private translations
[    0.003345] CPU features: detected: CRC32 instructions
[    0.003348] CPU features: detected: RCpc load-acquire (LDAPR)
[    0.003349] CPU features: detected: LSE atomic instructions
[    0.003351] CPU features: detected: Privileged Access Never
[    0.003352] CPU features: detected: RAS Extension Support
[    0.003353] CPU features: detected: Speculative Store Bypassing Safe (SSBS)
[    0.003380] alternatives: applying system-wide alternatives
[    0.004894] CPU features: detected: Hardware dirty bit management on CPU0-3
[    0.005068] Memory: 4034192K/4190208K available (14208K kernel code, 2418K rwdata, 4944K rodata, 5696K init, 647K bss, 66448K reserved, 65536K cma-reserved)
[    0.005224] devtmpfs: initialized
[    0.007077] Enabled cp15_barrier support
[    0.007083] Enabled setend support
[    0.007124] clocksource: jiffies: mask: 0xffffffff max_cycles: 0xffffffff, max_idle_ns: 7645041785100000 ns
[    0.007130] futex hash table entries: 1024 (order: 2, 65536 bytes, vmalloc)
[    0.007240] 2G module region forced by RANDOMIZE_MODULE_REGION_FULL
[    0.007242] 0 pages in range for non-PLT usage
[    0.007243] 129304 pages in range for PLT usage
[    0.007323] pinctrl core: initialized pinctrl subsystem
[    0.007440] DMI not present or invalid.
[    0.009759] NET: Registered PF_NETLINK/PF_ROUTE protocol family
[    0.010115] DMA: preallocated 1024 KiB GFP_KERNEL pool for atomic allocations
[    0.010143] DMA: preallocated 1024 KiB GFP_KERNEL|GFP_DMA pool for atomic allocations
[    0.010172] DMA: preallocated 1024 KiB GFP_KERNEL|GFP_DMA32 pool for atomic allocations
[    0.010186] audit: initializing netlink subsys (disabled)
[    0.010230] audit: type=2000 audit(0.008:1): state=initialized audit_enabled=0 res=1
[    0.010328] thermal_sys: Registered thermal governor 'step_wise'
[    0.010336] cpuidle: using governor menu
[    0.010400] hw-breakpoint: found 6 breakpoint and 4 watchpoint registers.
[    0.010420] ASID allocator initialised with 32768 entries
[    0.010643] Serial: AMBA PL011 UART driver
[    0.011340] /soc@107c000000/interrupt-controller@7fff9000: Fixed dependency cycle(s) with /soc@107c000000/interrupt-controller@7fff9000
[    0.011495] bcm2835-mbox 107c013880.mailbox: mailbox enabled
[    0.011621] 107d001000.serial: ttyAMA10 at MMIO 0x107d001000 (irq = 16, base_baud = 0) is a PL011 rev3
[    0.011629] printk: legacy console [ttyAMA10] enabled
[    0.016906] raspberrypi-firmware soc@107c000000:firmware: Attached to firmware from 2025-05-08T14:13:17, variant start_cd
[    0.020907] raspberrypi-firmware soc@107c000000:firmware: Firmware hash is 6947117700000000000000000000000000000000
[    0.027906] bcm2835-dma 1000010000.dma: DMA legacy API manager, dmachans=0x1
[    0.028156] iommu: Default domain type: Translated
[    0.028158] iommu: DMA domain TLB invalidation policy: strict mode
[    0.028291] SCSI subsystem initialized
[    0.028321] usbcore: registered new interface driver usbfs
[    0.028328] usbcore: registered new interface driver hub
[    0.028334] usbcore: registered new device driver usb
[    0.028394] pps_core: LinuxPPS API ver. 1 registered
[    0.028396] pps_core: Software ver. 5.3.6 - Copyright 2005-2007 Rodolfo Giometti <giometti@linux.it>
[    0.028398] PTP clock support registered
[    0.028743] vgaarb: loaded
[    0.028828] clocksource: Switched to clocksource arch_sys_counter
[    0.028959] VFS: Disk quotas dquot_6.6.0
[    0.028966] VFS: Dquot-cache hash table entries: 2048 (order 0, 16384 bytes)
[    0.031731] NET: Registered PF_INET protocol family
[    0.031875] IP idents hash table entries: 65536 (order: 5, 524288 bytes, vmalloc)
[    0.032725] tcp_listen_portaddr_hash hash table entries: 2048 (order: 1, 32768 bytes, vmalloc)
[    0.032743] Table-perturb hash table entries: 65536 (order: 4, 262144 bytes, vmalloc)
[    0.032748] TCP established hash table entries: 32768 (order: 4, 262144 bytes, vmalloc)
[    0.032870] TCP bind hash table entries: 32768 (order: 6, 1048576 bytes, vmalloc)
[    0.033201] TCP: Hash tables configured (established 32768 bind 32768)
[    0.033281] MPTCP token hash table entries: 4096 (order: 2, 98304 bytes, vmalloc)
[    0.033306] UDP hash table entries: 2048 (order: 2, 65536 bytes, vmalloc)
[    0.033341] UDP-Lite hash table entries: 2048 (order: 2, 65536 bytes, vmalloc)
[    0.033404] NET: Registered PF_UNIX/PF_LOCAL protocol family
[    0.033532] RPC: Registered named UNIX socket transport module.
[    0.033534] RPC: Registered udp transport module.
[    0.033535] RPC: Registered tcp transport module.
[    0.033536] RPC: Registered tcp-with-tls transport module.
[    0.033537] RPC: Registered tcp NFSv4.1 backchannel transport module.
[    0.033540] PCI: CLS 0 bytes, default 64
[    0.033652] Trying to unpack rootfs image as initramfs...
[    0.037938] kvm [1]: nv: 554 coarse grained trap handlers
[    0.038037] kvm [1]: IPA Size Limit: 40 bits
[    0.038053] kvm [1]: GICV region size/alignment is unsafe, using trapping (reduced performance)
[    0.038082] kvm [1]: vgic interrupt IRQ9
[    0.038094] kvm [1]: VHE mode initialized successfully
[    0.187560] Freeing initrd memory: 17616K
[    0.236228] Initialise system trusted keyrings
[    0.236530] workingset: timestamp_bits=42 max_order=18 bucket_order=0
[    0.236869] NFS: Registering the id_resolver key type
[    0.236874] Key type id_resolver registered
[    0.236875] Key type id_legacy registered
[    0.236887] nfs4filelayout_init: NFSv4 File Layout Driver Registering...
[    0.236889] nfs4flexfilelayout_init: NFSv4 Flexfile Layout Driver Registering...
[    0.237054] Key type asymmetric registered
[    0.237056] Asymmetric key parser 'x509' registered
[    0.237075] Block layer SCSI generic (bsg) driver version 0.4 loaded (major 247)
[    0.237112] io scheduler mq-deadline registered
[    0.237114] io scheduler kyber registered
[    0.237128] io scheduler bfq registered
[    0.237431] irq_brcmstb_l2: registered L2 intc (/soc@107c000000/interrupt-controller@7d510600, parent irq: 27)
[    0.237462] irq_brcmstb_l2: registered L2 intc (/soc@107c000000/interrupt-controller@7c502000, parent irq: 28)
[    0.237496] irq_brcmstb_l2: registered L2 intc (/soc@107c000000/intc@7d508380, parent irq: 29)
[    0.237526] irq_brcmstb_l2: registered L2 intc (/soc@107c000000/intc@7d508400, parent irq: 30)
[    0.237552] irq_brcmstb_l2: registered L2 intc (/soc@107c000000/intc@7d503000, parent irq: 31)
[    0.238393] ledtrig-cpu: registered to indicate activity on CPUs
[    0.268260] Serial: 8250/16550 driver, 1 ports, IRQ sharing enabled
[    0.268548] 107d50c000.serial: ttyS0 at MMIO 0x107d50c000 (irq = 33, base_baud = 6000000) is a Broadcom BCM7271 UART
[    0.268583] serial serial0: tty port ttyS0 registered
[    0.268813] iproc-rng200 107d208000.rng: hwrng registered
[    0.268847] vc-mem: phys_addr:0x00000000 mem_base=0x3fc00000 mem_size:0x40000000(1024 MiB)
[    0.269017] bcm2712-iommu-cache 1000005b00.iommuc: bcm2712_iommu_cache_probe
[    0.270246] brd: module loaded
[    0.271088] loop: module loaded
[    0.271173] bcm2835-power bcm2835-power: Broadcom BCM2835 power domains driver
[    0.271273] Loading iSCSI transport class v2.0-870.
[    0.271940] usbcore: registered new interface driver lan78xx
[    0.271947] usbcore: registered new interface driver smsc95xx
[    0.271993] dwc_otg: version 3.00a 10-AUG-2012 (platform bus)
[    0.272007] dwc_otg: FIQ enabled
[    0.272009] dwc_otg: NAK holdoff enabled
[    0.272010] dwc_otg: FIQ split-transaction FSM enabled
[    0.272012] Module dwc_common_port init
[    0.272190] usbcore: registered new interface driver uas
[    0.272197] usbcore: registered new interface driver usb-storage
[    0.272255] mousedev: PS/2 mouse device common for all mice
[    0.279768] rpi-rtc soc@107c000000:rpi_rtc: registered as rtc0
[    0.281153] rpi-rtc soc@107c000000:rpi_rtc: setting system clock to 2026-01-03T02:04:03 UTC (1767405843)
[    0.281433] bcm2835-wdt bcm2835-wdt: Poweroff handler already present!
[    0.281435] bcm2835-wdt bcm2835-wdt: Broadcom BCM2835 watchdog timer
[    0.283434] sdhci: Secure Digital Host Controller Interface driver
[    0.283436] sdhci: Copyright(c) Pierre Ossman
[    0.283462] sdhci-pltfm: SDHCI platform and OF driver helper
[    0.283519] SMCCC: SOC_ID: ARCH_SOC_ID not implemented, skipping ....
[    0.283530] hid: raw HID events driver (C) Jiri Kosina
[    0.283545] usbcore: registered new interface driver usbhid
[    0.283547] usbhid: USB HID core driver
[    0.283810] hw perfevents: enabled with armv8_cortex_a76 PMU driver, 7 (0,8000003f) counters available
[    0.284017] NET: Registered PF_PACKET protocol family
[    0.284038] Key type dns_resolver registered
[    0.287424] registered taskstats version 1
[    0.287485] Loading compiled-in X.509 certificates
[    0.288907] Demotion targets for Node 0: null
[    0.288909] Demotion targets for Node 1: null
[    0.288910] Demotion targets for Node 2: null
[    0.288911] Demotion targets for Node 3: null
[    0.288912] Demotion targets for Node 4: null
[    0.288913] Demotion targets for Node 5: null
[    0.288914] Demotion targets for Node 6: null
[    0.288915] Demotion targets for Node 7: null
[    0.289108] Key type .fscrypt registered
[    0.289109] Key type fscrypt-provisioning registered
[    0.289789] brcm-pcie 1000110000.pcie: host bridge /axi/pcie@1000110000 ranges:
[    0.289794] brcm-pcie 1000110000.pcie:   No bus range found for /axi/pcie@1000110000, using [bus 00-ff]
[    0.289801] brcm-pcie 1000110000.pcie:      MEM 0x1b80000000..0x1bffffffff -> 0x0080000000
[    0.289805] brcm-pcie 1000110000.pcie:      MEM 0x1800000000..0x1b7fffffff -> 0x0400000000
[    0.289810] brcm-pcie 1000110000.pcie:   IB MEM 0x0000000000..0x0fffffffff -> 0x1000000000
[    0.289814] brcm-pcie 1000110000.pcie:   IB MEM 0x1000131000..0x1000131fff -> 0xfffffff000
[    0.291188] brcm-pcie 1000110000.pcie: PCI host bridge to bus 0001:00
[    0.291192] pci_bus 0001:00: root bus resource [bus 00-ff]
[    0.291194] pci_bus 0001:00: root bus resource [mem 0x1b80000000-0x1bffffffff] (bus address [0x80000000-0xffffffff])
[    0.291197] pci_bus 0001:00: root bus resource [mem 0x1800000000-0x1b7fffffff pref] (bus address [0x400000000-0x77fffffff])
[    0.291208] pci 0001:00:00.0: [14e4:2712] type 01 class 0x060400 PCIe Root Port
[    0.291214] pci 0001:00:00.0: PCI bridge to [bus 00]
[    0.291217] pci 0001:00:00.0:   bridge window [mem 0x00000000-0x000fffff]
[    0.291220] pci 0001:00:00.0:   bridge window [mem 0x00000000-0x000fffff 64bit pref]
[    0.291236] pci 0001:00:00.0: PME# supported from D0 D3hot
[    0.291746] pci 0001:00:00.0: bridge configuration invalid ([bus 00-00]), reconfiguring
[    0.392833] brcm-pcie 1000110000.pcie: clkreq-mode set to safe
[    0.392835] brcm-pcie 1000110000.pcie: link up, 8.0 GT/s PCIe x1 (!SSC)
[    0.392855] pci 0001:01:00.0: [1e60:2864] type 00 class 0x0b4000 PCIe Endpoint
[    0.392870] pci 0001:01:00.0: BAR 0 [mem 0x00000000-0x00003fff 64bit pref]
[    0.392879] pci 0001:01:00.0: BAR 2 [mem 0x00000000-0x00000fff 64bit pref]
[    0.392888] pci 0001:01:00.0: BAR 4 [mem 0x00000000-0x00003fff 64bit pref]
[    0.392951] pci 0001:01:00.0: PME# supported from D3hot
[    0.392989] pci 0001:01:00.0: 7.876 Gb/s available PCIe bandwidth, limited by 8.0 GT/s PCIe x1 link at 0001:00:00.0 (capable of 31.504 Gb/s with 8.0 GT/s PCIe x4 link)
[    0.400840] pci_bus 0001:01: busn_res: [bus 01-ff] end is updated to 01
[    0.400849] pci 0001:00:00.0: bridge window [mem 0x1800000000-0x18000fffff 64bit pref]: assigned
[    0.400852] pci 0001:01:00.0: BAR 0 [mem 0x1800000000-0x1800003fff 64bit pref]: assigned
[    0.400860] pci 0001:01:00.0: BAR 4 [mem 0x1800004000-0x1800007fff 64bit pref]: assigned
[    0.400868] pci 0001:01:00.0: BAR 2 [mem 0x1800008000-0x1800008fff 64bit pref]: assigned
[    0.400875] pci 0001:00:00.0: PCI bridge to [bus 01]
[    0.400877] pci 0001:00:00.0:   bridge window [mem 0x1800000000-0x18000fffff 64bit pref]
[    0.400880] pci_bus 0001:00: resource 4 [mem 0x1b80000000-0x1bffffffff]
[    0.400882] pci_bus 0001:00: resource 5 [mem 0x1800000000-0x1b7fffffff pref]
[    0.400884] pci_bus 0001:01: resource 2 [mem 0x1800000000-0x18000fffff 64bit pref]
[    0.400887] pci 0001:00:00.0: Max Payload Size set to  256/ 512 (was  128), Max Read Rq  512
[    0.400894] pci 0001:01:00.0: Max Payload Size set to  256/ 256 (was  128), Max Read Rq  512
[    0.400946] pcieport 0001:00:00.0: enabling device (0000 -> 0002)
[    0.400973] pcieport 0001:00:00.0: PME: Signaling with IRQ 38
[    0.401025] pcieport 0001:00:00.0: AER: enabled with IRQ 38
[    0.401104] brcm-pcie 1000120000.pcie: host bridge /axi/pcie@1000120000 ranges:
[    0.401107] brcm-pcie 1000120000.pcie:   No bus range found for /axi/pcie@1000120000, using [bus 00-ff]
[    0.401113] brcm-pcie 1000120000.pcie:      MEM 0x1f00000000..0x1ffffffffb -> 0x0000000000
[    0.401117] brcm-pcie 1000120000.pcie:      MEM 0x1c00000000..0x1effffffff -> 0x0400000000
[    0.401122] brcm-pcie 1000120000.pcie:   IB MEM 0x1f00000000..0x1f003fffff -> 0x0000000000
[    0.401127] brcm-pcie 1000120000.pcie:   IB MEM 0x0000000000..0x0fffffffff -> 0x1000000000
[    0.401130] brcm-pcie 1000120000.pcie:   IB MEM 0x1000130000..0x1000130fff -> 0xfffffff000
[    0.402274] brcm-pcie 1000120000.pcie: PCI host bridge to bus 0002:00
[    0.402276] pci_bus 0002:00: root bus resource [bus 00-ff]
[    0.402278] pci_bus 0002:00: root bus resource [mem 0x1f00000000-0x1ffffffffb] (bus address [0x00000000-0xfffffffb])
[    0.402281] pci_bus 0002:00: root bus resource [mem 0x1c00000000-0x1effffffff pref] (bus address [0x400000000-0x6ffffffff])
[    0.402287] pci 0002:00:00.0: [14e4:2712] type 01 class 0x060400 PCIe Root Port
[    0.402292] pci 0002:00:00.0: PCI bridge to [bus 00]
[    0.402295] pci 0002:00:00.0:   bridge window [mem 0x1f80000000-0x1fbfffffff]
[    0.402308] pci 0002:00:00.0: PME# supported from D0 D3hot
[    0.402804] pci 0002:00:00.0: bridge configuration invalid ([bus 00-00]), reconfiguring
[    0.504832] brcm-pcie 1000120000.pcie: clkreq-mode set to default
[    0.504834] brcm-pcie 1000120000.pcie: link up, 5.0 GT/s PCIe x4 (!SSC)
[    0.504853] pci 0002:01:00.0: [1de4:0001] type 00 class 0x020000 PCIe Endpoint
[    0.504866] pci 0002:01:00.0: BAR 0 [mem 0xffffc000-0xffffffff]
[    0.504872] pci 0002:01:00.0: BAR 1 [mem 0xffc00000-0xffffffff]
[    0.504877] pci 0002:01:00.0: BAR 2 [mem 0xffff0000-0xffffffff]
[    0.504940] pci 0002:01:00.0: supports D1
[    0.504941] pci 0002:01:00.0: PME# supported from D0 D1 D3hot D3cold
[    0.512836] pci_bus 0002:01: busn_res: [bus 01-ff] end is updated to 01
[    0.512842] pci 0002:00:00.0: bridge window [mem 0x1f00000000-0x1f005fffff]: assigned
[    0.512844] pci 0002:01:00.0: BAR 1 [mem 0x1f00000000-0x1f003fffff]: assigned
[    0.512848] pci 0002:01:00.0: BAR 2 [mem 0x1f00400000-0x1f0040ffff]: assigned
[    0.512852] pci 0002:01:00.0: BAR 0 [mem 0x1f00410000-0x1f00413fff]: assigned
[    0.512856] pci 0002:00:00.0: PCI bridge to [bus 01]
[    0.512857] pci 0002:00:00.0:   bridge window [mem 0x1f00000000-0x1f005fffff]
[    0.512860] pci_bus 0002:00: resource 4 [mem 0x1f00000000-0x1ffffffffb]
[    0.512862] pci_bus 0002:00: resource 5 [mem 0x1c00000000-0x1effffffff pref]
[    0.512864] pci_bus 0002:01: resource 1 [mem 0x1f00000000-0x1f005fffff]
[    0.512866] pci 0002:00:00.0: Max Payload Size set to  256/ 512 (was  128), Max Read Rq  512
[    0.512873] pci 0002:01:00.0: Max Payload Size set to  256/ 256 (was  128), Max Read Rq  512
[    0.512916] pcieport 0002:00:00.0: enabling device (0000 -> 0002)
[    0.512935] pcieport 0002:00:00.0: PME: Signaling with IRQ 39
[    0.512976] pcieport 0002:00:00.0: AER: enabled with IRQ 39
[    0.513028] rp1 0002:01:00.0: bar0 len 0x4000, start 0x1f00410000, end 0x1f00413fff, flags, 0x40200
[    0.513031] rp1 0002:01:00.0: bar1 len 0x400000, start 0x1f00000000, end 0x1f003fffff, flags, 0x40200
[    0.513041] rp1 0002:01:00.0: enabling device (0000 -> 0002)
[    0.513632] rp1 0002:01:00.0: chip_id 0x20001927
[    0.518298] bcm2712-iommu 1000005100.iommu: bcm2712_iommu_init: DEBUG_INFO = 0x20804774
[    0.518712] bcm2712-iommu 1000005100.iommu: bcm2712_iommu_probe: Success
[    0.519149] bcm2712-iommu 1000005200.iommu: bcm2712_iommu_init: DEBUG_INFO = 0x20804774
[    0.519535] bcm2712-iommu 1000005200.iommu: bcm2712_iommu_probe: Success
[    0.519951] bcm2712-iommu 1000005280.iommu: bcm2712_iommu_init: DEBUG_INFO = 0x20804774
[    0.520331] bcm2712-iommu 1000005280.iommu: bcm2712_iommu_probe: Success
[    0.520628] genirq: irq_chip rp1_irq_chip did not update eff. affinity mask of irq 101
[    0.520775] sdhci-brcmstb 1000fff000.mmc: Got CD GPIO
[    0.520881] mmc1: CQHCI version 5.10
[    0.520894] mmc0: CQHCI version 5.10
[    0.536106] macb 1f00100000.ethernet eth0: Cadence GEM rev 0x00070109 at 0x1f00100000 irq 107 (2c:cf:67:01:f8:bb)
[    0.536825] dw_axi_dmac_platform 1f00188000.dma: DesignWare AXI DMA Controller, 8 channels
[    0.537042] xhci-hcd xhci-hcd.0: xHCI Host Controller
[    0.537048] xhci-hcd xhci-hcd.0: new USB bus registered, assigned bus number 1
[    0.537481] xhci-hcd xhci-hcd.0: hcc params 0x0240fe6d hci version 0x110 quirks 0x0000808000000810
[    0.537490] xhci-hcd xhci-hcd.0: irq 132, io mem 0x1f00200000
[    0.537545] xhci-hcd xhci-hcd.0: xHCI Host Controller
[    0.537547] xhci-hcd xhci-hcd.0: new USB bus registered, assigned bus number 2
[    0.537550] xhci-hcd xhci-hcd.0: Host supports USB 3.0 SuperSpeed
[    0.537585] usb usb1: New USB device found, idVendor=1d6b, idProduct=0002, bcdDevice= 6.12
[    0.537588] usb usb1: New USB device strings: Mfr=3, Product=2, SerialNumber=1
[    0.537590] usb usb1: Product: xHCI Host Controller
[    0.537591] usb usb1: Manufacturer: Linux 6.12.47+rpt-rpi-2712 xhci-hcd
[    0.537593] usb usb1: SerialNumber: xhci-hcd.0
[    0.537692] hub 1-0:1.0: USB hub found
[    0.537705] hub 1-0:1.0: 2 ports detected
[    0.537811] usb usb2: New USB device found, idVendor=1d6b, idProduct=0003, bcdDevice= 6.12
[    0.537814] usb usb2: New USB device strings: Mfr=3, Product=2, SerialNumber=1
[    0.537815] usb usb2: Product: xHCI Host Controller
[    0.537817] usb usb2: Manufacturer: Linux 6.12.47+rpt-rpi-2712 xhci-hcd
[    0.537818] usb usb2: SerialNumber: xhci-hcd.0
[    0.537877] hub 2-0:1.0: USB hub found
[    0.537887] hub 2-0:1.0: 1 port detected
[    0.538099] xhci-hcd xhci-hcd.1: xHCI Host Controller
[    0.538102] xhci-hcd xhci-hcd.1: new USB bus registered, assigned bus number 3
[    0.538525] xhci-hcd xhci-hcd.1: hcc params 0x0240fe6d hci version 0x110 quirks 0x0000808000000810
[    0.538535] xhci-hcd xhci-hcd.1: irq 137, io mem 0x1f00300000
[    0.538587] xhci-hcd xhci-hcd.1: xHCI Host Controller
[    0.538590] xhci-hcd xhci-hcd.1: new USB bus registered, assigned bus number 4
[    0.538592] xhci-hcd xhci-hcd.1: Host supports USB 3.0 SuperSpeed
[    0.538616] usb usb3: New USB device found, idVendor=1d6b, idProduct=0002, bcdDevice= 6.12
[    0.538619] usb usb3: New USB device strings: Mfr=3, Product=2, SerialNumber=1
[    0.538620] usb usb3: Product: xHCI Host Controller
[    0.538622] usb usb3: Manufacturer: Linux 6.12.47+rpt-rpi-2712 xhci-hcd
[    0.538623] usb usb3: SerialNumber: xhci-hcd.1
[    0.538686] hub 3-0:1.0: USB hub found
[    0.538697] hub 3-0:1.0: 2 ports detected
[    0.538775] usb usb4: New USB device found, idVendor=1d6b, idProduct=0003, bcdDevice= 6.12
[    0.538778] usb usb4: New USB device strings: Mfr=3, Product=2, SerialNumber=1
[    0.538779] usb usb4: Product: xHCI Host Controller
[    0.538781] usb usb4: Manufacturer: Linux 6.12.47+rpt-rpi-2712 xhci-hcd
[    0.538782] usb usb4: SerialNumber: xhci-hcd.1
[    0.538840] hub 4-0:1.0: USB hub found
[    0.538849] hub 4-0:1.0: 1 port detected
[    0.539439] of_cfs_init
[    0.539467] of_cfs_init: OK
[    0.539546] clk: Disabling unused clocks
[    0.549368] PM: genpd: Disabling unused power domains
[    0.556832] mmc0: SDHCI controller on 1000fff000.mmc [1000fff000.mmc] using ADMA 64-bit
[    0.653955] mmc0: new ultra high speed SDR104 SDXC card at address 59b4
[    0.654109] mmcblk0: mmc0:59b4 SD64G 59.4 GiB
[    0.658844]  mmcblk0: p1 p2
[    0.658900] mmcblk0: mmc0:59b4 SD64G 59.4 GiB (quirks 0x00004000)
[    0.707365] mmc1: SDHCI controller on 1001100000.mmc [1001100000.mmc] using ADMA 64-bit
[    0.710288] Freeing unused kernel memory: 5696K
[    0.710377] Run /init as init process
[    0.710378]   with arguments:
[    0.710379]     /init
[    0.710380]     splash
[    0.710381]   with environment:
[    0.710382]     HOME=/
[    0.710383]     TERM=linux
[    0.741694] mmc1: new ultra high speed DDR50 SDIO card at address 0001
[    0.793521] input: pwr_button as /devices/platform/pwr_button/input/input0
[    0.795185] brcmstb-i2c 107d508200.i2c:  @97500hz registered in interrupt mode
[    0.795431] brcmstb-i2c 107d508280.i2c:  @97500hz registered in interrupt mode
[    0.827056] v3d 1002000000.v3d: [drm] Transparent Hugepage support is recommended for optimal performance on this platform!
[    0.828392] [drm] Initialized v3d 1.0.0 for 1002000000.v3d on minor 0
[    0.838031] vc4_hvs 107c580000.hvs: bcm2712_iommu_of_xlate: MMU 1000005200.iommu
[    0.838039] vc4_hvs 107c580000.hvs: bcm2712_iommu_probe_device: MMU 1000005200.iommu
[    0.838044] vc4_hvs 107c580000.hvs: bcm2712_iommu_device_group: MMU 1000005200.iommu
[    0.838048] vc4_hvs 107c580000.hvs: Adding to iommu group 1
[    0.838052] vc4_hvs 107c580000.hvs: bcm2712_iommu_attach_dev: MMU 1000005200.iommu
[    0.839034] vc4-drm axi:gpu: bcm2712_iommu_of_xlate: MMU 1000005200.iommu
[    0.839041] vc4-drm axi:gpu: bcm2712_iommu_probe_device: MMU 1000005200.iommu
[    0.839046] vc4-drm axi:gpu: bcm2712_iommu_device_group: MMU 1000005200.iommu
[    0.839180] vc4-drm axi:gpu: Adding to iommu group 1
[    0.839182] vc4-drm axi:gpu: bcm2712_iommu_attach_dev: MMU 1000005200.iommu
[    0.841392] vc4-drm axi:gpu: bound 107c580000.hvs (ops vc4_hvs_ops [vc4])
[    0.842521] Registered IR keymap rc-cec
[    0.842556] rc rc0: vc4-hdmi-0 as /devices/platform/soc@107c000000/107c701400.hdmi/rc/rc0
[    0.842594] input: vc4-hdmi-0 as /devices/platform/soc@107c000000/107c701400.hdmi/rc/rc0/input1
[    0.843135] input: vc4-hdmi-0 HDMI Jack as /devices/platform/soc@107c000000/107c701400.hdmi/sound/card0/input2
[    0.844057] vc4-drm axi:gpu: bound 107c701400.hdmi (ops vc4_hdmi_ops [vc4])
[    0.845197] Registered IR keymap rc-cec
[    0.845226] rc rc1: vc4-hdmi-1 as /devices/platform/soc@107c000000/107c706400.hdmi/rc/rc1
[    0.845258] input: vc4-hdmi-1 as /devices/platform/soc@107c000000/107c706400.hdmi/rc/rc1/input3
[    0.845861] input: vc4-hdmi-1 HDMI Jack as /devices/platform/soc@107c000000/107c706400.hdmi/sound/card1/input4
[    0.846788] vc4-drm axi:gpu: bound 107c706400.hdmi (ops vc4_hdmi_ops [vc4])
[    0.846871] vc4-drm axi:gpu: bound 107c500000.mop (ops vc4_txp_ops [vc4])
[    0.846914] vc4-drm axi:gpu: bound 107c501000.moplet (ops vc4_txp_ops [vc4])
[    0.846962] vc4-drm axi:gpu: bound 107c410000.pixelvalve (ops vc4_crtc_ops [vc4])
[    0.847000] vc4-drm axi:gpu: bound 107c411000.pixelvalve (ops vc4_crtc_ops [vc4])
[    0.847577] [drm] Initialized vc4 0.0.0 for axi:gpu on minor 1
[    0.850204] vc4-drm axi:gpu: [drm] Cannot find any crtc or sizes
[    0.853649] vc4-drm axi:gpu: [drm] Cannot find any crtc or sizes
[    0.856248] vc4-drm axi:gpu: [drm] Cannot find any crtc or sizes
[    1.453918] EXT4-fs (mmcblk0p2): orphan cleanup on readonly fs
[    1.454401] EXT4-fs (mmcblk0p2): mounted filesystem 2dbb916c-da39-44e1-9626-6d56778b82a1 ro with ordered data mode. Quota mode: none.
[    2.210789] NET: Registered PF_INET6 protocol family
[    2.211102] Segment Routing with IPv6
[    2.211109] In-situ OAM (IOAM) with IPv6
[    2.281749] systemd[1]: systemd 252.39-1~deb12u1 running in system mode (+PAM +AUDIT +SELINUX +APPARMOR +IMA +SMACK +SECCOMP +GCRYPT -GNUTLS +OPENSSL +ACL +BLKID +CURL +ELFUTILS +FIDO2 +IDN2 -IDN +IPTC +KMOD +LIBCRYPTSETUP +LIBFDISK +PCRE2 -PWQUALITY +P11KIT +QRENCODE +TPM2 +BZIP2 +LZ4 +XZ +ZLIB +ZSTD -BPF_FRAMEWORK -XKBCOMMON +UTMP +SYSVINIT default-hierarchy=unified)
[    2.281757] systemd[1]: Detected architecture arm64.
[    2.293253] systemd[1]: Hostname set to <raspberrypi>.
[    2.835667] systemd[1]: Queued start job for default target graphical.target.
[    2.877269] systemd[1]: Created slice system-getty.slice - Slice /system/getty.
[    2.877472] systemd[1]: Created slice system-modprobe.slice - Slice /system/modprobe.
[    2.877632] systemd[1]: Created slice system-serial\x2dgetty.slice - Slice /system/serial-getty.
[    2.877790] systemd[1]: Created slice system-systemd\x2dfsck.slice - Slice /system/systemd-fsck.
[    2.877883] systemd[1]: Created slice user.slice - User and Session Slice.
[    2.877932] systemd[1]: Started systemd-ask-password-wall.path - Forward Password Requests to Wall Directory Watch.
[    2.878062] systemd[1]: Set up automount proc-sys-fs-binfmt_misc.automount - Arbitrary Executable File Formats File System Automount Point.
[    2.878079] systemd[1]: Expecting device dev-disk-by\x2dpartuuid-a456ed73\x2d01.device - /dev/disk/by-partuuid/a456ed73-01...
[    2.878086] systemd[1]: Expecting device dev-dri-card0.device - /dev/dri/card0...
[    2.878094] systemd[1]: Expecting device dev-dri-renderD128.device - /dev/dri/renderD128...
[    2.878101] systemd[1]: Expecting device dev-ttyAMA10.device - /dev/ttyAMA10...
[    2.878121] systemd[1]: Reached target integritysetup.target - Local Integrity Protected Volumes.
[    2.878143] systemd[1]: Reached target network-pre.target - Preparation for Network.
[    2.878156] systemd[1]: Reached target nss-user-lookup.target - User and Group Name Lookups.
[    2.878177] systemd[1]: Reached target slices.target - Slice Units.
[    2.878196] systemd[1]: Reached target swap.target - Swaps.
[    2.878216] systemd[1]: Reached target veritysetup.target - Local Verity Protected Volumes.
[    2.878311] systemd[1]: Listening on systemd-fsckd.socket - fsck to fsckd communication Socket.
[    2.878361] systemd[1]: Listening on systemd-initctl.socket - initctl Compatibility Named Pipe.
[    2.878544] systemd[1]: Listening on systemd-journald-audit.socket - Journal Audit Socket.
[    2.878622] systemd[1]: Listening on systemd-journald-dev-log.socket - Journal Socket (/dev/log).
[    2.878704] systemd[1]: Listening on systemd-journald.socket - Journal Socket.
[    2.878810] systemd[1]: Listening on systemd-udevd-control.socket - udev Control Socket.
[    2.878870] systemd[1]: Listening on systemd-udevd-kernel.socket - udev Kernel Socket.
[    2.878972] systemd[1]: dev-hugepages.mount - Huge Pages File System was skipped because of an unmet condition check (ConditionPathExists=/sys/kernel/mm/hugepages).
[    2.879475] systemd[1]: Mounting dev-mqueue.mount - POSIX Message Queue File System...
[    2.880082] systemd[1]: Mounting sys-kernel-debug.mount - Kernel Debug File System...
[    2.880715] systemd[1]: Mounting sys-kernel-tracing.mount - Kernel Trace File System...
[    2.880892] systemd[1]: auth-rpcgss-module.service - Kernel Module supporting RPCSEC_GSS was skipped because of an unmet condition check (ConditionPathExists=/etc/krb5.keytab).
[    2.883650] systemd[1]: Starting fake-hwclock.service - Restore / save the current clock...
[    2.885190] systemd[1]: Starting keyboard-setup.service - Set the console keyboard layout...
[    2.886033] systemd[1]: Starting kmod-static-nodes.service - Create List of Static Device Nodes...
[    2.887041] systemd[1]: Starting modprobe@configfs.service - Load Kernel Module configfs...
[    2.888243] systemd[1]: Starting modprobe@dm_mod.service - Load Kernel Module dm_mod...
[    2.889713] systemd[1]: Starting modprobe@drm.service - Load Kernel Module drm...
[    2.891189] systemd[1]: Starting modprobe@efi_pstore.service - Load Kernel Module efi_pstore...
[    2.892464] systemd[1]: Starting modprobe@fuse.service - Load Kernel Module fuse...
[    2.893642] systemd[1]: Starting modprobe@loop.service - Load Kernel Module loop...
[    2.893790] systemd[1]: systemd-fsck-root.service - File System Check on Root Device was skipped because of an unmet condition check (ConditionPathExists=!/run/initramfs/fsck-root).
[    2.896965] systemd[1]: Starting systemd-journald.service - Journal Service...
[    2.902804] device-mapper: ioctl: 4.48.0-ioctl (2023-03-01) initialised: dm-devel@lists.linux.dev
[    2.940160] fuse: init (API version 7.41)
[    2.945059] systemd[1]: Starting systemd-modules-load.service - Load Kernel Modules...
[    2.946046] systemd[1]: Starting systemd-remount-fs.service - Remount Root and Kernel File Systems...
[    2.946939] systemd[1]: Starting systemd-udev-trigger.service - Coldplug All udev Devices...
[    2.948492] systemd[1]: Mounted dev-mqueue.mount - POSIX Message Queue File System.
[    2.948865] systemd[1]: Mounted sys-kernel-debug.mount - Kernel Debug File System.
[    2.949210] systemd[1]: Mounted sys-kernel-tracing.mount - Kernel Trace File System.
[    2.952929] systemd[1]: Finished fake-hwclock.service - Restore / save the current clock.
[    2.953351] systemd[1]: Finished kmod-static-nodes.service - Create List of Static Device Nodes.
[    2.953627] systemd[1]: modprobe@configfs.service: Deactivated successfully.
[    2.953713] systemd[1]: Finished modprobe@configfs.service - Load Kernel Module configfs.
[    2.953889] systemd[1]: modprobe@dm_mod.service: Deactivated successfully.
[    2.953971] systemd[1]: Finished modprobe@dm_mod.service - Load Kernel Module dm_mod.
[    2.954134] systemd[1]: modprobe@drm.service: Deactivated successfully.
[    2.954205] systemd[1]: Finished modprobe@drm.service - Load Kernel Module drm.
[    2.954363] systemd[1]: modprobe@efi_pstore.service: Deactivated successfully.
[    2.954438] systemd[1]: Finished modprobe@efi_pstore.service - Load Kernel Module efi_pstore.
[    2.954589] systemd[1]: modprobe@fuse.service: Deactivated successfully.
[    2.954658] systemd[1]: Finished modprobe@fuse.service - Load Kernel Module fuse.
[    2.954809] systemd[1]: modprobe@loop.service: Deactivated successfully.
[    2.954879] systemd[1]: Finished modprobe@loop.service - Load Kernel Module loop.
[    2.955650] systemd[1]: Mounting sys-fs-fuse-connections.mount - FUSE Control File System...
[    2.956617] systemd[1]: Mounting sys-kernel-config.mount - Kernel Configuration File System...
[    2.956783] systemd[1]: systemd-repart.service - Repartition Root Disk was skipped because no trigger condition checks were met.
[    2.958544] systemd[1]: Mounted sys-fs-fuse-connections.mount - FUSE Control File System.
[    2.958800] systemd[1]: Mounted sys-kernel-config.mount - Kernel Configuration File System.
[    2.964515] systemd[1]: Started systemd-journald.service - Journal Service.
[    3.005486] EXT4-fs (mmcblk0p2): re-mounted 2dbb916c-da39-44e1-9626-6d56778b82a1 r/w.
[    3.020523] i2c_dev: i2c /dev entries driver
[    3.090128] systemd-journald[326]: Received client request to flush runtime journal.
[    3.538138] rp1-firmware rp1_firmware: RP1 Firmware version eb39cfd516f8c90628aa9d91f52370aade5d0a55
[    3.538287] rp1-pio 1f00178000.pio: Created instance as pio0
[    3.583994] rpi-gpiomem 107d508500.gpiomem: window base 0x107d508500 size 0x00000040
[    3.584087] rpi-gpiomem 107d508500.gpiomem: initialised 1 regions as /dev/gpiomem1
[    3.584127] rpi-gpiomem 107d517c00.gpiomem: window base 0x107d517c00 size 0x00000040
[    3.584401] rpi-gpiomem 107d517c00.gpiomem: initialised 1 regions as /dev/gpiomem2
[    3.584472] rpi-gpiomem 107d504100.gpiomem: window base 0x107d504100 size 0x00000020
[    3.584524] rpi-gpiomem 107d504100.gpiomem: initialised 1 regions as /dev/gpiomem3
[    3.584544] rpi-gpiomem 107d510700.gpiomem: window base 0x107d510700 size 0x00000020
[    3.584570] rpi-gpiomem 107d510700.gpiomem: initialised 1 regions as /dev/gpiomem4
[    3.584646] rpi-gpiomem 1f000d0000.gpiomem: window base 0x1f000d0000 size 0x00030000
[    3.584674] rpi-gpiomem 1f000d0000.gpiomem: initialised 1 regions as /dev/gpiomem0
[    3.794528] mc: Linux media interface: v0.10
[    3.920851] hailo_pci: loading out-of-tree module taints kernel.
[    3.921370] FUNC_ENTRY: Entering function hailo_pcie_module_init at hailort-drivers/linux/pcie/src/pcie.c:1562
[    3.921374] hailo: Init module. driver version 4.20.0
[    3.921375] FUNC_ENTRY: Entering function hailo_pcie_register_chrdev at hailort-drivers/linux/pcie/src/pcie.c:1543
[    3.921453] FUNC_ENTRY: Entering function hailo_pcie_probe at hailort-drivers/linux/pcie/src/pcie.c:1223
[    3.921457] hailo 0001:01:00.0: Probing on: 1e60:2864...
[    3.921459] hailo 0001:01:00.0: Probing: Allocate memory for device extension, 13184
[    3.921473] hailo 0001:01:00.0: enabling device (0000 -> 0002)
[    3.921478] hailo 0001:01:00.0: Probing: Device enabled
[    3.921480] FUNC_ENTRY: Entering function pcie_resources_init at hailort-drivers/linux/pcie/src/pcie.c:1060
[    3.921488] FUNC_ENTRY: Entering function hailo_bar_iomap at hailort-drivers/linux/pcie/src/pcie.c:1033
[    3.921494] hailo 0001:01:00.0: Probing: mapped bar 0 - 000000004e69aaed 16384
[    3.921497] FUNC_ENTRY: Entering function hailo_bar_iomap at hailort-drivers/linux/pcie/src/pcie.c:1033
[    3.921500] hailo 0001:01:00.0: Probing: mapped bar 2 - 0000000077512a29 4096
[    3.921502] FUNC_ENTRY: Entering function hailo_bar_iomap at hailort-drivers/linux/pcie/src/pcie.c:1033
[    3.921504] hailo 0001:01:00.0: Probing: mapped bar 4 - 00000000cfd1f7d9 16384
[    3.921507] FUNC_ENTRY: Entering function hailo_get_desc_page_size at hailort-drivers/linux/pcie/src/pcie.c:97
[    3.921508] hailo 0001:01:00.0: Probing: Force setting max_desc_page_size to 4096 (recommended value is 16384)
[    3.921511] FUNC_ENTRY: Entering function hailo_pcie_vdma_controller_init at hailort-drivers/linux/pcie/src/pcie.c:1153
[    3.921512] FUNC_ENTRY: Entering function hailo_vdma_controller_init at hailort-drivers/linux/pcie/../vdma/vdma.c:78
[    3.921514] FUNC_ENTRY: Entering function init_vdma_engines at hailort-drivers/linux/pcie/../vdma/vdma.c:33
[    3.921519] FUNC_ENTRY: Entering function hailo_set_dma_mask at hailort-drivers/linux/pcie/../vdma/vdma.c:52
[    3.921521] hailo 0001:01:00.0: Probing: Enabled 64 bit dma
[    3.921522] FUNC_ENTRY: Entering function hailo_get_allocation_mode at hailort-drivers/linux/pcie/src/pcie.c:1190
[    3.921523] FUNC_ENTRY: Entering function is_kmalloc_dma_capable at hailort-drivers/linux/pcie/src/pcie.c:1164
[    3.921525] hailo 0001:01:00.0: Probing: Using userspace allocated vdma buffers
[    3.921527] FUNC_ENTRY: Entering function hailo_activate_board at hailort-drivers/linux/pcie/src/pcie.c:946
[    3.921528] FUNC_ENTRY: Entering function hailo_pcie_disable_aspm at hailort-drivers/linux/pcie/src/pcie.c:175
[    3.921531] hailo 0001:01:00.0: Disabling ASPM L0s 
[    3.921533] hailo 0001:01:00.0: Successfully disabled ASPM L0s 
[    3.921535] FUNC_ENTRY: Entering function enable_boot_interrupts at hailort-drivers/linux/pcie/src/pcie.c:926
[    3.921536] FUNC_ENTRY: Entering function hailo_enable_interrupts at hailort-drivers/linux/pcie/src/pcie.c:983
[    3.921609] FUNC_ENTRY: Entering function load_firmware at hailort-drivers/linux/pcie/src/pcie.c:912
[    3.921611] FUNC_ENTRY: Entering function load_nnc_firmware at hailort-drivers/linux/pcie/src/pcie.c:847
[    3.921613] hailo 0001:01:00.0: Writing file hailo/hailo8_fw.bin
[    3.971897] videodev: Linux video capture interface: v2.00
[    4.111625] hailo 0001:01:00.0: File hailo/hailo8_fw.bin written successfully
[    4.111634] hailo 0001:01:00.0: Writing file hailo/hailo8_board_cfg.bin
[    4.111656] Failed to write file hailo/hailo8_board_cfg.bin
[    4.111658] hailo 0001:01:00.0: File hailo/hailo8_board_cfg.bin written successfully
[    4.111660] hailo 0001:01:00.0: Writing file hailo/hailo8_fw_cfg.bin
[    4.111667] Failed to write file hailo/hailo8_fw_cfg.bin
[    4.111669] hailo 0001:01:00.0: File hailo/hailo8_fw_cfg.bin written successfully
[    4.111682] FUNC_ENTRY: Entering function wait_for_firmware_completion at hailort-drivers/linux/pcie/src/pcie.c:320
[    4.156855] pispbe 1000880000.pisp_be: bcm2712_iommu_of_xlate: MMU 1000005100.iommu
[    4.156862] pispbe 1000880000.pisp_be: bcm2712_iommu_probe_device: MMU 1000005100.iommu
[    4.156867] pispbe 1000880000.pisp_be: bcm2712_iommu_device_group: MMU 1000005100.iommu
[    4.156872] pispbe 1000880000.pisp_be: Adding to iommu group 0
[    4.156876] pispbe 1000880000.pisp_be: bcm2712_iommu_attach_dev: MMU 1000005100.iommu
[    4.157709] rpi-hevc-dec 1000800000.codec: bcm2712_iommu_of_xlate: MMU 1000005100.iommu
[    4.157715] rpi-hevc-dec 1000800000.codec: bcm2712_iommu_probe_device: MMU 1000005100.iommu
[    4.157720] rpi-hevc-dec 1000800000.codec: bcm2712_iommu_device_group: MMU 1000005100.iommu
[    4.157723] rpi-hevc-dec 1000800000.codec: Adding to iommu group 0
[    4.157726] rpi-hevc-dec 1000800000.codec: bcm2712_iommu_attach_dev: MMU 1000005100.iommu
[    4.160142] rpi-hevc-dec 1000800000.codec: Device registered as /dev/video19
[    4.178444] Bluetooth: Core ver 2.22
[    4.178478] NET: Registered PF_BLUETOOTH protocol family
[    4.178480] Bluetooth: HCI device and connection manager initialized
[    4.178487] Bluetooth: HCI socket layer initialized
[    4.178490] Bluetooth: L2CAP socket layer initialized
[    4.178493] Bluetooth: SCO socket layer initialized
[    4.229437] Bluetooth: HCI UART driver ver 2.3
[    4.229449] Bluetooth: HCI UART protocol H4 registered
[    4.229497] Bluetooth: HCI UART protocol Three-wire (H5) registered
[    4.229652] hci_uart_bcm serial0-0: supply vbat not found, using dummy regulator
[    4.229702] hci_uart_bcm serial0-0: supply vddio not found, using dummy regulator
[    4.229729] Bluetooth: HCI UART protocol Broadcom registered
[    4.241758] cfg80211: Loading compiled-in X.509 certificates for regulatory database
[    4.245473] Loaded X.509 cert 'benh@debian.org: 577e021cb980e0e820821ba7b54b4961b8b4fadf'
[    4.245671] Loaded X.509 cert 'romain.perier@gmail.com: 3abbc6ec146e09d1b6016ab9d6cf71dd233f0328'
[    4.245866] Loaded X.509 cert 'sforshee: 00b28ddf47aef9cea7'
[    4.246055] Loaded X.509 cert 'wens: 61c038651aabdcf94bd0ac7ff06c7248db18c600'
[    4.248259] hailo 0001:01:00.0: NNC Firmware loaded successfully
[    4.248264] hailo 0001:01:00.0: FW loaded, took 326 ms
[    4.248266] FUNC_ENTRY: Entering function disable_boot_interrupts at hailort-drivers/linux/pcie/src/pcie.c:939
[    4.248268] FUNC_ENTRY: Entering function hailo_disable_interrupts at hailort-drivers/linux/pcie/src/pcie.c:1014
[    4.248318] FUNC_ENTRY: Entering function power_mode_enabled at hailort-drivers/linux/pcie/src/pcie.c:82
[    4.260340] FUNC_ENTRY: Entering function hailo_pcie_insert_board at hailort-drivers/linux/pcie/src/pcie.c:267
[    4.260448] hailo 0001:01:00.0: Probing: Added board 1e60-2864, /dev/hailo0
[    4.540951] brcmfmac: F1 signature read @0x18000000=0x15264345
[    4.542195] brcmfmac: brcmf_fw_alloc_request: using brcm/brcmfmac43455-sdio for chip BCM4345/6
[    4.542363] usbcore: registered new interface driver brcmfmac
[    4.565257] Bluetooth: hci0: BCM: chip id 107
[    4.565456] Bluetooth: hci0: BCM: features 0x2f
[    4.566493] Bluetooth: hci0: BCM4345C0
[    4.566494] Bluetooth: hci0: BCM4345C0 (003.001.025) build 0000
[    4.595973] Bluetooth: hci0: BCM4345C0 'brcm/BCM4345C0.raspberrypi,5-model-b.hcd' Patch
[    4.935784] brcmfmac: brcmf_c_process_txcap_blob: no txcap_blob available (err=-2)
[    4.936017] brcmfmac: brcmf_c_preinit_dcmds: Firmware: BCM4345/6 wl0: Aug 29 2023 01:47:08 version 7.45.265 (28bca26 CY) FWID 01-b677b91b
[    5.245496] Bluetooth: hci0: BCM: features 0x2f
[    5.246865] Bluetooth: hci0: BCM43455 37.4MHz Raspberry Pi 3+-0190
[    5.246870] Bluetooth: hci0: BCM4345C0 (003.001.025) build 0382
[    5.247164] Bluetooth: hci0: BCM: Using default device address (43:45:c0:00:1f:ac)
[    5.839727] Adding 524272k swap on /var/swap.  Priority:-2 extents:4 across:5816320k SS
[    6.236309] Bluetooth: BNEP (Ethernet Emulation) ver 1.3
[    6.236317] Bluetooth: BNEP filters: protocol multicast
[    6.236323] Bluetooth: BNEP socket layer initialized
[    6.237772] Bluetooth: MGMT ver 1.23
[    6.267925] NET: Registered PF_ALG protocol family
[    8.222265] macb 1f00100000.ethernet eth0: PHY [1f00100000.ethernet-ffffffff:01] driver [Broadcom BCM54213PE] (irq=POLL)
[    8.222274] macb 1f00100000.ethernet eth0: configuring for phy/rgmii-id link mode
[    8.225769] macb 1f00100000.ethernet: gem-ptp-timer ptp clock registered.
[    8.236580] brcmfmac: brcmf_cfg80211_set_power_mgmt: power save enabled
[    9.040180] tun: Universal TUN/TAP device driver, 1.6
[   11.873229] Bluetooth: RFCOMM TTY layer initialized
[   11.873243] Bluetooth: RFCOMM socket layer initialized
[   11.873252] Bluetooth: RFCOMM ver 1.11
[   12.326772] macb 1f00100000.ethernet eth0: Link is Up - 1Gbps/Full - flow control off
