[  311.531436] USER_COPY_CONTEXT: Process PID=7943, COMM=tidlrt_clasific
[  311.538256] FUNC_ENTRY: Entering function virtio_rpmsg_create_ept at drivers/rpmsg/virtio_rpmsg_bus.c:285
[  311.548303] USER_COPY: About to call copy_from_user from function rpmsg_ctrldev_ioctl at drivers/rpmsg/rpmsg_ctrl.c:84
[  311.559026] USER_COPY_CONTEXT: Process PID=7943, COMM=tidlrt_clasific
[  311.565867] FUNC_ENTRY: Entering function virtio_rpmsg_create_ept at drivers/rpmsg/virtio_rpmsg_bus.c:285
[  311.576230] USER_COPY: About to call copy_from_user from function rpmsg_ctrldev_ioctl at drivers/rpmsg/rpmsg_ctrl.c:84
[  311.586958] USER_COPY_CONTEXT: Process PID=7943, COMM=tidlrt_clasific
[  311.593797] FUNC_ENTRY: Entering function virtio_rpmsg_create_ept at drivers/rpmsg/virtio_rpmsg_bus.c:285
[  311.604000] USER_COPY: About to call copy_from_user from function rpmsg_ctrldev_ioctl at drivers/rpmsg/rpmsg_ctrl.c:84
[  311.614746] USER_COPY_CONTEXT: Process PID=7943, COMM=tidlrt_clasific
[  311.621576] FUNC_ENTRY: Entering function virtio_rpmsg_create_ept at drivers/rpmsg/virtio_rpmsg_bus.c:285
[  311.631616] USER_COPY: About to call copy_from_user from function rpmsg_ctrldev_ioctl at drivers/rpmsg/rpmsg_ctrl.c:84
[  311.642335] USER_COPY_CONTEXT: Process PID=7943, COMM=tidlrt_clasific
[  311.649162] FUNC_ENTRY: Entering function virtio_rpmsg_create_ept at drivers/rpmsg/virtio_rpmsg_bus.c:285
[  311.659618] USER_COPY: About to call copy_from_user from function rpmsg_ctrldev_ioctl at drivers/rpmsg/rpmsg_ctrl.c:84
[  311.670379] USER_COPY_CONTEXT: Process PID=7943, COMM=tidlrt_clasific
[  311.684404] FUNC_ENTRY: Entering function virtio_rpmsg_create_ept at drivers/rpmsg/virtio_rpmsg_bus.c:285
[  311.694492] USER_COPY: About to call copy_from_user from function rpmsg_ctrldev_ioctl at drivers/rpmsg/rpmsg_ctrl.c:84
[  311.705438] USER_COPY_CONTEXT: Process PID=7943, COMM=tidlrt_clasific
[  311.712847] FUNC_ENTRY: Entering function virtio_rpmsg_create_ept at drivers/rpmsg/virtio_rpmsg_bus.c:285
[  311.723833] USER_COPY: About to call copy_from_user from function rpmsg_ctrldev_ioctl at drivers/rpmsg/rpmsg_ctrl.c:84
[  311.735328] USER_COPY_CONTEXT: Process PID=7943, COMM=tidlrt_clasific
[  311.742940] FUNC_ENTRY: Entering function virtio_rpmsg_create_ept at drivers/rpmsg/virtio_rpmsg_bus.c:285
[  311.753819] USER_COPY: About to call copy_from_user from function rpmsg_ctrldev_ioctl at drivers/rpmsg/rpmsg_ctrl.c:84
[  311.765019] USER_COPY_CONTEXT: Process PID=7943, COMM=tidlrt_clasific
[  311.774651] FUNC_ENTRY: Entering function virtio_rpmsg_create_ept at drivers/rpmsg/virtio_rpmsg_bus.c:285
[  311.784717] USER_COPY: About to call copy_from_user from function rpmsg_ctrldev_ioctl at drivers/rpmsg/rpmsg_ctrl.c:84
[  311.795435] USER_COPY_CONTEXT: Process PID=7943, COMM=tidlrt_clasific
[  311.803755] FUNC_ENTRY: Entering function virtio_rpmsg_create_ept at drivers/rpmsg/virtio_rpmsg_bus.c:285
[  311.834840] FUNC_ENTRY: Entering function carveout_dma_heap_allocate at drivers/dma-buf/heaps/carveout-heap.c:289
[  311.845296] DMA_INSTRUMENT: About to call dma_buf_export from function carveout_dma_heap_allocate at drivers/dma-buf/heaps/carveout-heap.c:319
[  311.858510] DMA_STACK_START: Stack trace for dma_buf_export called from carveout_dma_heap_allocate
[  311.867838] CPU: 1 PID: 7943 Comm: tidlrt_clasific Not tainted 6.1.80-dirty #33
[  311.875138] Hardware name: Texas Instruments J721E SK (DT)
[  311.880607] Call trace:
[  311.883041]  dump_backtrace.part.0+0xdc/0xf0
[  311.887309]  show_stack+0x18/0x30
[  311.890612]  dump_stack_lvl+0x68/0x84
[  311.894263]  dump_stack+0x18/0x34
[  311.897565]  carveout_dma_heap_allocate+0x164/0x1f4
[  311.902429]  dma_heap_ioctl+0x128/0x300
[  311.906252]  __arm64_sys_ioctl+0xa8/0xf0
[  311.910167]  invoke_syscall+0x48/0x114
[  311.913905]  el0_svc_common.constprop.0+0xd4/0xfc
[  311.918595]  do_el0_svc+0x20/0x30
[  311.921896]  el0_svc+0x28/0xa0
[  311.924941]  el0t_64_sync_handler+0xbc/0x140
[  311.929196]  el0t_64_sync+0x18c/0x190
[  311.932929] DMA_STACK_END: End of stack trace for dma_buf_export
[  311.938993] FUNC_ENTRY: Entering function dma_heap_mmap at drivers/dma-buf/heaps/carveout-heap.c:207
[  311.948226] USER_COPY: About to call copy_from_user from function dma_buf_phys_ioctl at drivers/misc/dma-buf-phys.c:173
[  311.959016] USER_COPY_CONTEXT: Process PID=7943, COMM=tidlrt_clasific
[  311.965460] DMA_INSTRUMENT: About to call dma_buf_get from function dma_buf_phys_convert at drivers/misc/dma-buf-phys.c:87
[  311.976504] DMA_STACK_START: Stack trace for dma_buf_get called from dma_buf_phys_convert
[  311.984689] CPU: 1 PID: 7943 Comm: tidlrt_clasific Not tainted 6.1.80-dirty #33
[  311.991986] Hardware name: Texas Instruments J721E SK (DT)
[  311.997454] Call trace:
[  311.999888]  dump_backtrace.part.0+0xdc/0xf0
[  312.004155]  show_stack+0x18/0x30
[  312.007458]  dump_stack_lvl+0x68/0x84
[  312.011109]  dump_stack+0x18/0x34
[  312.014412]  dma_buf_phys_ioctl+0x14c/0x3c0
[  312.018584]  __arm64_sys_ioctl+0xa8/0xf0
[  312.022495]  invoke_syscall+0x48/0x114
[  312.026231]  el0_svc_common.constprop.0+0xd4/0xfc
[  312.030920]  do_el0_svc+0x20/0x30
[  312.034221]  el0_svc+0x28/0xa0
[  312.037263]  el0t_64_sync_handler+0xbc/0x140
[  312.041520]  el0t_64_sync+0x18c/0x190
[  312.045194] DMA_STACK_END: End of stack trace for dma_buf_get
[  312.050942] DMA_INSTRUMENT: About to call dma_buf_attach from function dma_buf_phys_convert at drivers/misc/dma-buf-phys.c:96
[  312.064734] DMA_STACK_START: Stack trace for dma_buf_attach called from dma_buf_phys_convert
[  312.074436] CPU: 1 PID: 7943 Comm: tidlrt_clasific Not tainted 6.1.80-dirty #33
[  312.081740] Hardware name: Texas Instruments J721E SK (DT)
[  312.087208] Call trace:
[  312.089642]  dump_backtrace.part.0+0xdc/0xf0
[  312.093909]  show_stack+0x18/0x30
[  312.097212]  dump_stack_lvl+0x68/0x84
[  312.100862]  dump_stack+0x18/0x34
[  312.104164]  dma_buf_phys_ioctl+0x1b8/0x3c0
[  312.108335]  __arm64_sys_ioctl+0xa8/0xf0
[  312.112247]  invoke_syscall+0x48/0x114
[  312.115983]  el0_svc_common.constprop.0+0xd4/0xfc
[  312.120674]  do_el0_svc+0x20/0x30
[  312.123978]  el0_svc+0x28/0xa0
[  312.127023]  el0t_64_sync_handler+0xbc/0x140
[  312.131281]  el0t_64_sync+0x18c/0x190
[  312.135424] DMA_STACK_END: End of stack trace for dma_buf_attach
[  312.141445] FUNC_ENTRY: Entering function dma_heap_attach at drivers/dma-buf/heaps/carveout-heap.c:55
[  312.150673] DMA_INSTRUMENT: About to call dma_buf_map_attachment from function dma_buf_phys_convert at drivers/misc/dma-buf-phys.c:106
[  312.162770] DMA_STACK_START: Stack trace for dma_buf_map_attachment called from dma_buf_phys_convert
[  312.171908] CPU: 1 PID: 7943 Comm: tidlrt_clasific Not tainted 6.1.80-dirty #33
[  312.179205] Hardware name: Texas Instruments J721E SK (DT)
[  312.184675] Call trace:
[  312.187109]  dump_backtrace.part.0+0xdc/0xf0
[  312.191376]  show_stack+0x18/0x30
[  312.194678]  dump_stack_lvl+0x68/0x84
[  312.198330]  dump_stack+0x18/0x34
[  312.201633]  dma_buf_phys_ioctl+0x258/0x3c0
[  312.205806]  __arm64_sys_ioctl+0xa8/0xf0
[  312.209718]  invoke_syscall+0x48/0x114
[  312.213455]  el0_svc_common.constprop.0+0xd4/0xfc
[  312.218144]  do_el0_svc+0x20/0x30
[  312.221446]  el0_svc+0x28/0xa0
[  312.224488]  el0t_64_sync_handler+0xbc/0x140
[  312.228744]  el0t_64_sync+0x18c/0x190
[  312.232444] DMA_STACK_END: End of stack trace for dma_buf_map_attachment
[  312.239151] FUNC_ENTRY: Entering function dma_heap_map_dma_buf at drivers/dma-buf/heaps/carveout-heap.c:107
[  312.248903] USER_COPY: About to call copy_to_user from function dma_buf_phys_ioctl at drivers/misc/dma-buf-phys.c:182
[  312.259512] USER_COPY_CONTEXT: Process PID=7943, COMM=tidlrt_clasific
[  312.266410] FUNC_ENTRY: Entering function carveout_dma_heap_allocate at drivers/dma-buf/heaps/carveout-heap.c:289
[  312.276693] DMA_INSTRUMENT: About to call dma_buf_export from function carveout_dma_heap_allocate at drivers/dma-buf/heaps/carveout-heap.c:319
[  312.289466] DMA_STACK_START: Stack trace for dma_buf_export called from carveout_dma_heap_allocate
[  312.298425] CPU: 1 PID: 7943 Comm: tidlrt_clasific Not tainted 6.1.80-dirty #33
[  312.305721] Hardware name: Texas Instruments J721E SK (DT)
[  312.311189] Call trace:
[  312.313624]  dump_backtrace.part.0+0xdc/0xf0
[  312.317891]  show_stack+0x18/0x30
[  312.321194]  dump_stack_lvl+0x68/0x84
[  312.324845]  dump_stack+0x18/0x34
[  312.328146]  carveout_dma_heap_allocate+0x164/0x1f4
[  312.333010]  dma_heap_ioctl+0x128/0x300
[  312.336833]  __arm64_sys_ioctl+0xa8/0xf0
[  312.340743]  invoke_syscall+0x48/0x114
[  312.344479]  el0_svc_common.constprop.0+0xd4/0xfc
[  312.349169]  do_el0_svc+0x20/0x30
[  312.352472]  el0_svc+0x28/0xa0
[  312.355515]  el0t_64_sync_handler+0xbc/0x140
[  312.359771]  el0t_64_sync+0x18c/0x190
[  312.363446] DMA_STACK_END: End of stack trace for dma_buf_export
[  312.369510] FUNC_ENTRY: Entering function dma_heap_mmap at drivers/dma-buf/heaps/carveout-heap.c:207
[  312.378848] USER_COPY: About to call copy_from_user from function dma_buf_phys_ioctl at drivers/misc/dma-buf-phys.c:173
[  312.389770] USER_COPY_CONTEXT: Process PID=7943, COMM=tidlrt_clasific
[  312.396254] DMA_INSTRUMENT: About to call dma_buf_get from function dma_buf_phys_convert at drivers/misc/dma-buf-phys.c:87
[  312.407337] DMA_STACK_START: Stack trace for dma_buf_get called from dma_buf_phys_convert
[  312.415537] CPU: 1 PID: 7943 Comm: tidlrt_clasific Not tainted 6.1.80-dirty #33
[  312.422836] Hardware name: Texas Instruments J721E SK (DT)
[  312.428307] Call trace:
[  312.430745]  dump_backtrace.part.0+0xdc/0xf0
[  312.435019]  show_stack+0x18/0x30
[  312.438328]  dump_stack_lvl+0x68/0x84
[  312.441982]  dump_stack+0x18/0x34
[  312.445287]  dma_buf_phys_ioctl+0x14c/0x3c0
[  312.449461]  __arm64_sys_ioctl+0xa8/0xf0
[  312.453376]  invoke_syscall+0x48/0x114
[  312.457114]  el0_svc_common.constprop.0+0xd4/0xfc
[  312.461803]  do_el0_svc+0x20/0x30
[  312.465106]  el0_svc+0x28/0xa0
[  312.468151]  el0t_64_sync_handler+0xbc/0x140
[  312.472408]  el0t_64_sync+0x18c/0x190
[  312.476087] DMA_STACK_END: End of stack trace for dma_buf_get
[  312.481834] DMA_INSTRUMENT: About to call dma_buf_attach from function dma_buf_phys_convert at drivers/misc/dma-buf-phys.c:96
[  312.493127] DMA_STACK_START: Stack trace for dma_buf_attach called from dma_buf_phys_convert
[  312.501568] CPU: 1 PID: 7943 Comm: tidlrt_clasific Not tainted 6.1.80-dirty #33
[  312.508864] Hardware name: Texas Instruments J721E SK (DT)
[  312.514332] Call trace:
[  312.516766]  dump_backtrace.part.0+0xdc/0xf0
[  312.521031]  show_stack+0x18/0x30
[  312.524333]  dump_stack_lvl+0x68/0x84
[  312.527984]  dump_stack+0x18/0x34
[  312.531287]  dma_buf_phys_ioctl+0x1b8/0x3c0
[  312.535457]  __arm64_sys_ioctl+0xa8/0xf0
[  312.539369]  invoke_syscall+0x48/0x114
[  312.543106]  el0_svc_common.constprop.0+0xd4/0xfc
[  312.547798]  do_el0_svc+0x20/0x30
[  312.551106]  el0_svc+0x28/0xa0
[  312.554153]  el0t_64_sync_handler+0xbc/0x140
[  312.558411]  el0t_64_sync+0x18c/0x190
[  312.562132] DMA_STACK_END: End of stack trace for dma_buf_attach
[  312.568151] FUNC_ENTRY: Entering function dma_heap_attach at drivers/dma-buf/heaps/carveout-heap.c:55
[  312.577391] DMA_INSTRUMENT: About to call dma_buf_map_attachment from function dma_buf_phys_convert at drivers/misc/dma-buf-phys.c:106
[  312.589495] DMA_STACK_START: Stack trace for dma_buf_map_attachment called from dma_buf_phys_convert
[  312.598662] CPU: 1 PID: 7943 Comm: tidlrt_clasific Not tainted 6.1.80-dirty #33
[  312.605961] Hardware name: Texas Instruments J721E SK (DT)
[  312.611433] Call trace:
[  312.613869]  dump_backtrace.part.0+0xdc/0xf0
[  312.618140]  show_stack+0x18/0x30
[  312.621447]  dump_stack_lvl+0x68/0x84
[  312.625101]  dump_stack+0x18/0x34
[  312.628405]  dma_buf_phys_ioctl+0x258/0x3c0
[  312.632580]  __arm64_sys_ioctl+0xa8/0xf0
[  312.636494]  invoke_syscall+0x48/0x114
[  312.640232]  el0_svc_common.constprop.0+0xd4/0xfc
[  312.644923]  do_el0_svc+0x20/0x30
[  312.648226]  el0_svc+0x28/0xa0
[  312.651269]  el0t_64_sync_handler+0xbc/0x140
[  312.655524]  el0t_64_sync+0x18c/0x190
[  312.659238] DMA_STACK_END: End of stack trace for dma_buf_map_attachment
[  312.665975] FUNC_ENTRY: Entering function dma_heap_map_dma_buf at drivers/dma-buf/heaps/carveout-heap.c:107
[  312.676550] USER_COPY: About to call copy_to_user from function dma_buf_phys_ioctl at drivers/misc/dma-buf-phys.c:182
[  312.687190] USER_COPY_CONTEXT: Process PID=7943, COMM=tidlrt_clasific
[  312.701536] FUNC_ENTRY: Entering function carveout_dma_heap_allocate at drivers/dma-buf/heaps/carveout-heap.c:289
[  312.711834] DMA_INSTRUMENT: About to call dma_buf_export from function carveout_dma_heap_allocate at drivers/dma-buf/heaps/carveout-heap.c:319
[  312.724689] DMA_STACK_START: Stack trace for dma_buf_export called from carveout_dma_heap_allocate
[  312.733675] CPU: 1 PID: 7943 Comm: tidlrt_clasific Not tainted 6.1.80-dirty #33
[  312.740970] Hardware name: Texas Instruments J721E SK (DT)
[  312.746441] Call trace:
[  312.748877]  dump_backtrace.part.0+0xdc/0xf0
[  312.753148]  show_stack+0x18/0x30
[  312.756454]  dump_stack_lvl+0x68/0x84
[  312.760109]  dump_stack+0x18/0x34
[  312.763413]  carveout_dma_heap_allocate+0x164/0x1f4
[  312.768281]  dma_heap_ioctl+0x128/0x300
[  312.772106]  __arm64_sys_ioctl+0xa8/0xf0
[  312.776020]  invoke_syscall+0x48/0x114
[  312.779760]  el0_svc_common.constprop.0+0xd4/0xfc
[  312.784453]  do_el0_svc+0x20/0x30
[  312.787758]  el0_svc+0x28/0xa0
[  312.790805]  el0t_64_sync_handler+0xbc/0x140
[  312.795064]  el0t_64_sync+0x18c/0x190
[  312.798960] DMA_STACK_END: End of stack trace for dma_buf_export
[  312.805024] FUNC_ENTRY: Entering function dma_heap_mmap at drivers/dma-buf/heaps/carveout-heap.c:207
[  312.814241] USER_COPY: About to call copy_from_user from function dma_buf_phys_ioctl at drivers/misc/dma-buf-phys.c:173
[  312.825028] USER_COPY_CONTEXT: Process PID=7943, COMM=tidlrt_clasific
[  312.831472] DMA_INSTRUMENT: About to call dma_buf_get from function dma_buf_phys_convert at drivers/misc/dma-buf-phys.c:87
[  312.842502] DMA_STACK_START: Stack trace for dma_buf_get called from dma_buf_phys_convert
[  312.850690] CPU: 1 PID: 7943 Comm: tidlrt_clasific Not tainted 6.1.80-dirty #33
[  312.857988] Hardware name: Texas Instruments J721E SK (DT)
[  312.863459] Call trace:
[  312.865894]  dump_backtrace.part.0+0xdc/0xf0
[  312.870164]  show_stack+0x18/0x30
[  312.873470]  dump_stack_lvl+0x68/0x84
[  312.877122]  dump_stack+0x18/0x34
[  312.880424]  dma_buf_phys_ioctl+0x14c/0x3c0
[  312.884597]  __arm64_sys_ioctl+0xa8/0xf0
[  312.888510]  invoke_syscall+0x48/0x114
[  312.892246]  el0_svc_common.constprop.0+0xd4/0xfc
[  312.896935]  do_el0_svc+0x20/0x30
[  312.900236]  el0_svc+0x28/0xa0
[  312.903279]  el0t_64_sync_handler+0xbc/0x140
[  312.907535]  el0t_64_sync+0x18c/0x190
[  312.911213] DMA_STACK_END: End of stack trace for dma_buf_get
[  312.916969] DMA_INSTRUMENT: About to call dma_buf_attach from function dma_buf_phys_convert at drivers/misc/dma-buf-phys.c:96
[  312.928296] DMA_STACK_START: Stack trace for dma_buf_attach called from dma_buf_phys_convert
[  312.936752] CPU: 1 PID: 7943 Comm: tidlrt_clasific Not tainted 6.1.80-dirty #33
[  312.944049] Hardware name: Texas Instruments J721E SK (DT)
[  312.949518] Call trace:
[  312.951953]  dump_backtrace.part.0+0xdc/0xf0
[  312.956220]  show_stack+0x18/0x30
[  312.959522]  dump_stack_lvl+0x68/0x84
[  312.963174]  dump_stack+0x18/0x34
[  312.966476]  dma_buf_phys_ioctl+0x1b8/0x3c0
[  312.970647]  __arm64_sys_ioctl+0xa8/0xf0
[  312.974559]  invoke_syscall+0x48/0x114
[  312.978294]  el0_svc_common.constprop.0+0xd4/0xfc
[  312.982985]  do_el0_svc+0x20/0x30
[  312.986288]  el0_svc+0x28/0xa0
[  312.989330]  el0t_64_sync_handler+0xbc/0x140
[  312.993585]  el0t_64_sync+0x18c/0x190
[  312.997278] DMA_STACK_END: End of stack trace for dma_buf_attach
[  313.003304] FUNC_ENTRY: Entering function dma_heap_attach at drivers/dma-buf/heaps/carveout-heap.c:55
[  313.012560] DMA_INSTRUMENT: About to call dma_buf_map_attachment from function dma_buf_phys_convert at drivers/misc/dma-buf-phys.c:106
[  313.024654] DMA_STACK_START: Stack trace for dma_buf_map_attachment called from dma_buf_phys_convert
[  313.033781] CPU: 1 PID: 7943 Comm: tidlrt_clasific Not tainted 6.1.80-dirty #33
[  313.041074] Hardware name: Texas Instruments J721E SK (DT)
[  313.046543] Call trace:
[  313.048980]  dump_backtrace.part.0+0xdc/0xf0
[  313.053248]  show_stack+0x18/0x30
[  313.056554]  dump_stack_lvl+0x68/0x84
[  313.060207]  dump_stack+0x18/0x34
[  313.063510]  dma_buf_phys_ioctl+0x258/0x3c0
[  313.067683]  __arm64_sys_ioctl+0xa8/0xf0
[  313.071597]  invoke_syscall+0x48/0x114
[  313.075336]  el0_svc_common.constprop.0+0xd4/0xfc
[  313.080027]  do_el0_svc+0x20/0x30
[  313.083332]  el0_svc+0x28/0xa0
[  313.086379]  el0t_64_sync_handler+0xbc/0x140
[  313.090639]  el0t_64_sync+0x18c/0x190
[  313.094489] DMA_STACK_END: End of stack trace for dma_buf_map_attachment
[  313.101211] FUNC_ENTRY: Entering function dma_heap_map_dma_buf at drivers/dma-buf/heaps/carveout-heap.c:107
[  313.111043] USER_COPY: About to call copy_to_user from function dma_buf_phys_ioctl at drivers/misc/dma-buf-phys.c:182
[  313.121729] USER_COPY_CONTEXT: Process PID=7943, COMM=tidlrt_clasific
[  313.128351] FUNC_ENTRY: Entering function carveout_dma_heap_allocate at drivers/dma-buf/heaps/carveout-heap.c:289
[  313.138635] DMA_INSTRUMENT: About to call dma_buf_export from function carveout_dma_heap_allocate at drivers/dma-buf/heaps/carveout-heap.c:319
[  313.151419] DMA_STACK_START: Stack trace for dma_buf_export called from carveout_dma_heap_allocate
[  313.160408] CPU: 1 PID: 7943 Comm: tidlrt_clasific Not tainted 6.1.80-dirty #33
[  313.167707] Hardware name: Texas Instruments J721E SK (DT)
[  313.173176] Call trace:
[  313.175610]  dump_backtrace.part.0+0xdc/0xf0
[  313.179877]  show_stack+0x18/0x30
[  313.183182]  dump_stack_lvl+0x68/0x84
[  313.186836]  dump_stack+0x18/0x34
[  313.190141]  carveout_dma_heap_allocate+0x164/0x1f4
[  313.195007]  dma_heap_ioctl+0x128/0x300
[  313.198832]  __arm64_sys_ioctl+0xa8/0xf0
[  313.202745]  invoke_syscall+0x48/0x114
[  313.206483]  el0_svc_common.constprop.0+0xd4/0xfc
[  313.211174]  do_el0_svc+0x20/0x30
[  313.214478]  el0_svc+0x28/0xa0
[  313.217524]  el0t_64_sync_handler+0xbc/0x140
[  313.221784]  el0t_64_sync+0x18c/0x190
[  313.225574] DMA_STACK_END: End of stack trace for dma_buf_export
[  313.235968] FUNC_ENTRY: Entering function dma_heap_mmap at drivers/dma-buf/heaps/carveout-heap.c:207
[  313.246322] USER_COPY: About to call copy_from_user from function dma_buf_phys_ioctl at drivers/misc/dma-buf-phys.c:173
[  313.259432] USER_COPY_CONTEXT: Process PID=7943, COMM=tidlrt_clasific
[  313.269687] DMA_INSTRUMENT: About to call dma_buf_get from function dma_buf_phys_convert at drivers/misc/dma-buf-phys.c:87
[  313.290295] DMA_STACK_START: Stack trace for dma_buf_get called from dma_buf_phys_convert
[  313.299859] CPU: 1 PID: 7943 Comm: tidlrt_clasific Not tainted 6.1.80-dirty #33
[  313.307164] Hardware name: Texas Instruments J721E SK (DT)
[  313.312635] Call trace:
[  313.315071]  dump_backtrace.part.0+0xdc/0xf0
[  313.319341]  show_stack+0x18/0x30
[  313.322647]  dump_stack_lvl+0x68/0x84
[  313.326299]  dump_stack+0x18/0x34
[  313.329603]  dma_buf_phys_ioctl+0x14c/0x3c0
[  313.333776]  __arm64_sys_ioctl+0xa8/0xf0
[  313.337690]  invoke_syscall+0x48/0x114
[  313.341428]  el0_svc_common.constprop.0+0xd4/0xfc
[  313.346121]  do_el0_svc+0x20/0x30
[  313.349425]  el0_svc+0x28/0xa0
[  313.352470]  el0t_64_sync_handler+0xbc/0x140
[  313.356729]  el0t_64_sync+0x18c/0x190
[  313.361221] DMA_STACK_END: End of stack trace for dma_buf_get
[  313.369685] DMA_INSTRUMENT: About to call dma_buf_attach from function dma_buf_phys_convert at drivers/misc/dma-buf-phys.c:96
[  313.382165] DMA_STACK_START: Stack trace for dma_buf_attach called from dma_buf_phys_convert
[  313.395814] CPU: 1 PID: 7943 Comm: tidlrt_clasific Not tainted 6.1.80-dirty #33
[  313.403118] Hardware name: Texas Instruments J721E SK (DT)
[  313.408589] Call trace:
[  313.411026]  dump_backtrace.part.0+0xdc/0xf0
[  313.415299]  show_stack+0x18/0x30
[  313.418606]  dump_stack_lvl+0x68/0x84
[  313.422262]  dump_stack+0x18/0x34
[  313.425565]  dma_buf_phys_ioctl+0x1b8/0x3c0
[  313.429739]  __arm64_sys_ioctl+0xa8/0xf0
[  313.433656]  invoke_syscall+0x48/0x114
[  313.437397]  el0_svc_common.constprop.0+0xd4/0xfc
[  313.442090]  do_el0_svc+0x20/0x30
[  313.445395]  el0_svc+0x28/0xa0
[  313.448441]  el0t_64_sync_handler+0xbc/0x140
[  313.452700]  el0t_64_sync+0x18c/0x190
[  313.478500] DMA_STACK_END: End of stack trace for dma_buf_attach
[  313.492911] FUNC_ENTRY: Entering function dma_heap_attach at drivers/dma-buf/heaps/carveout-heap.c:55
[  313.509089] DMA_INSTRUMENT: About to call dma_buf_map_attachment from function dma_buf_phys_convert at drivers/misc/dma-buf-phys.c:106
[  313.536070] DMA_STACK_START: Stack trace for dma_buf_map_attachment called from dma_buf_phys_convert
[  313.560888] CPU: 1 PID: 7943 Comm: tidlrt_clasific Not tainted 6.1.80-dirty #33
[  313.568196] Hardware name: Texas Instruments J721E SK (DT)
[  313.573667] Call trace:
[  313.576104]  dump_backtrace.part.0+0xdc/0xf0
[  313.580375]  show_stack+0x18/0x30
[  313.583682]  dump_stack_lvl+0x68/0x84
[  313.587335]  dump_stack+0x18/0x34
[  313.590641]  dma_buf_phys_ioctl+0x258/0x3c0
[  313.594819]  __arm64_sys_ioctl+0xa8/0xf0
[  313.598734]  invoke_syscall+0x48/0x114
[  313.602473]  el0_svc_common.constprop.0+0xd4/0xfc
[  313.607165]  do_el0_svc+0x20/0x30
[  313.610470]  el0_svc+0x28/0xa0
[  313.613513]  el0t_64_sync_handler+0xbc/0x140
[  313.617769]  el0t_64_sync+0x18c/0x190
[  313.621659] DMA_STACK_END: End of stack trace for dma_buf_map_attachment
[  313.628371] FUNC_ENTRY: Entering function dma_heap_map_dma_buf at drivers/dma-buf/heaps/carveout-heap.c:107
[  313.638334] USER_COPY: About to call copy_to_user from function dma_buf_phys_ioctl at drivers/misc/dma-buf-phys.c:182
[  313.649019] USER_COPY_CONTEXT: Process PID=7943, COMM=tidlrt_clasific
[  313.655657] FUNC_ENTRY: Entering function carveout_dma_heap_allocate at drivers/dma-buf/heaps/carveout-heap.c:289
[  313.666028] DMA_INSTRUMENT: About to call dma_buf_export from function carveout_dma_heap_allocate at drivers/dma-buf/heaps/carveout-heap.c:319
[  313.678892] DMA_STACK_START: Stack trace for dma_buf_export called from carveout_dma_heap_allocate
[  313.688114] CPU: 1 PID: 7943 Comm: tidlrt_clasific Not tainted 6.1.80-dirty #33
[  313.695414] Hardware name: Texas Instruments J721E SK (DT)
[  313.700884] Call trace:
[  313.703319]  dump_backtrace.part.0+0xdc/0xf0
[  313.707587]  show_stack+0x18/0x30
[  313.710889]  dump_stack_lvl+0x68/0x84
[  313.714540]  dump_stack+0x18/0x34
[  313.717841]  carveout_dma_heap_allocate+0x164/0x1f4
[  313.722706]  dma_heap_ioctl+0x128/0x300
[  313.726530]  __arm64_sys_ioctl+0xa8/0xf0
[  313.730442]  invoke_syscall+0x48/0x114
[  313.734180]  el0_svc_common.constprop.0+0xd4/0xfc
[  313.738870]  do_el0_svc+0x20/0x30
[  313.742173]  el0_svc+0x28/0xa0
[  313.745215]  el0t_64_sync_handler+0xbc/0x140
[  313.749471]  el0t_64_sync+0x18c/0x190
[  313.753195] DMA_STACK_END: End of stack trace for dma_buf_export
[  313.759242] FUNC_ENTRY: Entering function dma_heap_mmap at drivers/dma-buf/heaps/carveout-heap.c:207
[  313.768513] USER_COPY: About to call copy_from_user from function dma_buf_phys_ioctl at drivers/misc/dma-buf-phys.c:173
[  313.779315] USER_COPY_CONTEXT: Process PID=7943, COMM=tidlrt_clasific
[  313.785769] DMA_INSTRUMENT: About to call dma_buf_get from function dma_buf_phys_convert at drivers/misc/dma-buf-phys.c:87
[  313.796827] DMA_STACK_START: Stack trace for dma_buf_get called from dma_buf_phys_convert
[  313.805009] CPU: 1 PID: 7943 Comm: tidlrt_clasific Not tainted 6.1.80-dirty #33
[  313.812306] Hardware name: Texas Instruments J721E SK (DT)
[  313.817775] Call trace:
[  313.820210]  dump_backtrace.part.0+0xdc/0xf0
[  313.824479]  show_stack+0x18/0x30
[  313.827782]  dump_stack_lvl+0x68/0x84
[  313.831435]  dump_stack+0x18/0x34
[  313.834737]  dma_buf_phys_ioctl+0x14c/0x3c0
[  313.838908]  __arm64_sys_ioctl+0xa8/0xf0
[  313.842820]  invoke_syscall+0x48/0x114
[  313.846556]  el0_svc_common.constprop.0+0xd4/0xfc
[  313.851245]  do_el0_svc+0x20/0x30
[  313.854548]  el0_svc+0x28/0xa0
[  313.857590]  el0t_64_sync_handler+0xbc/0x140
[  313.861847]  el0t_64_sync+0x18c/0x190
[  313.865524] DMA_STACK_END: End of stack trace for dma_buf_get
[  313.871284] DMA_INSTRUMENT: About to call dma_buf_attach from function dma_buf_phys_convert at drivers/misc/dma-buf-phys.c:96
[  313.882579] DMA_STACK_START: Stack trace for dma_buf_attach called from dma_buf_phys_convert
[  313.891017] CPU: 1 PID: 7943 Comm: tidlrt_clasific Not tainted 6.1.80-dirty #33
[  313.898313] Hardware name: Texas Instruments J721E SK (DT)
[  313.903781] Call trace:
[  313.906215]  dump_backtrace.part.0+0xdc/0xf0
[  313.910480]  show_stack+0x18/0x30
[  313.913783]  dump_stack_lvl+0x68/0x84
[  313.917434]  dump_stack+0x18/0x34
[  313.920736]  dma_buf_phys_ioctl+0x1b8/0x3c0
[  313.924906]  __arm64_sys_ioctl+0xa8/0xf0
[  313.928818]  invoke_syscall+0x48/0x114
[  313.932556]  el0_svc_common.constprop.0+0xd4/0xfc
[  313.937244]  do_el0_svc+0x20/0x30
[  313.940547]  el0_svc+0x28/0xa0
[  313.943590]  el0t_64_sync_handler+0xbc/0x140
[  313.947847]  el0t_64_sync+0x18c/0x190
[  313.951536] DMA_STACK_END: End of stack trace for dma_buf_attach
[  313.957543] FUNC_ENTRY: Entering function dma_heap_attach at drivers/dma-buf/heaps/carveout-heap.c:55
[  313.966765] DMA_INSTRUMENT: About to call dma_buf_map_attachment from function dma_buf_phys_convert at drivers/misc/dma-buf-phys.c:106
[  313.978843] DMA_STACK_START: Stack trace for dma_buf_map_attachment called from dma_buf_phys_convert
[  313.987971] CPU: 1 PID: 7943 Comm: tidlrt_clasific Not tainted 6.1.80-dirty #33
[  313.995266] Hardware name: Texas Instruments J721E SK (DT)
[  314.000734] Call trace:
[  314.003168]  dump_backtrace.part.0+0xdc/0xf0
[  314.007433]  show_stack+0x18/0x30
[  314.010736]  dump_stack_lvl+0x68/0x84
[  314.014386]  dump_stack+0x18/0x34
[  314.017688]  dma_buf_phys_ioctl+0x258/0x3c0
[  314.021860]  __arm64_sys_ioctl+0xa8/0xf0
[  314.025771]  invoke_syscall+0x48/0x114
[  314.029507]  el0_svc_common.constprop.0+0xd4/0xfc
[  314.034195]  do_el0_svc+0x20/0x30
[  314.037497]  el0_svc+0x28/0xa0
[  314.040540]  el0t_64_sync_handler+0xbc/0x140
[  314.044796]  el0t_64_sync+0x18c/0x190
[  314.048469] DMA_STACK_END: End of stack trace for dma_buf_map_attachment
[  314.055165] FUNC_ENTRY: Entering function dma_heap_map_dma_buf at drivers/dma-buf/heaps/carveout-heap.c:107
[  314.064938] USER_COPY: About to call copy_to_user from function dma_buf_phys_ioctl at drivers/misc/dma-buf-phys.c:182
[  314.075549] USER_COPY_CONTEXT: Process PID=7943, COMM=tidlrt_clasific
[  314.082370] FUNC_ENTRY: Entering function carveout_dma_heap_allocate at drivers/dma-buf/heaps/carveout-heap.c:289
[  314.092653] DMA_INSTRUMENT: About to call dma_buf_export from function carveout_dma_heap_allocate at drivers/dma-buf/heaps/carveout-heap.c:319
[  314.105425] DMA_STACK_START: Stack trace for dma_buf_export called from carveout_dma_heap_allocate
[  314.114392] CPU: 1 PID: 7943 Comm: tidlrt_clasific Not tainted 6.1.80-dirty #33
[  314.121690] Hardware name: Texas Instruments J721E SK (DT)
[  314.127159] Call trace:
[  314.129593]  dump_backtrace.part.0+0xdc/0xf0
[  314.133859]  show_stack+0x18/0x30
[  314.137162]  dump_stack_lvl+0x68/0x84
[  314.140815]  dump_stack+0x18/0x34
[  314.144119]  carveout_dma_heap_allocate+0x164/0x1f4
[  314.148984]  dma_heap_ioctl+0x128/0x300
[  314.152807]  __arm64_sys_ioctl+0xa8/0xf0
[  314.156720]  invoke_syscall+0x48/0x114
[  314.160458]  el0_svc_common.constprop.0+0xd4/0xfc
[  314.165148]  do_el0_svc+0x20/0x30
[  314.168451]  el0_svc+0x28/0xa0
[  314.171494]  el0t_64_sync_handler+0xbc/0x140
[  314.175750]  el0t_64_sync+0x18c/0x190
[  314.179431] DMA_STACK_END: End of stack trace for dma_buf_export
[  314.185481] FUNC_ENTRY: Entering function dma_heap_mmap at drivers/dma-buf/heaps/carveout-heap.c:207
[  314.194673] USER_COPY: About to call copy_from_user from function dma_buf_phys_ioctl at drivers/misc/dma-buf-phys.c:173
[  314.205457] USER_COPY_CONTEXT: Process PID=7943, COMM=tidlrt_clasific
[  314.211904] DMA_INSTRUMENT: About to call dma_buf_get from function dma_buf_phys_convert at drivers/misc/dma-buf-phys.c:87
[  314.222947] DMA_STACK_START: Stack trace for dma_buf_get called from dma_buf_phys_convert
[  314.231125] CPU: 1 PID: 7943 Comm: tidlrt_clasific Not tainted 6.1.80-dirty #33
[  314.238420] Hardware name: Texas Instruments J721E SK (DT)
[  314.243889] Call trace:
[  314.246323]  dump_backtrace.part.0+0xdc/0xf0
[  314.250590]  show_stack+0x18/0x30
[  314.253894]  dump_stack_lvl+0x68/0x84
[  314.257545]  dump_stack+0x18/0x34
[  314.260847]  dma_buf_phys_ioctl+0x14c/0x3c0
[  314.265017]  __arm64_sys_ioctl+0xa8/0xf0
[  314.268930]  invoke_syscall+0x48/0x114
[  314.272667]  el0_svc_common.constprop.0+0xd4/0xfc
[  314.277355]  do_el0_svc+0x20/0x30
[  314.280657]  el0_svc+0x28/0xa0
[  314.283699]  el0t_64_sync_handler+0xbc/0x140
[  314.287957]  el0t_64_sync+0x18c/0x190
[  314.291670] DMA_STACK_END: End of stack trace for dma_buf_get
[  314.297416] DMA_INSTRUMENT: About to call dma_buf_attach from function dma_buf_phys_convert at drivers/misc/dma-buf-phys.c:96
[  314.308735] DMA_STACK_START: Stack trace for dma_buf_attach called from dma_buf_phys_convert
[  314.317184] CPU: 1 PID: 7943 Comm: tidlrt_clasific Not tainted 6.1.80-dirty #33
[  314.324480] Hardware name: Texas Instruments J721E SK (DT)
[  314.329949] Call trace:
[  314.332383]  dump_backtrace.part.0+0xdc/0xf0
[  314.336648]  show_stack+0x18/0x30
[  314.339951]  dump_stack_lvl+0x68/0x84
[  314.343602]  dump_stack+0x18/0x34
[  314.346904]  dma_buf_phys_ioctl+0x1b8/0x3c0
[  314.351074]  __arm64_sys_ioctl+0xa8/0xf0
[  314.354987]  invoke_syscall+0x48/0x114
[  314.358727]  el0_svc_common.constprop.0+0xd4/0xfc
[  314.363421]  do_el0_svc+0x20/0x30
[  314.366727]  el0_svc+0x28/0xa0
[  314.369773]  el0t_64_sync_handler+0xbc/0x140
[  314.374032]  el0t_64_sync+0x18c/0x190
[  314.377719] DMA_STACK_END: End of stack trace for dma_buf_attach
[  314.383732] FUNC_ENTRY: Entering function dma_heap_attach at drivers/dma-buf/heaps/carveout-heap.c:55
[  314.392954] DMA_INSTRUMENT: About to call dma_buf_map_attachment from function dma_buf_phys_convert at drivers/misc/dma-buf-phys.c:106
[  314.405027] DMA_STACK_START: Stack trace for dma_buf_map_attachment called from dma_buf_phys_convert
[  314.414154] CPU: 1 PID: 7943 Comm: tidlrt_clasific Not tainted 6.1.80-dirty #33
[  314.421450] Hardware name: Texas Instruments J721E SK (DT)
[  314.426918] Call trace:
[  314.429352]  dump_backtrace.part.0+0xdc/0xf0
[  314.433618]  show_stack+0x18/0x30
[  314.436922]  dump_stack_lvl+0x68/0x84
[  314.440572]  dump_stack+0x18/0x34
[  314.443875]  dma_buf_phys_ioctl+0x258/0x3c0
[  314.448045]  __arm64_sys_ioctl+0xa8/0xf0
[  314.451958]  invoke_syscall+0x48/0x114
[  314.455695]  el0_svc_common.constprop.0+0xd4/0xfc
[  314.460384]  do_el0_svc+0x20/0x30
[  314.463687]  el0_svc+0x28/0xa0
[  314.466730]  el0t_64_sync_handler+0xbc/0x140
[  314.470986]  el0t_64_sync+0x18c/0x190
[  314.474659] DMA_STACK_END: End of stack trace for dma_buf_map_attachment
[  314.481355] FUNC_ENTRY: Entering function dma_heap_map_dma_buf at drivers/dma-buf/heaps/carveout-heap.c:107
[  314.491129] USER_COPY: About to call copy_to_user from function dma_buf_phys_ioctl at drivers/misc/dma-buf-phys.c:182
[  314.501735] USER_COPY_CONTEXT: Process PID=7943, COMM=tidlrt_clasific
[  314.515594] FUNC_ENTRY: Entering function carveout_dma_heap_allocate at drivers/dma-buf/heaps/carveout-heap.c:289
[  314.525857] DMA_INSTRUMENT: About to call dma_buf_export from function carveout_dma_heap_allocate at drivers/dma-buf/heaps/carveout-heap.c:319
[  314.538626] DMA_STACK_START: Stack trace for dma_buf_export called from carveout_dma_heap_allocate
[  314.547585] CPU: 1 PID: 7943 Comm: tidlrt_clasific Not tainted 6.1.80-dirty #33
[  314.554882] Hardware name: Texas Instruments J721E SK (DT)
[  314.560350] Call trace:
[  314.562784]  dump_backtrace.part.0+0xdc/0xf0
[  314.567051]  show_stack+0x18/0x30
[  314.570355]  dump_stack_lvl+0x68/0x84
[  314.574008]  dump_stack+0x18/0x34
[  314.577309]  carveout_dma_heap_allocate+0x164/0x1f4
[  314.582173]  dma_heap_ioctl+0x128/0x300
[  314.585996]  __arm64_sys_ioctl+0xa8/0xf0
[  314.589909]  invoke_syscall+0x48/0x114
[  314.593646]  el0_svc_common.constprop.0+0xd4/0xfc
[  314.598336]  do_el0_svc+0x20/0x30
[  314.601639]  el0_svc+0x28/0xa0
[  314.604682]  el0t_64_sync_handler+0xbc/0x140
[  314.608940]  el0t_64_sync+0x18c/0x190
[  314.612622] DMA_STACK_END: End of stack trace for dma_buf_export
[  314.618677] FUNC_ENTRY: Entering function dma_heap_mmap at drivers/dma-buf/heaps/carveout-heap.c:207
[  314.627893] USER_COPY: About to call copy_from_user from function dma_buf_phys_ioctl at drivers/misc/dma-buf-phys.c:173
[  314.638688] USER_COPY_CONTEXT: Process PID=7943, COMM=tidlrt_clasific
[  314.645137] DMA_INSTRUMENT: About to call dma_buf_get from function dma_buf_phys_convert at drivers/misc/dma-buf-phys.c:87
[  314.656184] DMA_STACK_START: Stack trace for dma_buf_get called from dma_buf_phys_convert
[  314.664372] CPU: 1 PID: 7943 Comm: tidlrt_clasific Not tainted 6.1.80-dirty #33
[  314.671670] Hardware name: Texas Instruments J721E SK (DT)
[  314.677139] Call trace:
[  314.679575]  dump_backtrace.part.0+0xdc/0xf0
[  314.683842]  show_stack+0x18/0x30
[  314.687145]  dump_stack_lvl+0x68/0x84
[  314.690797]  dump_stack+0x18/0x34
[  314.694099]  dma_buf_phys_ioctl+0x14c/0x3c0
[  314.698270]  __arm64_sys_ioctl+0xa8/0xf0
[  314.702182]  invoke_syscall+0x48/0x114
[  314.705920]  el0_svc_common.constprop.0+0xd4/0xfc
[  314.710609]  do_el0_svc+0x20/0x30
[  314.713910]  el0_svc+0x28/0xa0
[  314.716952]  el0t_64_sync_handler+0xbc/0x140
[  314.721209]  el0t_64_sync+0x18c/0x190
[  314.724889] DMA_STACK_END: End of stack trace for dma_buf_get
[  314.730633] DMA_INSTRUMENT: About to call dma_buf_attach from function dma_buf_phys_convert at drivers/misc/dma-buf-phys.c:96
[  314.741924] DMA_STACK_START: Stack trace for dma_buf_attach called from dma_buf_phys_convert
[  314.750360] CPU: 1 PID: 7943 Comm: tidlrt_clasific Not tainted 6.1.80-dirty #33
[  314.757654] Hardware name: Texas Instruments J721E SK (DT)
[  314.763123] Call trace:
[  314.765556]  dump_backtrace.part.0+0xdc/0xf0
[  314.769821]  show_stack+0x18/0x30
[  314.773125]  dump_stack_lvl+0x68/0x84
[  314.776776]  dump_stack+0x18/0x34
[  314.780079]  dma_buf_phys_ioctl+0x1b8/0x3c0
[  314.784252]  __arm64_sys_ioctl+0xa8/0xf0
[  314.788166]  invoke_syscall+0x48/0x114
[  314.791906]  el0_svc_common.constprop.0+0xd4/0xfc
[  314.796598]  do_el0_svc+0x20/0x30
[  314.799903]  el0_svc+0x28/0xa0
[  314.802947]  el0t_64_sync_handler+0xbc/0x140
[  314.807204]  el0t_64_sync+0x18c/0x190
[  314.810908] DMA_STACK_END: End of stack trace for dma_buf_attach
[  314.816925] FUNC_ENTRY: Entering function dma_heap_attach at drivers/dma-buf/heaps/carveout-heap.c:55
[  314.826170] DMA_INSTRUMENT: About to call dma_buf_map_attachment from function dma_buf_phys_convert at drivers/misc/dma-buf-phys.c:106
[  314.838250] DMA_STACK_START: Stack trace for dma_buf_map_attachment called from dma_buf_phys_convert
[  314.847378] CPU: 1 PID: 7943 Comm: tidlrt_clasific Not tainted 6.1.80-dirty #33
[  314.854672] Hardware name: Texas Instruments J721E SK (DT)
[  314.860142] Call trace:
[  314.862579]  dump_backtrace.part.0+0xdc/0xf0
[  314.866847]  show_stack+0x18/0x30
[  314.870150]  dump_stack_lvl+0x68/0x84
[  314.873801]  dump_stack+0x18/0x34
[  314.877103]  dma_buf_phys_ioctl+0x258/0x3c0
[  314.881276]  __arm64_sys_ioctl+0xa8/0xf0
[  314.885187]  invoke_syscall+0x48/0x114
[  314.888923]  el0_svc_common.constprop.0+0xd4/0xfc
[  314.893612]  do_el0_svc+0x20/0x30
[  314.896914]  el0_svc+0x28/0xa0
[  314.899957]  el0t_64_sync_handler+0xbc/0x140
[  314.904214]  el0t_64_sync+0x18c/0x190
[  314.907889] DMA_STACK_END: End of stack trace for dma_buf_map_attachment
[  314.914587] FUNC_ENTRY: Entering function dma_heap_map_dma_buf at drivers/dma-buf/heaps/carveout-heap.c:107
[  314.924327] USER_COPY: About to call copy_to_user from function dma_buf_phys_ioctl at drivers/misc/dma-buf-phys.c:182
[  314.934950] USER_COPY_CONTEXT: Process PID=7943, COMM=tidlrt_clasific
[  314.941567] FUNC_ENTRY: Entering function virtio_rpmsg_sendto at drivers/rpmsg/virtio_rpmsg_bus.c:675
[  314.950799] FUNC_ENTRY: Entering function rpmsg_send_offchannel_raw at drivers/rpmsg/virtio_rpmsg_bus.c:568
[  314.960533] FUNC_ENTRY: Entering function get_a_tx_buf at drivers/rpmsg/virtio_rpmsg_bus.c:450
[  314.969142] FUNC_ENTRY: Entering function rpmsg_sg_init at drivers/rpmsg/virtio_rpmsg_bus.c:178
[  315.072943] FUNC_ENTRY: Entering function rpmsg_recv_done at drivers/rpmsg/virtio_rpmsg_bus.c:800
[  315.081820] FUNC_ENTRY: Entering function rpmsg_recv_single at drivers/rpmsg/virtio_rpmsg_bus.c:731
[  315.090985] FUNC_ENTRY: Entering function rpmsg_sg_init at drivers/rpmsg/virtio_rpmsg_bus.c:178
[  315.091534] DMA_INSTRUMENT: About to call dma_buf_unmap_attachment from function dma_buf_phys_release at drivers/misc/dma-buf-phys.c:54
[  315.111853] DMA_STACK_START: Stack trace for dma_buf_unmap_attachment called from dma_buf_phys_release
[  315.121166] CPU: 1 PID: 7943 Comm: tidlrt_clasific Not tainted 6.1.80-dirty #33
[  315.128461] Hardware name: Texas Instruments J721E SK (DT)
[  315.133931] Call trace:
[  315.136365]  dump_backtrace.part.0+0xdc/0xf0
[  315.140634]  show_stack+0x18/0x30
[  315.143938]  dump_stack_lvl+0x68/0x84
[  315.147592]  dump_stack+0x18/0x34
[  315.150897]  dma_buf_phys_release+0x58/0x12c
[  315.155159]  __fput+0x70/0x250
[  315.158205]  ____fput+0x10/0x20
[  315.161336]  task_work_run+0x80/0xe0
[  315.164900]  do_notify_resume+0x214/0xd9c
[  315.168898]  el0_svc+0x88/0xa0
[  315.171943]  el0t_64_sync_handler+0xbc/0x140
[  315.176201]  el0t_64_sync+0x18c/0x190
[  315.179898] DMA_STACK_END: End of stack trace for dma_buf_unmap_attachment
[  315.186800] FUNC_ENTRY: Entering function dma_heap_unmap_dma_buf at drivers/dma-buf/heaps/carveout-heap.c:125
[  315.197549] DMA_INSTRUMENT: About to call dma_buf_detach from function dma_buf_phys_release at drivers/misc/dma-buf-phys.c:60
[  315.208841] DMA_STACK_START: Stack trace for dma_buf_detach called from dma_buf_phys_release
[  315.217270] CPU: 1 PID: 7943 Comm: tidlrt_clasific Not tainted 6.1.80-dirty #33
[  315.224562] Hardware name: Texas Instruments J721E SK (DT)
[  315.230031] Call trace:
[  315.232467]  dump_backtrace.part.0+0xdc/0xf0
[  315.236736]  show_stack+0x18/0x30
[  315.240040]  dump_stack_lvl+0x68/0x84
[  315.243691]  dump_stack+0x18/0x34
[  315.246994]  dma_buf_phys_release+0xa8/0x12c
[  315.251251]  __fput+0x70/0x250
[  315.254294]  ____fput+0x10/0x20
[  315.257422]  task_work_run+0x80/0xe0
[  315.260985]  do_notify_resume+0x214/0xd9c
[  315.264981]  el0_svc+0x88/0xa0
[  315.268024]  el0t_64_sync_handler+0xbc/0x140
[  315.272281]  el0t_64_sync+0x18c/0x190
[  315.275956] DMA_STACK_END: End of stack trace for dma_buf_detach
[  315.281966] FUNC_ENTRY: Entering function dma_heap_detatch at drivers/dma-buf/heaps/carveout-heap.c:91
[  315.291269] DMA_INSTRUMENT: About to call dma_buf_put from function dma_buf_phys_release at drivers/misc/dma-buf-phys.c:66
[  315.302326] DMA_STACK_START: Stack trace for dma_buf_put called from dma_buf_phys_release
[  315.310511] CPU: 1 PID: 7943 Comm: tidlrt_clasific Not tainted 6.1.80-dirty #33
[  315.317807] Hardware name: Texas Instruments J721E SK (DT)
[  315.323277] Call trace:
[  315.325713]  dump_backtrace.part.0+0xdc/0xf0
[  315.329986]  show_stack+0x18/0x30
[  315.333290]  dump_stack_lvl+0x68/0x84
[  315.336942]  dump_stack+0x18/0x34
[  315.340245]  dma_buf_phys_release+0xf4/0x12c
[  315.344505]  __fput+0x70/0x250
[  315.347552]  ____fput+0x10/0x20
[  315.350683]  task_work_run+0x80/0xe0
[  315.354246]  do_notify_resume+0x214/0xd9c
[  315.358243]  el0_svc+0x88/0xa0
[  315.361287]  el0t_64_sync_handler+0xbc/0x140
[  315.365544]  el0t_64_sync+0x18c/0x190
[  315.369223] DMA_STACK_END: End of stack trace for dma_buf_put
[  315.374992] FUNC_ENTRY: Entering function dma_heap_dma_buf_release at drivers/dma-buf/heaps/carveout-heap.c:135
[  315.385185] FUNC_ENTRY: Entering function carveout_dma_heap_allocate at drivers/dma-buf/heaps/carveout-heap.c:289
[  315.395474] DMA_INSTRUMENT: About to call dma_buf_export from function carveout_dma_heap_allocate at drivers/dma-buf/heaps/carveout-heap.c:319
[  315.408247] DMA_STACK_START: Stack trace for dma_buf_export called from carveout_dma_heap_allocate
[  315.417204] CPU: 1 PID: 7943 Comm: tidlrt_clasific Not tainted 6.1.80-dirty #33
[  315.424500] Hardware name: Texas Instruments J721E SK (DT)
[  315.429971] Call trace:
[  315.432408]  dump_backtrace.part.0+0xdc/0xf0
[  315.436676]  show_stack+0x18/0x30
[  315.439982]  dump_stack_lvl+0x68/0x84
[  315.443637]  dump_stack+0x18/0x34
[  315.446941]  carveout_dma_heap_allocate+0x164/0x1f4
[  315.451805]  dma_heap_ioctl+0x128/0x300
[  315.455629]  __arm64_sys_ioctl+0xa8/0xf0
[  315.459540]  invoke_syscall+0x48/0x114
[  315.463276]  el0_svc_common.constprop.0+0xd4/0xfc
[  315.467968]  do_el0_svc+0x20/0x30
[  315.471273]  el0_svc+0x28/0xa0
[  315.474317]  el0t_64_sync_handler+0xbc/0x140
[  315.478575]  el0t_64_sync+0x18c/0x190
[  315.482258] DMA_STACK_END: End of stack trace for dma_buf_export
[  315.488332] FUNC_ENTRY: Entering function dma_heap_mmap at drivers/dma-buf/heaps/carveout-heap.c:207
[  315.497533] USER_COPY: About to call copy_from_user from function dma_buf_phys_ioctl at drivers/misc/dma-buf-phys.c:173
[  315.508313] USER_COPY_CONTEXT: Process PID=7943, COMM=tidlrt_clasific
[  315.514761] DMA_INSTRUMENT: About to call dma_buf_get from function dma_buf_phys_convert at drivers/misc/dma-buf-phys.c:87
[  315.525795] DMA_STACK_START: Stack trace for dma_buf_get called from dma_buf_phys_convert
[  315.533968] CPU: 1 PID: 7943 Comm: tidlrt_clasific Not tainted 6.1.80-dirty #33
[  315.541263] Hardware name: Texas Instruments J721E SK (DT)
[  315.546732] Call trace:
[  315.549168]  dump_backtrace.part.0+0xdc/0xf0
[  315.553441]  show_stack+0x18/0x30
[  315.556747]  dump_stack_lvl+0x68/0x84
[  315.560399]  dump_stack+0x18/0x34
[  315.563701]  dma_buf_phys_ioctl+0x14c/0x3c0
[  315.567871]  __arm64_sys_ioctl+0xa8/0xf0
[  315.571783]  invoke_syscall+0x48/0x114
[  315.575522]  el0_svc_common.constprop.0+0xd4/0xfc
[  315.580214]  do_el0_svc+0x20/0x30
[  315.583519]  el0_svc+0x28/0xa0
[  315.586563]  el0t_64_sync_handler+0xbc/0x140
[  315.590820]  el0t_64_sync+0x18c/0x190
[  315.594499] DMA_STACK_END: End of stack trace for dma_buf_get
[  315.600248] DMA_INSTRUMENT: About to call dma_buf_attach from function dma_buf_phys_convert at drivers/misc/dma-buf-phys.c:96
[  315.611548] DMA_STACK_START: Stack trace for dma_buf_attach called from dma_buf_phys_convert
[  315.619992] CPU: 1 PID: 7943 Comm: tidlrt_clasific Not tainted 6.1.80-dirty #33
[  315.627290] Hardware name: Texas Instruments J721E SK (DT)
[  315.632758] Call trace:
[  315.635191]  dump_backtrace.part.0+0xdc/0xf0
[  315.639457]  show_stack+0x18/0x30
[  315.642759]  dump_stack_lvl+0x68/0x84
[  315.646410]  dump_stack+0x18/0x34
[  315.649711]  dma_buf_phys_ioctl+0x1b8/0x3c0
[  315.653882]  __arm64_sys_ioctl+0xa8/0xf0
[  315.657793]  invoke_syscall+0x48/0x114
[  315.661531]  el0_svc_common.constprop.0+0xd4/0xfc
[  315.666223]  do_el0_svc+0x20/0x30
[  315.669525]  el0_svc+0x28/0xa0
[  315.672570]  el0t_64_sync_handler+0xbc/0x140
[  315.676826]  el0t_64_sync+0x18c/0x190
[  315.680501] DMA_STACK_END: End of stack trace for dma_buf_attach
[  315.686509] FUNC_ENTRY: Entering function dma_heap_attach at drivers/dma-buf/heaps/carveout-heap.c:55
[  315.695724] DMA_INSTRUMENT: About to call dma_buf_map_attachment from function dma_buf_phys_convert at drivers/misc/dma-buf-phys.c:106
[  315.707797] DMA_STACK_START: Stack trace for dma_buf_map_attachment called from dma_buf_phys_convert
[  315.716927] CPU: 1 PID: 7943 Comm: tidlrt_clasific Not tainted 6.1.80-dirty #33
[  315.724221] Hardware name: Texas Instruments J721E SK (DT)
[  315.729689] Call trace:
[  315.732123]  dump_backtrace.part.0+0xdc/0xf0
[  315.736387]  show_stack+0x18/0x30
[  315.739689]  dump_stack_lvl+0x68/0x84
[  315.743338]  dump_stack+0x18/0x34
[  315.746640]  dma_buf_phys_ioctl+0x258/0x3c0
[  315.750811]  __arm64_sys_ioctl+0xa8/0xf0
[  315.754725]  invoke_syscall+0x48/0x114
[  315.758462]  el0_svc_common.constprop.0+0xd4/0xfc
[  315.763152]  do_el0_svc+0x20/0x30
[  315.766455]  el0_svc+0x28/0xa0
[  315.769498]  el0t_64_sync_handler+0xbc/0x140
[  315.773754]  el0t_64_sync+0x18c/0x190
[  315.777427] DMA_STACK_END: End of stack trace for dma_buf_map_attachment
[  315.784132] FUNC_ENTRY: Entering function dma_heap_map_dma_buf at drivers/dma-buf/heaps/carveout-heap.c:107
[  315.793888] USER_COPY: About to call copy_to_user from function dma_buf_phys_ioctl at drivers/misc/dma-buf-phys.c:182
[  315.804508] USER_COPY_CONTEXT: Process PID=7943, COMM=tidlrt_clasific
[  315.811041] FUNC_ENTRY: Entering function carveout_dma_heap_allocate at drivers/dma-buf/heaps/carveout-heap.c:289
[  315.821312] DMA_INSTRUMENT: About to call dma_buf_export from function carveout_dma_heap_allocate at drivers/dma-buf/heaps/carveout-heap.c:319
[  315.834082] DMA_STACK_START: Stack trace for dma_buf_export called from carveout_dma_heap_allocate
[  315.843051] CPU: 1 PID: 7943 Comm: tidlrt_clasific Not tainted 6.1.80-dirty #33
[  315.850347] Hardware name: Texas Instruments J721E SK (DT)
[  315.855816] Call trace:
[  315.858256]  dump_backtrace.part.0+0xdc/0xf0
[  315.862541]  show_stack+0x18/0x30
[  315.865845]  dump_stack_lvl+0x68/0x84
[  315.869498]  dump_stack+0x18/0x34
[  315.872802]  carveout_dma_heap_allocate+0x164/0x1f4
[  315.877668]  dma_heap_ioctl+0x128/0x300
[  315.881491]  __arm64_sys_ioctl+0xa8/0xf0
[  315.885403]  invoke_syscall+0x48/0x114
[  315.889139]  el0_svc_common.constprop.0+0xd4/0xfc
[  315.893829]  do_el0_svc+0x20/0x30
[  315.897131]  el0_svc+0x28/0xa0
[  315.900173]  el0t_64_sync_handler+0xbc/0x140
[  315.904430]  el0t_64_sync+0x18c/0x190
[  315.908114] DMA_STACK_END: End of stack trace for dma_buf_export
[  315.914161] FUNC_ENTRY: Entering function dma_heap_mmap at drivers/dma-buf/heaps/carveout-heap.c:207
[  315.923352] USER_COPY: About to call copy_from_user from function dma_buf_phys_ioctl at drivers/misc/dma-buf-phys.c:173
[  315.934158] USER_COPY_CONTEXT: Process PID=7943, COMM=tidlrt_clasific
[  315.940598] DMA_INSTRUMENT: About to call dma_buf_get from function dma_buf_phys_convert at drivers/misc/dma-buf-phys.c:87
[  315.951630] DMA_STACK_START: Stack trace for dma_buf_get called from dma_buf_phys_convert
[  315.959870] CPU: 1 PID: 7943 Comm: tidlrt_clasific Not tainted 6.1.80-dirty #33
[  315.967166] Hardware name: Texas Instruments J721E SK (DT)
[  315.972635] Call trace:
[  315.975069]  dump_backtrace.part.0+0xdc/0xf0
[  315.979336]  show_stack+0x18/0x30
[  315.982639]  dump_stack_lvl+0x68/0x84
[  315.986291]  dump_stack+0x18/0x34
[  315.989592]  dma_buf_phys_ioctl+0x14c/0x3c0
[  315.993762]  __arm64_sys_ioctl+0xa8/0xf0
[  315.997674]  invoke_syscall+0x48/0x114
[  316.001410]  el0_svc_common.constprop.0+0xd4/0xfc
[  316.006099]  do_el0_svc+0x20/0x30
[  316.009404]  el0_svc+0x28/0xa0
[  316.012447]  el0t_64_sync_handler+0xbc/0x140
[  316.016704]  el0t_64_sync+0x18c/0x190
[  316.020382] DMA_STACK_END: End of stack trace for dma_buf_get
[  316.026131] DMA_INSTRUMENT: About to call dma_buf_attach from function dma_buf_phys_convert at drivers/misc/dma-buf-phys.c:96
[  316.037424] DMA_STACK_START: Stack trace for dma_buf_attach called from dma_buf_phys_convert
[  316.045863] CPU: 1 PID: 7943 Comm: tidlrt_clasific Not tainted 6.1.80-dirty #33
[  316.053159] Hardware name: Texas Instruments J721E SK (DT)
[  316.058629] Call trace:
[  316.061063]  dump_backtrace.part.0+0xdc/0xf0
[  316.065329]  show_stack+0x18/0x30
[  316.068631]  dump_stack_lvl+0x68/0x84
[  316.072282]  dump_stack+0x18/0x34
[  316.075585]  dma_buf_phys_ioctl+0x1b8/0x3c0
[  316.079758]  __arm64_sys_ioctl+0xa8/0xf0
[  316.083672]  invoke_syscall+0x48/0x114
[  316.087412]  el0_svc_common.constprop.0+0xd4/0xfc
[  316.092105]  do_el0_svc+0x20/0x30
[  316.095410]  el0_svc+0x28/0xa0
[  316.098456]  el0t_64_sync_handler+0xbc/0x140
[  316.102712]  el0t_64_sync+0x18c/0x190
[  316.106384] DMA_STACK_END: End of stack trace for dma_buf_attach
[  316.112390] FUNC_ENTRY: Entering function dma_heap_attach at drivers/dma-buf/heaps/carveout-heap.c:55
[  316.121624] DMA_INSTRUMENT: About to call dma_buf_map_attachment from function dma_buf_phys_convert at drivers/misc/dma-buf-phys.c:106
[  316.133700] DMA_STACK_START: Stack trace for dma_buf_map_attachment called from dma_buf_phys_convert
[  316.142833] CPU: 1 PID: 7943 Comm: tidlrt_clasific Not tainted 6.1.80-dirty #33
[  316.150128] Hardware name: Texas Instruments J721E SK (DT)
[  316.155597] Call trace:
[  316.158031]  dump_backtrace.part.0+0xdc/0xf0
[  316.162298]  show_stack+0x18/0x30
[  316.165603]  dump_stack_lvl+0x68/0x84
[  316.169255]  dump_stack+0x18/0x34
[  316.172559]  dma_buf_phys_ioctl+0x258/0x3c0
[  316.176734]  __arm64_sys_ioctl+0xa8/0xf0
[  316.180646]  invoke_syscall+0x48/0x114
[  316.184386]  el0_svc_common.constprop.0+0xd4/0xfc
[  316.189080]  do_el0_svc+0x20/0x30
[  316.192384]  el0_svc+0x28/0xa0
[  316.195430]  el0t_64_sync_handler+0xbc/0x140
[  316.199685]  el0t_64_sync+0x18c/0x190
[  316.203363] DMA_STACK_END: End of stack trace for dma_buf_map_attachment
[  316.210064] FUNC_ENTRY: Entering function dma_heap_map_dma_buf at drivers/dma-buf/heaps/carveout-heap.c:107
[  316.219798] USER_COPY: About to call copy_to_user from function dma_buf_phys_ioctl at drivers/misc/dma-buf-phys.c:182
[  316.230398] USER_COPY_CONTEXT: Process PID=7943, COMM=tidlrt_clasific
[  316.263925] DMA_INSTRUMENT: About to call dma_buf_unmap_attachment from function dma_buf_phys_release at drivers/misc/dma-buf-phys.c:54
[  316.276108] DMA_STACK_START: Stack trace for dma_buf_unmap_attachment called from dma_buf_phys_release
[  316.285423] CPU: 1 PID: 7943 Comm: tidlrt_clasific Not tainted 6.1.80-dirty #33
[  316.292721] Hardware name: Texas Instruments J721E SK (DT)
[  316.298189] Call trace:
[  316.300623]  dump_backtrace.part.0+0xdc/0xf0
[  316.304892]  show_stack+0x18/0x30
[  316.308196]  dump_stack_lvl+0x68/0x84
[  316.311848]  dump_stack+0x18/0x34
[  316.315150]  dma_buf_phys_release+0x58/0x12c
[  316.319408]  __fput+0x70/0x250
[  316.322452]  ____fput+0x10/0x20
[  316.325581]  task_work_run+0x80/0xe0
[  316.329143]  do_notify_resume+0x214/0xd9c
[  316.333141]  el0_svc+0x88/0xa0
[  316.336187]  el0t_64_sync_handler+0xbc/0x140
[  316.340444]  el0t_64_sync+0x18c/0x190
[  316.344149] DMA_STACK_END: End of stack trace for dma_buf_unmap_attachment
[  316.351060] FUNC_ENTRY: Entering function dma_heap_unmap_dma_buf at drivers/dma-buf/heaps/carveout-heap.c:125
[  316.361003] DMA_INSTRUMENT: About to call dma_buf_detach from function dma_buf_phys_release at drivers/misc/dma-buf-phys.c:60
[  316.372300] DMA_STACK_START: Stack trace for dma_buf_detach called from dma_buf_phys_release
[  316.380738] CPU: 1 PID: 7943 Comm: tidlrt_clasific Not tainted 6.1.80-dirty #33
[  316.388035] Hardware name: Texas Instruments J721E SK (DT)
[  316.393503] Call trace:
[  316.395937]  dump_backtrace.part.0+0xdc/0xf0
[  316.400203]  show_stack+0x18/0x30
[  316.403506]  dump_stack_lvl+0x68/0x84
[  316.407158]  dump_stack+0x18/0x34
[  316.410461]  dma_buf_phys_release+0xa8/0x12c
[  316.414717]  __fput+0x70/0x250
[  316.417761]  ____fput+0x10/0x20
[  316.420889]  task_work_run+0x80/0xe0
[  316.424452]  do_notify_resume+0x214/0xd9c
[  316.428448]  el0_svc+0x88/0xa0
[  316.431491]  el0t_64_sync_handler+0xbc/0x140
[  316.435748]  el0t_64_sync+0x18c/0x190
[  316.439426] DMA_STACK_END: End of stack trace for dma_buf_detach
[  316.445433] FUNC_ENTRY: Entering function dma_heap_detatch at drivers/dma-buf/heaps/carveout-heap.c:91
[  316.454752] DMA_INSTRUMENT: About to call dma_buf_put from function dma_buf_phys_release at drivers/misc/dma-buf-phys.c:66
[  316.465790] DMA_STACK_START: Stack trace for dma_buf_put called from dma_buf_phys_release
[  316.473964] CPU: 1 PID: 7943 Comm: tidlrt_clasific Not tainted 6.1.80-dirty #33
[  316.481260] Hardware name: Texas Instruments J721E SK (DT)
[  316.486727] Call trace:
[  316.489162]  dump_backtrace.part.0+0xdc/0xf0
[  316.493427]  show_stack+0x18/0x30
[  316.496731]  dump_stack_lvl+0x68/0x84
[  316.500384]  dump_stack+0x18/0x34
[  316.503686]  dma_buf_phys_release+0xf4/0x12c
[  316.507943]  __fput+0x70/0x250
[  316.510988]  ____fput+0x10/0x20
[  316.514116]  task_work_run+0x80/0xe0
[  316.517678]  do_notify_resume+0x214/0xd9c
[  316.521674]  el0_svc+0x88/0xa0
[  316.524719]  el0t_64_sync_handler+0xbc/0x140
[  316.528977]  el0t_64_sync+0x18c/0x190
[  316.532811] DMA_STACK_END: End of stack trace for dma_buf_put
[  316.538583] FUNC_ENTRY: Entering function dma_heap_dma_buf_release at drivers/dma-buf/heaps/carveout-heap.c:135
[  316.548759] DMA_INSTRUMENT: About to call dma_buf_unmap_attachment from function dma_buf_phys_release at drivers/misc/dma-buf-phys.c:54
[  316.560939] DMA_STACK_START: Stack trace for dma_buf_unmap_attachment called from dma_buf_phys_release
[  316.570244] CPU: 1 PID: 7943 Comm: tidlrt_clasific Not tainted 6.1.80-dirty #33
[  316.577540] Hardware name: Texas Instruments J721E SK (DT)
[  316.583010] Call trace:
[  316.585444]  dump_backtrace.part.0+0xdc/0xf0
[  316.589711]  show_stack+0x18/0x30
[  316.593014]  dump_stack_lvl+0x68/0x84
[  316.596666]  dump_stack+0x18/0x34
[  316.599968]  dma_buf_phys_release+0x58/0x12c
[  316.604224]  __fput+0x70/0x250
[  316.607270]  ____fput+0x10/0x20
[  316.610401]  task_work_run+0x80/0xe0
[  316.613965]  do_notify_resume+0x214/0xd9c
[  316.617963]  el0_svc+0x88/0xa0
[  316.621010]  el0t_64_sync_handler+0xbc/0x140
[  316.625269]  el0t_64_sync+0x18c/0x190
[  316.628955] DMA_STACK_END: End of stack trace for dma_buf_unmap_attachment
[  316.635842] FUNC_ENTRY: Entering function dma_heap_unmap_dma_buf at drivers/dma-buf/heaps/carveout-heap.c:125
[  316.645757] DMA_INSTRUMENT: About to call dma_buf_detach from function dma_buf_phys_release at drivers/misc/dma-buf-phys.c:60
[  316.657051] DMA_STACK_START: Stack trace for dma_buf_detach called from dma_buf_phys_release
[  316.665488] CPU: 1 PID: 7943 Comm: tidlrt_clasific Not tainted 6.1.80-dirty #33
[  316.672784] Hardware name: Texas Instruments J721E SK (DT)
[  316.678252] Call trace:
[  316.680686]  dump_backtrace.part.0+0xdc/0xf0
[  316.684951]  show_stack+0x18/0x30
[  316.688254]  dump_stack_lvl+0x68/0x84
[  316.691903]  dump_stack+0x18/0x34
[  316.695207]  dma_buf_phys_release+0xa8/0x12c
[  316.699463]  __fput+0x70/0x250
[  316.702509]  ____fput+0x10/0x20
[  316.705637]  task_work_run+0x80/0xe0
[  316.709199]  do_notify_resume+0x214/0xd9c
[  316.713195]  el0_svc+0x88/0xa0
[  316.716239]  el0t_64_sync_handler+0xbc/0x140
[  316.720495]  el0t_64_sync+0x18c/0x190
[  316.724171] DMA_STACK_END: End of stack trace for dma_buf_detach
[  316.730290] FUNC_ENTRY: Entering function dma_heap_detatch at drivers/dma-buf/heaps/carveout-heap.c:91
[  316.739606] DMA_INSTRUMENT: About to call dma_buf_put from function dma_buf_phys_release at drivers/misc/dma-buf-phys.c:66
[  316.750670] DMA_STACK_START: Stack trace for dma_buf_put called from dma_buf_phys_release
[  316.758864] CPU: 1 PID: 7943 Comm: tidlrt_clasific Not tainted 6.1.80-dirty #33
[  316.766161] Hardware name: Texas Instruments J721E SK (DT)
[  316.771630] Call trace:
[  316.774064]  dump_backtrace.part.0+0xdc/0xf0
[  316.778331]  show_stack+0x18/0x30
[  316.781634]  dump_stack_lvl+0x68/0x84
[  316.785284]  dump_stack+0x18/0x34
[  316.788586]  dma_buf_phys_release+0xf4/0x12c
[  316.792844]  __fput+0x70/0x250
[  316.795889]  ____fput+0x10/0x20
[  316.799018]  task_work_run+0x80/0xe0
[  316.802580]  do_notify_resume+0x214/0xd9c
[  316.806577]  el0_svc+0x88/0xa0
[  316.809621]  el0t_64_sync_handler+0xbc/0x140
[  316.813877]  el0t_64_sync+0x18c/0x190
[  316.817583] DMA_STACK_END: End of stack trace for dma_buf_put
[  316.823361] FUNC_ENTRY: Entering function dma_heap_dma_buf_release at drivers/dma-buf/heaps/carveout-heap.c:135
[  316.833562] FUNC_ENTRY: Entering function virtio_rpmsg_sendto at drivers/rpmsg/virtio_rpmsg_bus.c:675
[  316.842819] FUNC_ENTRY: Entering function rpmsg_send_offchannel_raw at drivers/rpmsg/virtio_rpmsg_bus.c:568
[  316.852583] FUNC_ENTRY: Entering function get_a_tx_buf at drivers/rpmsg/virtio_rpmsg_bus.c:450
[  316.861209] FUNC_ENTRY: Entering function rpmsg_sg_init at drivers/rpmsg/virtio_rpmsg_bus.c:178
[  316.875269] FUNC_ENTRY: Entering function rpmsg_recv_done at drivers/rpmsg/virtio_rpmsg_bus.c:800
[  316.885571] FUNC_ENTRY: Entering function rpmsg_recv_single at drivers/rpmsg/virtio_rpmsg_bus.c:731
[  316.895629] FUNC_ENTRY: Entering function rpmsg_sg_init at drivers/rpmsg/virtio_rpmsg_bus.c:178
[  316.907437] FUNC_ENTRY: Entering function virtio_rpmsg_sendto at drivers/rpmsg/virtio_rpmsg_bus.c:675
[  316.920473] FUNC_ENTRY: Entering function rpmsg_send_offchannel_raw at drivers/rpmsg/virtio_rpmsg_bus.c:568
[  316.931027] FUNC_ENTRY: Entering function get_a_tx_buf at drivers/rpmsg/virtio_rpmsg_bus.c:450
[  316.940209] FUNC_ENTRY: Entering function rpmsg_sg_init at drivers/rpmsg/virtio_rpmsg_bus.c:178
[  316.949809] FUNC_ENTRY: Entering function rpmsg_recv_done at drivers/rpmsg/virtio_rpmsg_bus.c:800
[  316.959089] FUNC_ENTRY: Entering function rpmsg_recv_single at drivers/rpmsg/virtio_rpmsg_bus.c:731
[  316.968911] FUNC_ENTRY: Entering function rpmsg_sg_init at drivers/rpmsg/virtio_rpmsg_bus.c:178
[  316.969078] DMA_INSTRUMENT: About to call dma_buf_unmap_attachment from function dma_buf_phys_release at drivers/misc/dma-buf-phys.c:54
[  316.989770] DMA_STACK_START: Stack trace for dma_buf_unmap_attachment called from dma_buf_phys_release
[  316.999084] CPU: 1 PID: 7943 Comm: tidlrt_clasific Not tainted 6.1.80-dirty #33
[  317.006378] Hardware name: Texas Instruments J721E SK (DT)
[  317.011847] Call trace:
[  317.014281]  dump_backtrace.part.0+0xdc/0xf0
[  317.018548]  show_stack+0x18/0x30
[  317.021851]  dump_stack_lvl+0x68/0x84
[  317.025503]  dump_stack+0x18/0x34
[  317.028806]  dma_buf_phys_release+0x58/0x12c
[  317.033063]  __fput+0x70/0x250
[  317.036107]  ____fput+0x10/0x20
[  317.039235]  task_work_run+0x80/0xe0
[  317.042797]  do_notify_resume+0x214/0xd9c
[  317.046794]  el0_svc+0x88/0xa0
[  317.049837]  el0t_64_sync_handler+0xbc/0x140
[  317.054095]  el0t_64_sync+0x18c/0x190
[  317.057791] DMA_STACK_END: End of stack trace for dma_buf_unmap_attachment
[  317.064666] FUNC_ENTRY: Entering function dma_heap_unmap_dma_buf at drivers/dma-buf/heaps/carveout-heap.c:125
[  317.074611] DMA_INSTRUMENT: About to call dma_buf_detach from function dma_buf_phys_release at drivers/misc/dma-buf-phys.c:60
[  317.085930] DMA_STACK_START: Stack trace for dma_buf_detach called from dma_buf_phys_release
[  317.094592] CPU: 1 PID: 7943 Comm: tidlrt_clasific Not tainted 6.1.80-dirty #33
[  317.101892] Hardware name: Texas Instruments J721E SK (DT)
[  317.107362] Call trace:
[  317.109798]  dump_backtrace.part.0+0xdc/0xf0
[  317.114068]  show_stack+0x18/0x30
[  317.117370]  dump_stack_lvl+0x68/0x84
[  317.121023]  dump_stack+0x18/0x34
[  317.124324]  dma_buf_phys_release+0xa8/0x12c
[  317.128581]  __fput+0x70/0x250
[  317.131625]  ____fput+0x10/0x20
[  317.134755]  task_work_run+0x80/0xe0
[  317.138317]  do_notify_resume+0x214/0xd9c
[  317.142314]  el0_svc+0x88/0xa0
[  317.145356]  el0t_64_sync_handler+0xbc/0x140
[  317.149613]  el0t_64_sync+0x18c/0x190
[  317.153540] DMA_STACK_END: End of stack trace for dma_buf_detach
[  317.159566] FUNC_ENTRY: Entering function dma_heap_detatch at drivers/dma-buf/heaps/carveout-heap.c:91
[  317.168970] DMA_INSTRUMENT: About to call dma_buf_put from function dma_buf_phys_release at drivers/misc/dma-buf-phys.c:66
[  317.180101] DMA_STACK_START: Stack trace for dma_buf_put called from dma_buf_phys_release
[  317.188462] CPU: 1 PID: 7943 Comm: tidlrt_clasific Not tainted 6.1.80-dirty #33
[  317.195761] Hardware name: Texas Instruments J721E SK (DT)
[  317.201230] Call trace:
[  317.203664]  dump_backtrace.part.0+0xdc/0xf0
[  317.207935]  show_stack+0x18/0x30
[  317.211237]  dump_stack_lvl+0x68/0x84
[  317.214889]  dump_stack+0x18/0x34
[  317.218191]  dma_buf_phys_release+0xf4/0x12c
[  317.222448]  __fput+0x70/0x250
[  317.225493]  ____fput+0x10/0x20
[  317.228623]  task_work_run+0x80/0xe0
[  317.232188]  do_notify_resume+0x214/0xd9c
[  317.236187]  el0_svc+0x88/0xa0
[  317.239231]  el0t_64_sync_handler+0xbc/0x140
[  317.243488]  el0t_64_sync+0x18c/0x190
[  317.247418] DMA_STACK_END: End of stack trace for dma_buf_put
[  317.253187] FUNC_ENTRY: Entering function dma_heap_dma_buf_release at drivers/dma-buf/heaps/carveout-heap.c:135
[  317.263542] DMA_INSTRUMENT: About to call dma_buf_unmap_attachment from function dma_buf_phys_release at drivers/misc/dma-buf-phys.c:54
[  317.275856] DMA_STACK_START: Stack trace for dma_buf_unmap_attachment called from dma_buf_phys_release
[  317.285285] CPU: 1 PID: 7943 Comm: tidlrt_clasific Not tainted 6.1.80-dirty #33
[  317.292580] Hardware name: Texas Instruments J721E SK (DT)
[  317.298049] Call trace:
[  317.300483]  dump_backtrace.part.0+0xdc/0xf0
[  317.304749]  show_stack+0x18/0x30
[  317.308051]  dump_stack_lvl+0x68/0x84
[  317.311703]  dump_stack+0x18/0x34
[  317.315004]  dma_buf_phys_release+0x58/0x12c
[  317.319262]  __fput+0x70/0x250
[  317.322307]  ____fput+0x10/0x20
[  317.325436]  task_work_run+0x80/0xe0
[  317.328998]  do_notify_resume+0x214/0xd9c
[  317.332994]  el0_svc+0x88/0xa0
[  317.336037]  el0t_64_sync_handler+0xbc/0x140
[  317.340293]  el0t_64_sync+0x18c/0x190
[  317.343971] DMA_STACK_END: End of stack trace for dma_buf_unmap_attachment
[  317.350864] FUNC_ENTRY: Entering function dma_heap_unmap_dma_buf at drivers/dma-buf/heaps/carveout-heap.c:125
[  317.360810] DMA_INSTRUMENT: About to call dma_buf_detach from function dma_buf_phys_release at drivers/misc/dma-buf-phys.c:60
[  317.372140] DMA_STACK_START: Stack trace for dma_buf_detach called from dma_buf_phys_release
[  317.380591] CPU: 1 PID: 7943 Comm: tidlrt_clasific Not tainted 6.1.80-dirty #33
[  317.387886] Hardware name: Texas Instruments J721E SK (DT)
[  317.393354] Call trace:
[  317.395789]  dump_backtrace.part.0+0xdc/0xf0
[  317.400056]  show_stack+0x18/0x30
[  317.403359]  dump_stack_lvl+0x68/0x84
[  317.407009]  dump_stack+0x18/0x34
[  317.410310]  dma_buf_phys_release+0xa8/0x12c
[  317.414567]  __fput+0x70/0x250
[  317.417613]  ____fput+0x10/0x20
[  317.420741]  task_work_run+0x80/0xe0
[  317.424304]  do_notify_resume+0x214/0xd9c
[  317.428302]  el0_svc+0x88/0xa0
[  317.431348]  el0t_64_sync_handler+0xbc/0x140
[  317.435606]  el0t_64_sync+0x18c/0x190
[  317.439298] DMA_STACK_END: End of stack trace for dma_buf_detach
[  317.445308] FUNC_ENTRY: Entering function dma_heap_detatch at drivers/dma-buf/heaps/carveout-heap.c:91
[  317.454618] DMA_INSTRUMENT: About to call dma_buf_put from function dma_buf_phys_release at drivers/misc/dma-buf-phys.c:66
[  317.465651] DMA_STACK_START: Stack trace for dma_buf_put called from dma_buf_phys_release
[  317.473829] CPU: 1 PID: 7943 Comm: tidlrt_clasific Not tainted 6.1.80-dirty #33
[  317.481124] Hardware name: Texas Instruments J721E SK (DT)
[  317.486592] Call trace:
[  317.489026]  dump_backtrace.part.0+0xdc/0xf0
[  317.493291]  show_stack+0x18/0x30
[  317.496593]  dump_stack_lvl+0x68/0x84
[  317.500245]  dump_stack+0x18/0x34
[  317.503546]  dma_buf_phys_release+0xf4/0x12c
[  317.507802]  __fput+0x70/0x250
[  317.510848]  ____fput+0x10/0x20
[  317.513979]  task_work_run+0x80/0xe0
[  317.517544]  do_notify_resume+0x214/0xd9c
[  317.521542]  el0_svc+0x88/0xa0
[  317.524585]  el0t_64_sync_handler+0xbc/0x140
[  317.528840]  el0t_64_sync+0x18c/0x190
[  317.532514] DMA_STACK_END: End of stack trace for dma_buf_put
[  317.538280] FUNC_ENTRY: Entering function dma_heap_dma_buf_release at drivers/dma-buf/heaps/carveout-heap.c:135
[  317.548471] DMA_INSTRUMENT: About to call dma_buf_unmap_attachment from function dma_buf_phys_release at drivers/misc/dma-buf-phys.c:54
[  317.560658] DMA_STACK_START: Stack trace for dma_buf_unmap_attachment called from dma_buf_phys_release
[  317.570152] CPU: 1 PID: 7943 Comm: tidlrt_clasific Not tainted 6.1.80-dirty #33
[  317.577449] Hardware name: Texas Instruments J721E SK (DT)
[  317.582920] Call trace:
[  317.585354]  dump_backtrace.part.0+0xdc/0xf0
[  317.589623]  show_stack+0x18/0x30
[  317.592930]  dump_stack_lvl+0x68/0x84
[  317.596583]  dump_stack+0x18/0x34
[  317.599888]  dma_buf_phys_release+0x58/0x12c
[  317.604146]  __fput+0x70/0x250
[  317.607193]  ____fput+0x10/0x20
[  317.610326]  task_work_run+0x80/0xe0
[  317.613890]  do_notify_resume+0x214/0xd9c
[  317.617889]  el0_svc+0x88/0xa0
[  317.620934]  el0t_64_sync_handler+0xbc/0x140
[  317.625192]  el0t_64_sync+0x18c/0x190
[  317.629148] DMA_STACK_END: End of stack trace for dma_buf_unmap_attachment
[  317.636042] FUNC_ENTRY: Entering function dma_heap_unmap_dma_buf at drivers/dma-buf/heaps/carveout-heap.c:125
[  317.646117] DMA_INSTRUMENT: About to call dma_buf_detach from function dma_buf_phys_release at drivers/misc/dma-buf-phys.c:60
[  317.657549] DMA_STACK_START: Stack trace for dma_buf_detach called from dma_buf_phys_release
[  317.666116] CPU: 1 PID: 7943 Comm: tidlrt_clasific Not tainted 6.1.80-dirty #33
[  317.673412] Hardware name: Texas Instruments J721E SK (DT)
[  317.678881] Call trace:
[  317.681316]  dump_backtrace.part.0+0xdc/0xf0
[  317.685585]  show_stack+0x18/0x30
[  317.688892]  dump_stack_lvl+0x68/0x84
[  317.692545]  dump_stack+0x18/0x34
[  317.695851]  dma_buf_phys_release+0xa8/0x12c
[  317.700110]  __fput+0x70/0x250
[  317.703156]  ____fput+0x10/0x20
[  317.706287]  task_work_run+0x80/0xe0
[  317.709851]  do_notify_resume+0x214/0xd9c
[  317.713850]  el0_svc+0x88/0xa0
[  317.716897]  el0t_64_sync_handler+0xbc/0x140
[  317.721155]  el0t_64_sync+0x18c/0x190
[  317.725163] DMA_STACK_END: End of stack trace for dma_buf_detach
[  317.731200] FUNC_ENTRY: Entering function dma_heap_detatch at drivers/dma-buf/heaps/carveout-heap.c:91
[  317.740700] DMA_INSTRUMENT: About to call dma_buf_put from function dma_buf_phys_release at drivers/misc/dma-buf-phys.c:66
[  317.751888] DMA_STACK_START: Stack trace for dma_buf_put called from dma_buf_phys_release
[  317.760216] CPU: 1 PID: 7943 Comm: tidlrt_clasific Not tainted 6.1.80-dirty #33
[  317.767513] Hardware name: Texas Instruments J721E SK (DT)
[  317.772981] Call trace:
[  317.775416]  dump_backtrace.part.0+0xdc/0xf0
[  317.779682]  show_stack+0x18/0x30
[  317.782985]  dump_stack_lvl+0x68/0x84
[  317.786636]  dump_stack+0x18/0x34
[  317.789937]  dma_buf_phys_release+0xf4/0x12c
[  317.794194]  __fput+0x70/0x250
[  317.797240]  ____fput+0x10/0x20
[  317.800369]  task_work_run+0x80/0xe0
[  317.803932]  do_notify_resume+0x214/0xd9c
[  317.807929]  el0_svc+0x88/0xa0
[  317.810971]  el0t_64_sync_handler+0xbc/0x140
[  317.815227]  el0t_64_sync+0x18c/0x190
[  317.819169] DMA_STACK_END: End of stack trace for dma_buf_put
[  317.824947] FUNC_ENTRY: Entering function dma_heap_dma_buf_release at drivers/dma-buf/heaps/carveout-heap.c:135
[  317.835269] DMA_INSTRUMENT: About to call dma_buf_unmap_attachment from function dma_buf_phys_release at drivers/misc/dma-buf-phys.c:54
[  317.847590] DMA_STACK_START: Stack trace for dma_buf_unmap_attachment called from dma_buf_phys_release
[  317.857025] CPU: 1 PID: 7943 Comm: tidlrt_clasific Not tainted 6.1.80-dirty #33
[  317.864322] Hardware name: Texas Instruments J721E SK (DT)
[  317.869790] Call trace:
[  317.872224]  dump_backtrace.part.0+0xdc/0xf0
[  317.876491]  show_stack+0x18/0x30
[  317.879793]  dump_stack_lvl+0x68/0x84
[  317.883444]  dump_stack+0x18/0x34
[  317.886746]  dma_buf_phys_release+0x58/0x12c
[  317.891004]  __fput+0x70/0x250
[  317.894049]  ____fput+0x10/0x20
[  317.897178]  task_work_run+0x80/0xe0
[  317.900740]  do_notify_resume+0x214/0xd9c
[  317.904736]  el0_svc+0x88/0xa0
[  317.907778]  el0t_64_sync_handler+0xbc/0x140
[  317.912035]  el0t_64_sync+0x18c/0x190
[  317.915711] DMA_STACK_END: End of stack trace for dma_buf_unmap_attachment
[  317.922594] FUNC_ENTRY: Entering function dma_heap_unmap_dma_buf at drivers/dma-buf/heaps/carveout-heap.c:125
[  317.932505] DMA_INSTRUMENT: About to call dma_buf_detach from function dma_buf_phys_release at drivers/misc/dma-buf-phys.c:60
[  317.943812] DMA_STACK_START: Stack trace for dma_buf_detach called from dma_buf_phys_release
[  317.952246] CPU: 1 PID: 7943 Comm: tidlrt_clasific Not tainted 6.1.80-dirty #33
[  317.959537] Hardware name: Texas Instruments J721E SK (DT)
[  317.965005] Call trace:
[  317.967438]  dump_backtrace.part.0+0xdc/0xf0
[  317.971704]  show_stack+0x18/0x30
[  317.975006]  dump_stack_lvl+0x68/0x84
[  317.978657]  dump_stack+0x18/0x34
[  317.981958]  dma_buf_phys_release+0xa8/0x12c
[  317.986215]  __fput+0x70/0x250
[  317.989260]  ____fput+0x10/0x20
[  317.992389]  task_work_run+0x80/0xe0
[  317.995952]  do_notify_resume+0x214/0xd9c
[  317.999948]  el0_svc+0x88/0xa0
[  318.002991]  el0t_64_sync_handler+0xbc/0x140
[  318.007247]  el0t_64_sync+0x18c/0x190
[  318.010916] DMA_STACK_END: End of stack trace for dma_buf_detach
[  318.016917] FUNC_ENTRY: Entering function dma_heap_detatch at drivers/dma-buf/heaps/carveout-heap.c:91
[  318.026218] DMA_INSTRUMENT: About to call dma_buf_put from function dma_buf_phys_release at drivers/misc/dma-buf-phys.c:66
[  318.037250] DMA_STACK_START: Stack trace for dma_buf_put called from dma_buf_phys_release
[  318.045431] CPU: 1 PID: 7943 Comm: tidlrt_clasific Not tainted 6.1.80-dirty #33
[  318.052726] Hardware name: Texas Instruments J721E SK (DT)
[  318.058194] Call trace:
[  318.060628]  dump_backtrace.part.0+0xdc/0xf0
[  318.064894]  show_stack+0x18/0x30
[  318.068196]  dump_stack_lvl+0x68/0x84
[  318.071847]  dump_stack+0x18/0x34
[  318.075149]  dma_buf_phys_release+0xf4/0x12c
[  318.079405]  __fput+0x70/0x250
[  318.082449]  ____fput+0x10/0x20
[  318.085577]  task_work_run+0x80/0xe0
[  318.089140]  do_notify_resume+0x214/0xd9c
[  318.093137]  el0_svc+0x88/0xa0
[  318.096180]  el0t_64_sync_handler+0xbc/0x140
[  318.100436]  el0t_64_sync+0x18c/0x190
[  318.104110] DMA_STACK_END: End of stack trace for dma_buf_put
[  318.109876] FUNC_ENTRY: Entering function dma_heap_dma_buf_release at drivers/dma-buf/heaps/carveout-heap.c:135
[  318.121920] FUNC_ENTRY: Entering function virtio_rpmsg_destroy_ept at drivers/rpmsg/virtio_rpmsg_bus.c:319
[  318.131768] FUNC_ENTRY: Entering function virtio_rpmsg_destroy_ept at drivers/rpmsg/virtio_rpmsg_bus.c:319
[  318.141576] FUNC_ENTRY: Entering function virtio_rpmsg_destroy_ept at drivers/rpmsg/virtio_rpmsg_bus.c:319
[  318.151444] FUNC_ENTRY: Entering function virtio_rpmsg_destroy_ept at drivers/rpmsg/virtio_rpmsg_bus.c:319
[  318.161453] FUNC_ENTRY: Entering function virtio_rpmsg_destroy_ept at drivers/rpmsg/virtio_rpmsg_bus.c:319
[  318.172677] FUNC_ENTRY: Entering function virtio_rpmsg_destroy_ept at drivers/rpmsg/virtio_rpmsg_bus.c:319
[  318.182571] FUNC_ENTRY: Entering function virtio_rpmsg_destroy_ept at drivers/rpmsg/virtio_rpmsg_bus.c:319
[  318.192986] FUNC_ENTRY: Entering function virtio_rpmsg_destroy_ept at drivers/rpmsg/virtio_rpmsg_bus.c:319
[  318.202780] FUNC_ENTRY: Entering function virtio_rpmsg_destroy_ept at drivers/rpmsg/virtio_rpmsg_bus.c:319
[  318.213067] FUNC_ENTRY: Entering function virtio_rpmsg_destroy_ept at drivers/rpmsg/virtio_rpmsg_bus.c:319
[  318.224823] DMA_INSTRUMENT: About to call dma_buf_unmap_attachment from function dma_buf_phys_release at drivers/misc/dma-buf-phys.c:54
[  318.238387] DMA_STACK_START: Stack trace for dma_buf_unmap_attachment called from dma_buf_phys_release
[  318.247946] CPU: 1 PID: 7943 Comm: tidlrt_clasific Not tainted 6.1.80-dirty #33
[  318.255246] Hardware name: Texas Instruments J721E SK (DT)
[  318.260714] Call trace:
[  318.263149]  dump_backtrace.part.0+0xdc/0xf0
[  318.267417]  show_stack+0x18/0x30
[  318.270720]  dump_stack_lvl+0x68/0x84
[  318.274371]  dump_stack+0x18/0x34
[  318.277673]  dma_buf_phys_release+0x58/0x12c
[  318.281931]  __fput+0x70/0x250
[  318.284976]  ____fput+0x10/0x20
[  318.288104]  task_work_run+0x80/0xe0
[  318.291667]  do_notify_resume+0x214/0xd9c
[  318.295664]  el0_svc+0x88/0xa0
[  318.298708]  el0t_64_sync_handler+0xbc/0x140
[  318.302964]  el0t_64_sync+0x18c/0x190
[  318.307024] DMA_STACK_END: End of stack trace for dma_buf_unmap_attachment
[  318.313932] FUNC_ENTRY: Entering function dma_heap_unmap_dma_buf at drivers/dma-buf/heaps/carveout-heap.c:125
[  318.324081] DMA_INSTRUMENT: About to call dma_buf_detach from function dma_buf_phys_release at drivers/misc/dma-buf-phys.c:60
[  318.335529] DMA_STACK_START: Stack trace for dma_buf_detach called from dma_buf_phys_release
[  318.344106] CPU: 1 PID: 7943 Comm: tidlrt_clasific Not tainted 6.1.80-dirty #33
[  318.351403] Hardware name: Texas Instruments J721E SK (DT)
[  318.356871] Call trace:
[  318.359305]  dump_backtrace.part.0+0xdc/0xf0
[  318.363572]  show_stack+0x18/0x30
[  318.366874]  dump_stack_lvl+0x68/0x84
[  318.370526]  dump_stack+0x18/0x34
[  318.373827]  dma_buf_phys_release+0xa8/0x12c
[  318.378085]  __fput+0x70/0x250
[  318.381131]  ____fput+0x10/0x20
[  318.384260]  task_work_run+0x80/0xe0
[  318.387822]  do_notify_resume+0x214/0xd9c
[  318.391819]  el0_svc+0x88/0xa0
[  318.394862]  el0t_64_sync_handler+0xbc/0x140
[  318.399118]  el0t_64_sync+0x18c/0x190
[  318.402894] DMA_STACK_END: End of stack trace for dma_buf_detach
[  318.409003] FUNC_ENTRY: Entering function dma_heap_detatch at drivers/dma-buf/heaps/carveout-heap.c:91
[  318.418342] DMA_INSTRUMENT: About to call dma_buf_put from function dma_buf_phys_release at drivers/misc/dma-buf-phys.c:66
[  318.429400] DMA_STACK_START: Stack trace for dma_buf_put called from dma_buf_phys_release
[  318.437586] CPU: 1 PID: 7943 Comm: tidlrt_clasific Not tainted 6.1.80-dirty #33
[  318.444883] Hardware name: Texas Instruments J721E SK (DT)
[  318.450355] Call trace:
[  318.452791]  dump_backtrace.part.0+0xdc/0xf0
[  318.457063]  show_stack+0x18/0x30
[  318.460367]  dump_stack_lvl+0x68/0x84
[  318.464020]  dump_stack+0x18/0x34
[  318.467321]  dma_buf_phys_release+0xf4/0x12c
[  318.471578]  __fput+0x70/0x250
[  318.474623]  ____fput+0x10/0x20
[  318.477752]  task_work_run+0x80/0xe0
[  318.481315]  do_notify_resume+0x214/0xd9c
[  318.485312]  el0_svc+0x88/0xa0
[  318.488356]  el0t_64_sync_handler+0xbc/0x140
[  318.492612]  el0t_64_sync+0x18c/0x190
[  318.496370] DMA_STACK_END: End of stack trace for dma_buf_put
[  318.502183] FUNC_ENTRY: Entering function dma_heap_dma_buf_release at drivers/dma-buf/heaps/carveout-heap.c:135
[  318.512349] DMA_INSTRUMENT: About to call dma_buf_unmap_attachment from function dma_buf_phys_release at drivers/misc/dma-buf-phys.c:54
[  318.524542] DMA_STACK_START: Stack trace for dma_buf_unmap_attachment called from dma_buf_phys_release
[  318.533885] CPU: 1 PID: 7943 Comm: tidlrt_clasific Not tainted 6.1.80-dirty #33
[  318.541178] Hardware name: Texas Instruments J721E SK (DT)
[  318.546648] Call trace:
[  318.549084]  dump_backtrace.part.0+0xdc/0xf0
[  318.553353]  show_stack+0x18/0x30
[  318.556659]  dump_stack_lvl+0x68/0x84
[  318.560311]  dump_stack+0x18/0x34
[  318.563615]  dma_buf_phys_release+0x58/0x12c
[  318.567872]  __fput+0x70/0x250
[  318.570914]  ____fput+0x10/0x20
[  318.574043]  task_work_run+0x80/0xe0
[  318.577606]  do_notify_resume+0x214/0xd9c
[  318.581602]  el0_svc+0x88/0xa0
[  318.584645]  el0t_64_sync_handler+0xbc/0x140
[  318.588900]  el0t_64_sync+0x18c/0x190
[  318.592665] DMA_STACK_END: End of stack trace for dma_buf_unmap_attachment
[  318.599668] FUNC_ENTRY: Entering function dma_heap_unmap_dma_buf at drivers/dma-buf/heaps/carveout-heap.c:125
[  318.609636] DMA_INSTRUMENT: About to call dma_buf_detach from function dma_buf_phys_release at drivers/misc/dma-buf-phys.c:60
[  318.620999] DMA_STACK_START: Stack trace for dma_buf_detach called from dma_buf_phys_release
[  318.629609] CPU: 1 PID: 7943 Comm: tidlrt_clasific Not tainted 6.1.80-dirty #33
[  318.636907] Hardware name: Texas Instruments J721E SK (DT)
[  318.642377] Call trace:
[  318.644812]  dump_backtrace.part.0+0xdc/0xf0
[  318.649079]  show_stack+0x18/0x30
[  318.652383]  dump_stack_lvl+0x68/0x84
[  318.656035]  dump_stack+0x18/0x34
[  318.659336]  dma_buf_phys_release+0xa8/0x12c
[  318.663594]  __fput+0x70/0x250
[  318.666640]  ____fput+0x10/0x20
[  318.669768]  task_work_run+0x80/0xe0
[  318.673331]  do_notify_resume+0x214/0xd9c
[  318.677328]  el0_svc+0x88/0xa0
[  318.680371]  el0t_64_sync_handler+0xbc/0x140
[  318.684627]  el0t_64_sync+0x18c/0x190
[  318.688705] DMA_STACK_END: End of stack trace for dma_buf_detach
[  318.694722] FUNC_ENTRY: Entering function dma_heap_detatch at drivers/dma-buf/heaps/carveout-heap.c:91
[  318.704244] DMA_INSTRUMENT: About to call dma_buf_put from function dma_buf_phys_release at drivers/misc/dma-buf-phys.c:66
[  318.716445] DMA_STACK_START: Stack trace for dma_buf_put called from dma_buf_phys_release
[  318.726355] CPU: 1 PID: 7943 Comm: tidlrt_clasific Not tainted 6.1.80-dirty #33
[  318.733659] Hardware name: Texas Instruments J721E SK (DT)
[  318.739130] Call trace:
[  318.741564]  dump_backtrace.part.0+0xdc/0xf0
[  318.745832]  show_stack+0x18/0x30
[  318.749134]  dump_stack_lvl+0x68/0x84
[  318.752785]  dump_stack+0x18/0x34
[  318.756090]  dma_buf_phys_release+0xf4/0x12c
[  318.760347]  __fput+0x70/0x250
[  318.763394]  ____fput+0x10/0x20
[  318.766525]  task_work_run+0x80/0xe0
[  318.770090]  do_notify_resume+0x214/0xd9c
[  318.774090]  el0_svc+0x88/0xa0
[  318.777135]  el0t_64_sync_handler+0xbc/0x140
[  318.781393]  el0t_64_sync+0x18c/0x190
[  318.785228] DMA_STACK_END: End of stack trace for dma_buf_put
[  318.791090] FUNC_ENTRY: Entering function dma_heap_dma_buf_release at drivers/dma-buf/heaps/carveout-heap.c:135
