[    0.000000] Linux version 5.19.0-1024-aws (buildd@lcy02-amd64-094) (x86_64-linux-gnu-gcc (Ubuntu 11.3.0-1ubuntu1~22.04.1) 11.3.0, GNU ld (GNU Binutils for Ubuntu) 2.38) #25~22.04.1-Ubuntu SMP Tue Apr 18 23:41:58 UTC 2023 (Ubuntu 5.19.0-1024.25~22.04.1-aws 5.19.17)
[    0.000000] Command line: BOOT_IMAGE=/boot/vmlinuz-5.19.0-1024-aws root=PARTUUID=5dd15513-d379-4139-a16e-8b08f5b30512 ro console=tty1 console=ttyS0 nvme_core.io_timeout=4294967295 panic=-1
[    0.000000] KERNEL supported cpus:
[    0.000000]   Intel GenuineIntel
[    0.000000]   AMD AuthenticAMD
[    0.000000]   Hygon HygonGenuine
[    0.000000]   Centaur CentaurHauls
[    0.000000]   zhaoxin   Shanghai  
[    0.000000] x86/fpu: Supporting XSAVE feature 0x001: 'x87 floating point registers'
[    0.000000] x86/fpu: Supporting XSAVE feature 0x002: 'SSE registers'
[    0.000000] x86/fpu: Supporting XSAVE feature 0x004: 'AVX registers'
[    0.000000] x86/fpu: Supporting XSAVE feature 0x008: 'MPX bounds registers'
[    0.000000] x86/fpu: Supporting XSAVE feature 0x010: 'MPX CSR'
[    0.000000] x86/fpu: Supporting XSAVE feature 0x020: 'AVX-512 opmask'
[    0.000000] x86/fpu: Supporting XSAVE feature 0x040: 'AVX-512 Hi256'
[    0.000000] x86/fpu: Supporting XSAVE feature 0x080: 'AVX-512 ZMM_Hi256'
[    0.000000] x86/fpu: Supporting XSAVE feature 0x200: 'Protection Keys User registers'
[    0.000000] x86/fpu: xstate_offset[2]:  576, xstate_sizes[2]:  256
[    0.000000] x86/fpu: xstate_offset[3]:  832, xstate_sizes[3]:   64
[    0.000000] x86/fpu: xstate_offset[4]:  896, xstate_sizes[4]:   64
[    0.000000] x86/fpu: xstate_offset[5]:  960, xstate_sizes[5]:   64
[    0.000000] x86/fpu: xstate_offset[6]: 1024, xstate_sizes[6]:  512
[    0.000000] x86/fpu: xstate_offset[7]: 1536, xstate_sizes[7]: 1024
[    0.000000] x86/fpu: xstate_offset[9]: 2560, xstate_sizes[9]:    8
[    0.000000] x86/fpu: Enabled xstate features 0x2ff, context size is 2568 bytes, using 'compacted' format.
[    0.000000] signal: max sigframe size: 3632
[    0.000000] BIOS-provided physical RAM map:
[    0.000000] BIOS-e820: [mem 0x0000000000000000-0x000000000009fbff] usable
[    0.000000] BIOS-e820: [mem 0x000000000009fc00-0x000000000009ffff] reserved
[    0.000000] BIOS-e820: [mem 0x00000000000f0000-0x00000000000fffff] reserved
[    0.000000] BIOS-e820: [mem 0x0000000000100000-0x00000000bffe8fff] usable
[    0.000000] BIOS-e820: [mem 0x00000000bffe9000-0x00000000bfffffff] reserved
[    0.000000] BIOS-e820: [mem 0x00000000e0000000-0x00000000e03fffff] reserved
[    0.000000] BIOS-e820: [mem 0x00000000fffc0000-0x00000000ffffffff] reserved
[    0.000000] BIOS-e820: [mem 0x0000000100000000-0x000000022d3fffff] usable
[    0.000000] BIOS-e820: [mem 0x000000022d400000-0x000000023fffffff] reserved
[    0.000000] NX (Execute Disable) protection: active
[    0.000000] SMBIOS 2.7 present.
[    0.000000] DMI: Amazon EC2 inf1.xlarge/, BIOS 1.0 10/16/2017
[    0.000000] Hypervisor detected: KVM
[    0.000000] kvm-clock: Using msrs 4b564d01 and 4b564d00
[    0.000001] kvm-clock: using sched offset of 1736602776 cycles
[    0.000003] clocksource: kvm-clock: mask: 0xffffffffffffffff max_cycles: 0x1cd42e4dffb, max_idle_ns: 881590591483 ns
[    0.000005] tsc: Detected 2999.994 MHz processor
[    0.000431] e820: update [mem 0x00000000-0x00000fff] usable ==> reserved
[    0.000434] e820: remove [mem 0x000a0000-0x000fffff] usable
[    0.000438] last_pfn = 0x22d400 max_arch_pfn = 0x400000000
[    0.000470] x86/PAT: Configuration [0-7]: WB  WC  UC- UC  WB  WP  UC- WT  
[    0.000477] last_pfn = 0xbffe9 max_arch_pfn = 0x400000000
[    0.007352] Using GB pages for direct mapping
[    0.007491] RAMDISK: [mem 0x3638d000-0x371bdfff]
[    0.007495] ACPI: Early table checksum verification disabled
[    0.007498] ACPI: RSDP 0x00000000000F8F00 000014 (v00 AMAZON)
[    0.007501] ACPI: RSDT 0x00000000BFFEE100 000044 (v01 AMAZON AMZNRSDT 00000001 AMZN 00000001)
[    0.007506] ACPI: WAET 0x00000000BFFEFFC0 000028 (v01 AMAZON AMZNWAET 00000001 AMZN 00000001)
[    0.007509] ACPI: SLIT 0x00000000BFFEFF40 00006C (v01 AMAZON AMZNSLIT 00000001 AMZN 00000001)
[    0.007512] ACPI: APIC 0x00000000BFFEFE80 000086 (v01 AMAZON AMZNAPIC 00000001 AMZN 00000001)
[    0.007515] ACPI: SRAT 0x00000000BFFEFDC0 0000C0 (v01 AMAZON AMZNSRAT 00000001 AMZN 00000001)
[    0.007517] ACPI: FACP 0x00000000BFFEFC80 000114 (v01 AMAZON AMZNFACP 00000001 AMZN 00000001)
[    0.007521] ACPI: DSDT 0x00000000BFFEEAC0 00115A (v01 AMAZON AMZNDSDT 00000001 AMZN 00000001)
[    0.007524] ACPI: FACS 0x00000000000F8EC0 000040
[    0.007526] ACPI: HPET 0x00000000BFFEFC40 000038 (v01 AMAZON AMZNHPET 00000001 AMZN 00000001)
[    0.007529] ACPI: SSDT 0x00000000BFFEE280 00081F (v01 AMAZON AMZNSSDT 00000001 AMZN 00000001)
[    0.007532] ACPI: SSDT 0x00000000BFFEE180 0000D1 (v01 AMAZON AMZNSSDT 00000001 AMZN 00000001)
[    0.007534] ACPI: Reserving WAET table memory at [mem 0xbffeffc0-0xbffeffe7]
[    0.007535] ACPI: Reserving SLIT table memory at [mem 0xbffeff40-0xbffeffab]
[    0.007536] ACPI: Reserving APIC table memory at [mem 0xbffefe80-0xbffeff05]
[    0.007536] ACPI: Reserving SRAT table memory at [mem 0xbffefdc0-0xbffefe7f]
[    0.007537] ACPI: Reserving FACP table memory at [mem 0xbffefc80-0xbffefd93]
[    0.007538] ACPI: Reserving DSDT table memory at [mem 0xbffeeac0-0xbffefc19]
[    0.007539] ACPI: Reserving FACS table memory at [mem 0xf8ec0-0xf8eff]
[    0.007539] ACPI: Reserving HPET table memory at [mem 0xbffefc40-0xbffefc77]
[    0.007540] ACPI: Reserving SSDT table memory at [mem 0xbffee280-0xbffeea9e]
[    0.007541] ACPI: Reserving SSDT table memory at [mem 0xbffee180-0xbffee250]
[    0.007643] SRAT: PXM 0 -> APIC 0x00 -> Node 0
[    0.007644] SRAT: PXM 0 -> APIC 0x01 -> Node 0
[    0.007645] SRAT: PXM 0 -> APIC 0x02 -> Node 0
[    0.007645] SRAT: PXM 0 -> APIC 0x03 -> Node 0
[    0.007647] ACPI: SRAT: Node 0 PXM 0 [mem 0x00000000-0xbfffffff]
[    0.007648] ACPI: SRAT: Node 0 PXM 0 [mem 0x100000000-0x23fffffff]
[    0.007656] NUMA: Initialized distance table, cnt=1
[    0.007659] NUMA: Node 0 [mem 0x00000000-0xbfffffff] + [mem 0x100000000-0x22d3fffff] -> [mem 0x00000000-0x22d3fffff]
[    0.007666] NODE_DATA(0) allocated [mem 0x22d3d4000-0x22d3fefff]
[    0.007991] Zone ranges:
[    0.007992]   DMA      [mem 0x0000000000001000-0x0000000000ffffff]
[    0.007993]   DMA32    [mem 0x0000000001000000-0x00000000ffffffff]
[    0.007995]   Normal   [mem 0x0000000100000000-0x000000022d3fffff]
[    0.007996]   Device   empty
[    0.007997] Movable zone start for each node
[    0.008000] Early memory node ranges
[    0.008000]   node   0: [mem 0x0000000000001000-0x000000000009efff]
[    0.008001]   node   0: [mem 0x0000000000100000-0x00000000bffe8fff]
[    0.008002]   node   0: [mem 0x0000000100000000-0x000000022d3fffff]
[    0.008004] Initmem setup node 0 [mem 0x0000000000001000-0x000000022d3fffff]
[    0.008010] On node 0, zone DMA: 1 pages in unavailable ranges
[    0.008046] On node 0, zone DMA: 97 pages in unavailable ranges
[    0.026141] On node 0, zone Normal: 23 pages in unavailable ranges
[    0.026285] On node 0, zone Normal: 11264 pages in unavailable ranges
[    0.026660] ACPI: PM-Timer IO Port: 0xb008
[    0.026669] ACPI: LAPIC_NMI (acpi_id[0xff] dfl dfl lint[0x1])
[    0.026719] IOAPIC[0]: apic_id 0, version 32, address 0xfec00000, GSI 0-23
[    0.026722] ACPI: INT_SRC_OVR (bus 0 bus_irq 5 global_irq 5 high level)
[    0.026724] ACPI: INT_SRC_OVR (bus 0 bus_irq 9 global_irq 9 high level)
[    0.026725] ACPI: INT_SRC_OVR (bus 0 bus_irq 10 global_irq 10 high level)
[    0.026726] ACPI: INT_SRC_OVR (bus 0 bus_irq 11 global_irq 11 high level)
[    0.026729] ACPI: Using ACPI (MADT) for SMP configuration information
[    0.026730] ACPI: HPET id: 0x8086a201 base: 0xfed00000
[    0.026733] TSC deadline timer available
[    0.026734] smpboot: Allowing 4 CPUs, 0 hotplug CPUs
[    0.026760] PM: hibernation: Registered nosave memory: [mem 0x00000000-0x00000fff]
[    0.026763] PM: hibernation: Registered nosave memory: [mem 0x0009f000-0x0009ffff]
[    0.026765] PM: hibernation: Registered nosave memory: [mem 0x000a0000-0x000effff]
[    0.026766] PM: hibernation: Registered nosave memory: [mem 0x000f0000-0x000fffff]
[    0.026769] PM: hibernation: Registered nosave memory: [mem 0xbffe9000-0xbfffffff]
[    0.026770] PM: hibernation: Registered nosave memory: [mem 0xc0000000-0xdfffffff]
[    0.026772] PM: hibernation: Registered nosave memory: [mem 0xe0000000-0xe03fffff]
[    0.026773] PM: hibernation: Registered nosave memory: [mem 0xe0400000-0xfffbffff]
[    0.026775] PM: hibernation: Registered nosave memory: [mem 0xfffc0000-0xffffffff]
[    0.026777] [mem 0xc0000000-0xdfffffff] available for PCI devices
[    0.026779] Booting paravirtualized kernel on KVM
[    0.026780] clocksource: refined-jiffies: mask: 0xffffffff max_cycles: 0xffffffff, max_idle_ns: 7645519600211568 ns
[    0.026790] setup_percpu: NR_CPUS:8192 nr_cpumask_bits:4 nr_cpu_ids:4 nr_node_ids:1
[    0.027146] percpu: Embedded 61 pages/cpu s212992 r8192 d28672 u524288
[    0.027151] pcpu-alloc: s212992 r8192 d28672 u524288 alloc=1*2097152
[    0.027153] pcpu-alloc: [0] 0 1 2 3 
[    0.027412] kvm-guest: PV spinlocks disabled, no host support
[    0.027414] Fallback order for Node 0: 0 
[    0.027417] Built 1 zonelists, mobility grouping on.  Total pages: 1988505
[    0.027418] Policy zone: Normal
[    0.027419] Kernel command line: BOOT_IMAGE=/boot/vmlinuz-5.19.0-1024-aws root=PARTUUID=5dd15513-d379-4139-a16e-8b08f5b30512 ro console=tty1 console=ttyS0 nvme_core.io_timeout=4294967295 panic=-1
[    0.027472] Unknown kernel command line parameters "BOOT_IMAGE=/boot/vmlinuz-5.19.0-1024-aws", will be passed to user space.
[    0.028651] Dentry cache hash table entries: 1048576 (order: 11, 8388608 bytes, linear)
[    0.029236] Inode-cache hash table entries: 524288 (order: 10, 4194304 bytes, linear)
[    0.029286] mem auto-init: stack:off, heap alloc:on, heap free:off
[    0.059572] Memory: 7813604K/8080924K available (18440K kernel code, 4051K rwdata, 11332K rodata, 3280K init, 4792K bss, 267060K reserved, 0K cma-reserved)
[    0.059881] SLUB: HWalign=64, Order=0-3, MinObjects=0, CPUs=4, Nodes=1
[    0.059896] Kernel/User page tables isolation: enabled
[    0.059910] ftrace: allocating 52414 entries in 205 pages
[    0.059981] ftrace section at ffffffff90e09140 sorted properly
[    0.069248] ftrace: allocated 205 pages with 5 groups
[    0.069371] rcu: Hierarchical RCU implementation.
[    0.069372] rcu: 	RCU restricting CPUs from NR_CPUS=8192 to nr_cpu_ids=4.
[    0.069373] 	Rude variant of Tasks RCU enabled.
[    0.069374] 	Tracing variant of Tasks RCU enabled.
[    0.069375] rcu: RCU calculated value of scheduler-enlistment delay is 25 jiffies.
[    0.069375] rcu: Adjusting geometry for rcu_fanout_leaf=16, nr_cpu_ids=4
[    0.073391] NR_IRQS: 524544, nr_irqs: 456, preallocated irqs: 16
[    0.073581] rcu: srcu_init: Setting srcu_struct sizes based on contention.
[    0.073603] random: crng init done
[    0.212650] Console: colour VGA+ 80x25
[    0.727739] printk: console [tty1] enabled
[    0.878270] printk: console [ttyS0] enabled
[    0.881683] ACPI: Core revision 20220331
[    0.885115] clocksource: hpet: mask: 0xffffffff max_cycles: 0xffffffff, max_idle_ns: 30580167144 ns
[    0.892036] APIC: Switch to symmetric I/O mode setup
[    0.896043] x2apic enabled
[    0.899198] Switched APIC routing to physical x2apic.
[    0.904242] clocksource: tsc-early: mask: 0xffffffffffffffff max_cycles: 0x2b3e3fac9a0, max_idle_ns: 440795340953 ns
[    0.911795] Calibrating delay loop (skipped) preset value.. 5999.98 BogoMIPS (lpj=11999976)
[    0.915792] pid_max: default: 32768 minimum: 301
[    0.915792] LSM: Security Framework initializing
[    0.915792] landlock: Up and running.
[    0.915792] Yama: becoming mindful.
[    0.915792] AppArmor: AppArmor initialized
[    0.915792] Mount-cache hash table entries: 16384 (order: 5, 131072 bytes, linear)
[    0.915792] Mountpoint-cache hash table entries: 16384 (order: 5, 131072 bytes, linear)
[    0.915792] Last level iTLB entries: 4KB 64, 2MB 8, 4MB 8
[    0.915792] Last level dTLB entries: 4KB 64, 2MB 0, 4MB 0, 1GB 4
[    0.915792] Spectre V1 : Mitigation: usercopy/swapgs barriers and __user pointer sanitization
[    0.915792] Spectre V2 : Mitigation: Retpolines
[    0.915792] Spectre V2 : Spectre v2 / SpectreRSB mitigation: Filling RSB on context switch
[    0.915792] Spectre V2 : Spectre v2 / SpectreRSB : Filling RSB on VMEXIT
[    0.915792] RETBleed: WARNING: Spectre v2 mitigation leaves CPU vulnerable to RETBleed attacks, data leaks possible!
[    0.915792] RETBleed: Vulnerable
[    0.915792] Speculative Store Bypass: Vulnerable
[    0.915792] MDS: Vulnerable: Clear CPU buffers attempted, no microcode
[    0.915792] MMIO Stale Data: Vulnerable: Clear CPU buffers attempted, no microcode
[    0.915792] Freeing SMP alternatives memory: 44K
[    0.915792] smpboot: CPU0: Intel(R) Xeon(R) Platinum 8275CL CPU @ 3.00GHz (family: 0x6, model: 0x55, stepping: 0x7)
[    0.915911] cblist_init_generic: Setting adjustable number of callback queues.
[    0.919794] cblist_init_generic: Setting shift to 2 and lim to 1.
[    0.923810] cblist_init_generic: Setting shift to 2 and lim to 1.
[    0.927807] Performance Events: unsupported p6 CPU model 85 no PMU driver, software events only.
[    0.931851] Estimated ratio of average max frequency by base frequency (times 1024): 1262
[    0.935818] rcu: Hierarchical SRCU implementation.
[    0.939500] rcu: 	Max phase no-delay instances is 1000.
[    0.943215] NMI watchdog: Perf NMI watchdog permanently disabled
[    0.947133] smp: Bringing up secondary CPUs ...
[    0.950758] x86: Booting SMP configuration:
[    0.951796] .... node  #0, CPUs:      #1 #2
[    0.952547] MDS CPU bug present and SMT on, data leak possible. See https://www.kernel.org/doc/html/latest/admin-guide/hw-vuln/mds.html for more details.
[    0.959795] MMIO Stale Data CPU bug present and SMT on, data leak possible. See https://www.kernel.org/doc/html/latest/admin-guide/hw-vuln/processor_mmio_stale_data.html for more details.
[    0.963912]  #3
[    0.964333] smp: Brought up 1 node, 4 CPUs
[    0.967796] smpboot: Max logical packages: 1
[    0.971317] smpboot: Total of 4 processors activated (23999.95 BogoMIPS)
[    0.975668] devtmpfs: initialized
[    0.978429] x86/mm: Memory block size: 128MB
[    0.980352] clocksource: jiffies: mask: 0xffffffff max_cycles: 0xffffffff, max_idle_ns: 7645041785100000 ns
[    0.983810] futex hash table entries: 1024 (order: 4, 65536 bytes, linear)
[    0.987841] pinctrl core: initialized pinctrl subsystem
[    0.991795] PM: RTC time: 23:56:34, date: 2026-08-08
[    0.995979] NET: Registered PF_NETLINK/PF_ROUTE protocol family
[    1.000036] DMA: preallocated 1024 KiB GFP_KERNEL pool for atomic allocations
[    1.003994] DMA: preallocated 1024 KiB GFP_KERNEL|GFP_DMA pool for atomic allocations
[    1.007967] DMA: preallocated 1024 KiB GFP_KERNEL|GFP_DMA32 pool for atomic allocations
[    1.011801] audit: initializing netlink subsys (disabled)
[    1.015709] audit: type=2000 audit(1786233394.400:1): state=initialized audit_enabled=0 res=1
[    1.015845] thermal_sys: Registered thermal governor 'fair_share'
[    1.019796] thermal_sys: Registered thermal governor 'bang_bang'
[    1.023795] thermal_sys: Registered thermal governor 'step_wise'
[    1.027794] thermal_sys: Registered thermal governor 'user_space'
[    1.031795] thermal_sys: Registered thermal governor 'power_allocator'
[    1.035800] EISA bus registered
[    1.042837] cpuidle: using governor ladder
[    1.043797] cpuidle: using governor menu
[    1.047154] HugeTLB: can optimize 4095 vmemmap pages for hugepages-1048576kB
[    1.051186] acpiphp: ACPI Hot Plug PCI Controller Driver version: 0.5
[    1.055163] PCI: Using configuration type 1 for base access
[    1.060122] kprobes: kprobe jump-optimization is enabled. All kprobes are optimized if possible.
[    1.063867] HugeTLB: can optimize 7 vmemmap pages for hugepages-2048kB
[    1.067792] HugeTLB registered 1.00 GiB page size, pre-allocated 0 pages
[    1.071212] HugeTLB registered 2.00 MiB page size, pre-allocated 0 pages
[    1.075883] ACPI: Added _OSI(Module Device)
[    1.079796] ACPI: Added _OSI(Processor Device)
[    1.083637] ACPI: Added _OSI(3.0 _SCP Extensions)
[    1.086858] ACPI: Added _OSI(Processor Aggregator Device)
[    1.087798] ACPI: Added _OSI(Linux-Dell-Video)
[    1.091304] ACPI: Added _OSI(Linux-Lenovo-NV-HDMI-Audio)
[    1.094854] ACPI: Added _OSI(Linux-HPI-Hybrid-Graphics)
[    1.096953] ACPI: 3 ACPI AML tables successfully acquired and loaded
[    1.100538] ACPI: Interpreter enabled
[    1.103758] ACPI: PM: (supports S0 S4 S5)
[    1.106491] ACPI: Using IOAPIC for interrupt routing
[    1.107804] PCI: Using host bridge windows from ACPI; if necessary, use "pci=nocrs" and report a bug
[    1.111794] PCI: Using E820 reservations for host bridge windows
[    1.115891] ACPI: Enabled 2 GPEs in block 00 to 0F
[    1.121669] ACPI: PCI Root Bridge [PCI0] (domain 0000 [bus 00-ff])
[    1.123798] acpi PNP0A03:00: _OSC: OS supports [ASPM ClockPM Segments MSI EDR HPX-Type3]
[    1.127795] acpi PNP0A03:00: _OSC: not requesting OS control; OS requires [ExtendedConfig ASPM ClockPM MSI]
[    1.131802] acpi PNP0A03:00: fail to add MMCONFIG information, can't access extended PCI configuration space under this bridge.
[    1.136052] acpiphp: Slot [3] registered
[    1.139398] acpiphp: Slot [4] registered
[    1.142534] acpiphp: Slot [5] registered
[    1.143809] acpiphp: Slot [6] registered
[    1.147127] acpiphp: Slot [7] registered
[    1.147808] acpiphp: Slot [8] registered
[    1.151131] acpiphp: Slot [9] registered
[    1.151807] acpiphp: Slot [10] registered
[    1.155214] acpiphp: Slot [11] registered
[    1.158528] acpiphp: Slot [12] registered
[    1.159808] acpiphp: Slot [13] registered
[    1.163234] acpiphp: Slot [14] registered
[    1.166574] acpiphp: Slot [15] registered
[    1.167807] acpiphp: Slot [16] registered
[    1.171238] acpiphp: Slot [17] registered
[    1.174574] acpiphp: Slot [18] registered
[    1.175807] acpiphp: Slot [19] registered
[    1.179237] acpiphp: Slot [20] registered
[    1.182596] acpiphp: Slot [21] registered
[    1.183808] acpiphp: Slot [22] registered
[    1.187228] acpiphp: Slot [23] registered
[    1.190560] acpiphp: Slot [24] registered
[    1.191808] acpiphp: Slot [25] registered
[    1.195203] acpiphp: Slot [26] registered
[    1.198563] acpiphp: Slot [27] registered
[    1.199808] acpiphp: Slot [28] registered
[    1.203198] acpiphp: Slot [29] registered
[    1.206551] acpiphp: Slot [30] registered
[    1.207808] acpiphp: Slot [31] registered
[    1.211210] PCI host bridge to bus 0000:00
[    1.214595] pci_bus 0000:00: root bus resource [io  0x0000-0x0cf7 window]
[    1.215795] pci_bus 0000:00: root bus resource [io  0x0d00-0xffff window]
[    1.219795] pci_bus 0000:00: root bus resource [mem 0x000a0000-0x000bffff window]
[    1.223795] pci_bus 0000:00: root bus resource [mem 0xc0000000-0xfebfffff window]
[    1.227794] pci_bus 0000:00: root bus resource [mem 0x240000000-0x20023fffffff window]
[    1.231795] pci_bus 0000:00: root bus resource [bus 00-ff]
[    1.235784] pci 0000:00:00.0: [8086:1237] type 00 class 0x060000
[    1.239320] pci 0000:00:01.0: [8086:7000] type 00 class 0x060100
[    1.243905] pci 0000:00:01.3: [8086:7113] type 00 class 0x000000
[    1.248526] pci 0000:00:01.3: quirk: [io  0xb000-0xb03f] claimed by PIIX4 ACPI
[    1.251808] pci 0000:00:01.3: quirk: [io  0xb100-0xb10f] claimed by PIIX4 SMB
[    1.255846] pci 0000:00:01.3: PIIX4 devres E PIO at fff0-ffff
[    1.259808] pci 0000:00:01.3: PIIX4 devres F MMIO at ffc00000-ffffffff
[    1.263808] pci 0000:00:01.3: PIIX4 devres G PIO at fff0-ffff
[    1.267808] pci 0000:00:01.3: PIIX4 devres H MMIO at ffc00000-ffffffff
[    1.271807] pci 0000:00:01.3: PIIX4 devres I PIO at fff0-ffff
[    1.275808] pci 0000:00:01.3: PIIX4 devres J PIO at fff0-ffff
[    1.279795] pci 0000:00:01.3: quirk_piix4_acpi+0x0/0x180 took 31250 usecs
[    1.284197] pci 0000:00:03.0: [1d0f:1111] type 00 class 0x030000
[    1.288344] pci 0000:00:03.0: reg 0x10: [mem 0xfe400000-0xfe7fffff pref]
[    1.293459] pci 0000:00:03.0: reg 0x30: [mem 0xfe000000-0xfe00ffff pref]
[    1.295869] pci 0000:00:03.0: Video device with shadowed ROM at [mem 0x000c0000-0x000dffff]
[    1.300027] pci 0000:00:04.0: [1d0f:8061] type 00 class 0x010802
[    1.304830] pci 0000:00:04.0: reg 0x10: [mem 0xfe020000-0xfe023fff]
[    1.312021] pci 0000:00:05.0: [1d0f:ec20] type 00 class 0x020000
[    1.316740] pci 0000:00:05.0: reg 0x10: [mem 0xfe024000-0xfe027fff]
[    1.321428] pci 0000:00:05.0: reg 0x18: [mem 0xfe800000-0xfebfffff pref]
[    1.326970] pci 0000:00:05.0: enabling Extended Tags
[    1.332721] pci 0000:00:1f.0: [1d0f:7064] type 00 class 0x088000
[    1.337478] pci 0000:00:1f.0: reg 0x10: [mem 0xfd800000-0xfdffffff]
[    1.341263] pci 0000:00:1f.0: reg 0x14: [mem 0xfe010000-0xfe01ffff]
[    1.345287] pci 0000:00:1f.0: reg 0x18: [mem 0x600000000-0x61fffffff 64bit pref]
[    1.349188] pci 0000:00:1f.0: reg 0x20: [mem 0x400000000-0x5ffffffff 64bit pref]
[    1.353441] pci 0000:00:1f.0: 31.504 Gb/s available PCIe bandwidth, limited by 8.0 GT/s PCIe x4 link at 0000:00:1f.0 (capable of 63.012 Gb/s with 16.0 GT/s PCIe x4 link)
[    1.360176] ACPI: PCI: Interrupt link LNKA configured for IRQ 10
[    1.363895] ACPI: PCI: Interrupt link LNKB configured for IRQ 10
[    1.367902] ACPI: PCI: Interrupt link LNKC configured for IRQ 11
[    1.371969] ACPI: PCI: Interrupt link LNKD configured for IRQ 11
[    1.375843] ACPI: PCI: Interrupt link LNKS configured for IRQ 9
[    1.380173] iommu: Default domain type: Translated 
[    1.383795] iommu: DMA domain TLB invalidation policy: lazy mode 
[    1.479978] SCSI subsystem initialized
[    1.483818] libata version 3.00 loaded.
[    1.483818] ACPI: bus type USB registered
[    1.486540] usbcore: registered new interface driver usbfs
[    1.491799] usbcore: registered new interface driver hub
[    1.495656] usbcore: registered new device driver usb
[    1.498770] pps_core: LinuxPPS API ver. 1 registered
[    1.499794] pps_core: Software ver. 5.3.6 - Copyright 2005-2007 Rodolfo Giometti <giometti@linux.it>
[    1.507797] PTP clock support registered
[    1.511807] EDAC MC: Ver: 3.0.0
[    1.515966] NetLabel: Initializing
[    1.519053] NetLabel:  domain hash size = 128
[    1.522573] NetLabel:  protocols = UNLABELED CIPSOv4 CALIPSO
[    1.527807] NetLabel:  unlabeled traffic allowed by default
[    1.531823] mctp: management component transport protocol core
[    1.535795] NET: Registered PF_MCTP protocol family
[    1.539794] PCI: Using ACPI for IRQ routing
[    1.542550] PCI: pci_cache_line_size set to 64 bytes
[    1.542678] e820: reserve RAM buffer [mem 0x0009fc00-0x0009ffff]
[    1.542680] e820: reserve RAM buffer [mem 0xbffe9000-0xbfffffff]
[    1.542681] e820: reserve RAM buffer [mem 0x22d400000-0x22fffffff]
[    1.542686] pci 0000:00:03.0: vgaarb: setting as boot VGA device
[    1.543792] pci 0000:00:03.0: vgaarb: bridge control possible
[    1.543792] pci 0000:00:03.0: vgaarb: VGA device added: decodes=io+mem,owns=io+mem,locks=none
[    1.555796] vgaarb: loaded
[    1.560989] hpet0: at MMIO 0xfed00000, IRQs 2, 8, 0, 0, 0, 0, 0, 0
[    1.567796] hpet0: 8 comparators, 32-bit 62.500000 MHz counter
[    1.574881] clocksource: Switched to clocksource kvm-clock
[    1.575912] VFS: Disk quotas dquot_6.6.0
[    1.579267] VFS: Dquot-cache hash table entries: 512 (order 0, 4096 bytes)
[    1.584007] AppArmor: AppArmor Filesystem Enabled
[    1.587697] pnp: PnP ACPI init
[    1.591037] pnp: PnP ACPI: found 5 devices
[    1.600458] clocksource: acpi_pm: mask: 0xffffff max_cycles: 0xffffff, max_idle_ns: 2085701024 ns
[    1.607425] NET: Registered PF_INET protocol family
[    1.611342] IP idents hash table entries: 131072 (order: 8, 1048576 bytes, linear)
[    1.619272] tcp_listen_portaddr_hash hash table entries: 4096 (order: 4, 65536 bytes, linear)
[    1.626226] Table-perturb hash table entries: 65536 (order: 6, 262144 bytes, linear)
[    1.632779] TCP established hash table entries: 65536 (order: 7, 524288 bytes, linear)
[    1.639605] TCP bind hash table entries: 65536 (order: 8, 1048576 bytes, linear)
[    1.646172] TCP: Hash tables configured (established 65536 bind 65536)
[    1.650599] MPTCP token hash table entries: 8192 (order: 5, 196608 bytes, linear)
[    1.656953] UDP hash table entries: 4096 (order: 5, 131072 bytes, linear)
[    1.661512] UDP-Lite hash table entries: 4096 (order: 5, 131072 bytes, linear)
[    1.667939] NET: Registered PF_UNIX/PF_LOCAL protocol family
[    1.672052] NET: Registered PF_XDP protocol family
[    1.675766] pci_bus 0000:00: resource 4 [io  0x0000-0x0cf7 window]
[    1.680026] pci_bus 0000:00: resource 5 [io  0x0d00-0xffff window]
[    1.684240] pci_bus 0000:00: resource 6 [mem 0x000a0000-0x000bffff window]
[    1.688677] pci_bus 0000:00: resource 7 [mem 0xc0000000-0xfebfffff window]
[    1.693096] pci_bus 0000:00: resource 8 [mem 0x240000000-0x20023fffffff window]
[    1.699403] pci 0000:00:00.0: Limiting direct PCI/PCI transfers
[    1.703553] pci 0000:00:01.0: Activating ISA DMA hang workarounds
[    1.707786] PCI: CLS 64 bytes, default 64
[    1.711209] PCI-DMA: Using software bounce buffering for IO (SWIOTLB)
[    1.711258] Trying to unpack rootfs image as initramfs...
[    1.712238] software IO TLB: mapped [mem 0x00000000bbfe9000-0x00000000bffe9000] (64MB)
[    1.712298] clocksource: tsc: mask: 0xffffffffffffffff max_cycles: 0x2b3e3fac9a0, max_idle_ns: 440795340953 ns
[    1.722731] Freeing initrd memory: 14532K
[    1.739276] clocksource: Switched to clocksource tsc
[    1.743291] Initialise system trusted keyrings
[    1.746842] Key type blacklist registered
[    1.750212] workingset: timestamp_bits=36 max_order=21 bucket_order=0
[    1.755487] zbud: loaded
[    1.758508] squashfs: version 4.0 (2009/01/31) Phillip Lougher
[    1.762719] fuse: init (API version 7.36)
[    1.766254] integrity: Platform Keyring initialized
[    1.769969] integrity: Machine keyring initialized
[    1.779695] Key type asymmetric registered
[    1.783099] Asymmetric key parser 'x509' registered
[    1.787117] alg: self-tests for CTR-KDF (hmac(sha256)) passed
[    1.791251] Block layer SCSI generic (bsg) driver version 0.4 loaded (major 243)
[    1.797846] io scheduler mq-deadline registered
[    1.801795] shpchp: Standard Hot Plug PCI Controller Driver version: 0.4
[    1.806386] input: Power Button as /devices/LNXSYSTM:00/LNXPWRBN:00/input/input0
[    1.812909] ACPI: button: Power Button [PWRF]
[    1.816578] input: Sleep Button as /devices/LNXSYSTM:00/LNXSLPBN:00/input/input1
[    1.823108] ACPI: button: Sleep Button [SLPF]
[    1.827048] Serial: 8250/16550 driver, 4 ports, IRQ sharing enabled
[    1.856300] 00:04: ttyS0 at I/O 0x3f8 (irq = 4, base_baud = 115200) is a 16550A
[    1.863092] Linux agpgart interface v0.103
[    1.867706] loop: module loaded
[    1.871009] nvme nvme0: pci function 0000:00:04.0
[    1.874820] tun: Universal TUN/TAP device driver, 1.6
[    1.875097] ACPI: \_SB_.LNKD: Enabled at IRQ 11
[    1.875652] PPP generic driver version 2.4.2
[    1.877458] Spurious interrupt (vector 0xef) on CPU#0. Acked
[    1.880237] VFIO - User Level meta-driver version: 0.3
[    1.892753] Spurious interrupt (vector 0xef) on CPU#0. Acked
[    1.896631] nvme nvme0: 2/0/0 default/read/poll queues
[    1.898152] ehci_hcd: USB 2.0 'Enhanced' Host Controller (EHCI) Driver
[    1.906418] ehci-pci: EHCI PCI platform driver
[    1.910121] ehci-platform: EHCI generic platform driver
[    1.914076] ohci_hcd: USB 1.1 'Open' Host Controller (OHCI) Driver
[    1.918392] ohci-pci: OHCI PCI platform driver
[    1.921995] ohci-platform: OHCI generic platform driver
[    1.922865]  nvme0n1: p1 p14 p15
[    1.926106] uhci_hcd: USB Universal Host Controller Interface driver
[    1.933618] i8042: PNP: PS/2 Controller [PNP0303:KBD,PNP0f13:MOU] at 0x60,0x64 irq 1,12
[    1.940363] i8042: Warning: Keylock active
[    1.944790] serio: i8042 KBD port at 0x60,0x64 irq 1
[    1.948529] serio: i8042 AUX port at 0x60,0x64 irq 12
[    1.952387] mousedev: PS/2 mouse device common for all mice
[    1.956430] rtc_cmos 00:00: RTC can wake from S4
[    1.961003] rtc_cmos 00:00: registered as rtc0
[    1.964747] rtc_cmos 00:00: setting system clock to 2026-08-08T23:56:36 UTC (1786233396)
[    1.971524] rtc_cmos 00:00: alarms up to one day, 114 bytes nvram
[    1.975798] i2c_dev: i2c /dev entries driver
[    1.979328] device-mapper: core: CONFIG_IMA_DISABLE_HTABLE is disabled. Duplicate IMA measurements will not be recorded in the IMA log.
[    1.987725] device-mapper: uevent: version 1.0.3
[    1.991350] device-mapper: ioctl: 4.47.0-ioctl (2022-07-28) initialised: dm-devel@redhat.com
[    1.998140] platform eisa.0: Probing EISA bus 0
[    2.001744] platform eisa.0: EISA: Cannot allocate resource for mainboard
[    2.006219] platform eisa.0: Cannot allocate resource for EISA slot 1
[    2.010536] platform eisa.0: Cannot allocate resource for EISA slot 2
[    2.014911] platform eisa.0: Cannot allocate resource for EISA slot 3
[    2.019232] platform eisa.0: Cannot allocate resource for EISA slot 4
[    2.023547] platform eisa.0: Cannot allocate resource for EISA slot 5
[    2.027936] platform eisa.0: Cannot allocate resource for EISA slot 6
[    2.032297] platform eisa.0: Cannot allocate resource for EISA slot 7
[    2.036601] platform eisa.0: Cannot allocate resource for EISA slot 8
[    2.040985] platform eisa.0: EISA: Detected 0 cards
[    2.044775] intel_pstate: P-states controlled by the platform
[    2.048902] ledtrig-cpu: registered to indicate activity on CPUs
[    2.053143] drop_monitor: Initializing network drop monitor service
[    2.069477] NET: Registered PF_INET6 protocol family
[    2.073701] Segment Routing with IPv6
[    2.076987] In-situ OAM (IOAM) with IPv6
[    2.080355] NET: Registered PF_PACKET protocol family
[    2.084190] Key type dns_resolver registered
[    2.088025] No MBM correction factor available
[    2.091614] IPI shorthand broadcast: enabled
[    2.095092] sched_clock: Marking stable (1254091784, 838205163)->(2435767348, -343470401)
[    2.101982] registered taskstats version 1
[    2.105483] Loading compiled-in X.509 certificates
[    2.109848] Loaded X.509 cert 'Build time autogenerated kernel key: a97c6fad57101cd2006dcc5336351faa1732df97'
[    2.117704] Loaded X.509 cert 'Canonical Ltd. Live Patch Signing: 14df34d1a87cf37625abec039ef2bf521249b969'
[    2.125495] Loaded X.509 cert 'Canonical Ltd. Kernel Module Signing: 88f752e560a1e0737e31163a466ad7b70a850c19'
[    2.132926] blacklist: Loading compiled-in revocation X.509 certificates
[    2.137386] Loaded X.509 cert 'Canonical Ltd. Secure Boot Signing: 61482aa2830d0ab2ad5af10b7250da9033ddcef0'
[    2.144840] Loaded X.509 cert 'Canonical Ltd. Secure Boot Signing (2017): 242ade75ac4a15e50d50c84b0d45ff3eae707a03'
[    2.152540] Loaded X.509 cert 'Canonical Ltd. Secure Boot Signing (ESM 2018): 365188c1d374d6b07c3c8f240f8ef722433d6a8b'
[    2.160350] Loaded X.509 cert 'Canonical Ltd. Secure Boot Signing (2019): c0746fd6c5da3ae827864651ad66ae47fe24b3e8'
[    2.168004] Loaded X.509 cert 'Canonical Ltd. Secure Boot Signing (2021 v1): a8d54bbb3825cfb94fa13c9f8a594a195c107b8d'
[    2.175778] Loaded X.509 cert 'Canonical Ltd. Secure Boot Signing (2021 v2): 4cf046892d6fd3c9a5b03f98d845f90851dc6a8c'
[    2.183516] Loaded X.509 cert 'Canonical Ltd. Secure Boot Signing (2021 v3): 100437bb6de6e469b581e61cd66bce3ef4ed53af'
[    2.191282] Loaded X.509 cert 'Canonical Ltd. Secure Boot Signing (Ubuntu Core 2019): c1d57b8f6b743f23ee41f4f7ee292f06eecadfb9'
[    2.199547] zswap: loaded using pool lzo/zbud
[    2.203220] Key type .fscrypt registered
[    2.206600] Key type fscrypt-provisioning registered
[    2.210840] Key type encrypted registered
[    2.214265] AppArmor: AppArmor sha1 policy hashing enabled
[    2.312687] ima: No TPM chip found, activating TPM-bypass!
[    2.316629] Loading compiled-in module X.509 certificates
[    2.320963] Loaded X.509 cert 'Build time autogenerated kernel key: a97c6fad57101cd2006dcc5336351faa1732df97'
[    2.328277] ima: Allocated hash algorithm: sha1
[    2.331817] ima: No architecture policies found
[    2.335381] evm: Initialising EVM extended attributes:
[    2.339203] evm: security.selinux
[    2.342312] evm: security.SMACK64
[    2.345439] evm: security.SMACK64EXEC
[    2.348687] evm: security.SMACK64TRANSMUTE
[    2.352108] evm: security.SMACK64MMAP
[    2.355353] evm: security.apparmor
[    2.358466] evm: security.ima
[    2.361408] evm: security.capability
[    2.364614] evm: HMAC attrs: 0x1
[    2.369272] PM:   Magic number: 6:944:958
[    2.373030] RAS: Correctable Errors collector initialized.
[    2.480265] input: AT Translated Set 2 keyboard as /devices/platform/i8042/serio0/input/input2
[    2.487086] md: Waiting for all devices to be available before autodetect
[    2.491307] md: If you don't use raid, use raid=noautodetect
[    2.495063] md: Autodetecting RAID arrays.
[    2.498245] md: autorun ...
[    2.500965] md: ... autorun DONE.
[    2.513632] EXT4-fs (nvme0n1p1): mounted filesystem with ordered data mode. Quota mode: none.
[    2.520161] VFS: Mounted root (ext4 filesystem) readonly on device 259:1.
[    2.524762] devtmpfs: mounted
[    2.528590] Freeing unused decrypted memory: 2036K
[    2.532753] Freeing unused kernel image (initmem) memory: 3280K
[    2.539802] Write protecting the kernel read-only data: 32768k
[    2.544156] Freeing unused kernel image (text/rodata gap) memory: 2036K
[    2.548497] Freeing unused kernel image (rodata/data gap) memory: 956K
[    2.597801] x86/mm: Checked W+X mappings: passed, no W+X pages found.
[    2.601850] x86/mm: Checking user space page tables
[    2.649317] x86/mm: Checked W+X mappings: passed, no W+X pages found.
[    2.653363] Run /sbin/init as init process
[    2.656497]   with arguments:
[    2.656499]     /sbin/init
[    2.656500]   with environment:
[    2.656500]     HOME=/
[    2.656501]     TERM=linux
[    2.656502]     BOOT_IMAGE=/boot/vmlinuz-5.19.0-1024-aws
[    2.761666] systemd[1]: Inserted module 'autofs4'
[    2.784547] systemd[1]: systemd 249.11-0ubuntu3.21 running in system mode (+PAM +AUDIT +SELINUX +APPARMOR +IMA +SMACK +SECCOMP +GCRYPT +GNUTLS +OPENSSL +ACL +BLKID +CURL +ELFUTILS +FIDO2 +IDN2 -IDN +IPTC +KMOD +LIBCRYPTSETUP +LIBFDISK +PCRE2 -PWQUALITY -P11KIT -QRENCODE +BZIP2 +LZ4 +XZ +ZLIB +ZSTD -XKBCOMMON +UTMP +SYSVINIT default-hierarchy=unified)
[    2.804558] systemd[1]: Detected virtualization amazon.
[    2.808193] systemd[1]: Detected architecture x86-64.
[    2.814664] systemd[1]: Hostname set to <ip-172-31-20-175>.
[    2.983082] systemd[1]: Configuration file /run/systemd/system/netplan-ovs-cleanup.service is marked world-inaccessible. This has no effect as configuration data is accessible via APIs without restrictions. Proceeding anyway.
[    3.020118] systemd[1]: /lib/systemd/system/snapd.service:23: Unknown key name 'RestartMode' in section 'Service', ignoring.
[    3.152792] systemd[1]: Queued start job for default target Graphical Interface.
[    3.184467] systemd[1]: Created slice Slice /system/modprobe.
[    3.190210] systemd[1]: Created slice Slice /system/serial-getty.
[    3.196040] systemd[1]: Created slice Slice /system/systemd-fsck.
[    3.201794] systemd[1]: Created slice User and Session Slice.
[    3.207189] systemd[1]: Started Forward Password Requests to Wall Directory Watch.
[    3.215345] systemd[1]: Set up automount Arbitrary Executable File Formats File System Automount Point.
[    3.223697] systemd[1]: Reached target Slice Units.
[    3.228536] systemd[1]: Reached target Mounting snaps.
[    3.233327] systemd[1]: Reached target Swaps.
[    3.237870] systemd[1]: Reached target System Time Set.
[    3.242558] systemd[1]: Reached target Local Verity Protected Volumes.
[    3.248483] systemd[1]: Listening on Device-mapper event daemon FIFOs.
[    3.253844] systemd[1]: Listening on LVM2 poll daemon socket.
[    3.258935] systemd[1]: Listening on multipathd control socket.
[    3.290533] systemd[1]: Listening on RPCbind Server Activation Socket.
[    3.296583] systemd[1]: Listening on Syslog Socket.
[    3.301556] systemd[1]: Listening on fsck to fsckd communication Socket.
[    3.307325] systemd[1]: Listening on initctl Compatibility Named Pipe.
[    3.313111] systemd[1]: Listening on Journal Audit Socket.
[    3.318317] systemd[1]: Listening on Journal Socket (/dev/log).
[    3.323447] systemd[1]: Listening on Journal Socket.
[    3.328382] systemd[1]: Listening on Network Service Netlink Socket.
[    3.333576] systemd[1]: Listening on udev Control Socket.
[    3.338752] systemd[1]: Listening on udev Kernel Socket.
[    3.360390] systemd[1]: Mounting POSIX Message Queue File System...
[    3.366480] systemd[1]: Mounting Kernel Debug File System...
[    3.373931] systemd[1]: Mounting Kernel Trace File System...
[    3.380290] systemd[1]: Starting Journal Service...
[    3.385370] systemd[1]: Condition check resulted in Kernel Module supporting RPCSEC_GSS being skipped.
[    3.398216] systemd[1]: Starting Elastic Fabric Adapter Configuration...
[    3.427927] systemd[1]: Starting Set the console keyboard layout...
[    3.438322] systemd[1]: Starting Create List of Static Device Nodes...
[    3.444784] systemd[1]: Starting Monitoring of LVM2 mirrors, snapshots etc. using dmeventd or progress polling...
[    3.454729] systemd[1]: Condition check resulted in LXD - agent being skipped.
[    3.462365] systemd[1]: Starting Load Kernel Module configfs...
[    3.469011] systemd[1]: Starting Load Kernel Module drm...
[    3.475866] systemd[1]: Starting Load Kernel Module efi_pstore...
[    3.483167] systemd[1]: Starting Load Kernel Module fuse...
[    3.488790] systemd[1]: Condition check resulted in OpenVSwitch configuration for cleanup being skipped.
[    3.496573] systemd[1]: Starting File System Check on Root Device...
[    3.497112] ACPI: bus type drm_connector registered
[    3.506427] systemd[1]: Starting Load Kernel Modules...
[    3.511025] systemd[1]: Starting Coldplug All udev Devices...
[    3.516888] systemd[1]: Started Journal Service.
[    3.562614] efa: loading out-of-tree module taints kernel.
[    3.566564] efa: module verification failed: signature and/or required key missing - tainting kernel
[    3.574083] Elastic Fabric Adapter (EFA) v2.13.0g
[    3.594152] EXT4-fs (nvme0n1p1): re-mounted. Quota mode: none.
[    3.622228] [Dynamic Baseline] neuron_module_init
[    3.625736] Neuron Driver Started with Version:2.20.28.0-f8382cc9522eb9ffbd6742bdb6ca9ae9c497b6d2 at: 2026-aug-08 23:56:38.160992
[    3.625739] [Dynamic Baseline] nmetric_init_constants_metrics
[    3.626345] systemd-journald[190]: Received client request to flush runtime journal.
[    3.627211] [Dynamic Baseline] ncdev_module_init
[    3.635971] alua: device handler registered
[    3.636332] [Dynamic Baseline] neuron_pci_module_init
[    3.646334] emc: device handler registered
[    3.649204] [Dynamic Baseline] neuron_pci_probe
[    3.656175] rdac: device handler registered
[    3.659264] [Dynamic Baseline] neuron_log_init
[    3.669219] ACPI: \_SB_.LNKC: Enabled at IRQ 10
[    3.673166] [Dynamic Baseline] neuron_pci_set_device_architecture
[    3.677637] [Dynamic Baseline] narch_init
[    3.677638] [Dynamic Baseline] neuron_dhal_init
[    3.677640] [Dynamic Baseline] narch_get_arch
[    3.688324] [Dynamic Baseline] ndhal_register_funcs_v1
[    3.688325] [Dynamic Baseline] narch_is_qemu
[    3.688326] [Dynamic Baseline] narch_is_emu
[    3.688326] [Dynamic Baseline] ndhal_register_funcs_inf1
[    3.688327] [Dynamic Baseline] neuron_pci_reserve_bar_v1
[    3.706818] [Dynamic Baseline] neuron_pci_set_npdev_v1
[    3.710836] [Dynamic Baseline] fw_io_setup
[    3.714081] [Dynamic Baseline] fw_io_register_readless_read_region_v1
[    3.718156] [Dynamic Baseline] fw_io_register_read_region
[    3.721920] [Dynamic Baseline] neuron_pci_get_device_id_v1
[    3.725718] [Dynamic Baseline] neuron_pci_device_init
[    3.725720] [Dynamic Baseline] nr_create_thread
[    3.725898] [Dynamic Baseline] nci_reset_state
[    3.725900] [Dynamic Baseline] nr_reset_thread_fn
[    3.739989] [Dynamic Baseline] nci_reset_state_nc
[    3.739991] [Dynamic Baseline] ndmar_preinit
[    3.740268] [Dynamic Baseline] nmch_handle_init
[    3.750741] [Dynamic Baseline] nmch_l2tbl_alloc
[    3.754565] [Dynamic Baseline] mpset_constructor
[    3.757995] [Dynamic Baseline] mp_init_hrm_pool
[    3.789320] neuron:mpset_constructor: reserved 134217728 bytes of host memory
[    3.793705] [Dynamic Baseline] mpset_init_device_pools
[    3.797391] [Dynamic Baseline] mpset_set_dram_and_mpset_info_v1
[    3.801286] [Dynamic Baseline] mp_init_device_mem
[    3.804765] neuron:mp_init_device_mem: small genpool size 1073741824 is invalid, skipping small genpool
[    3.811810] [Dynamic Baseline] mpset_block_carveout_regions_v1
[    3.815736] [Dynamic Baseline] ncdev_create_device_node
[    3.819425] [Dynamic Baseline] ncdev_init_device_node
[    3.823055] [Dynamic Baseline] nsysfsmetric_register
[    3.826596] [Dynamic Baseline] nsysfsmetric_init_and_add_root_node
[    3.830608] [Dynamic Baseline] nsysfsmetric_init_and_add_one_node
[    3.834634] [Dynamic Baseline] nsysfsmetric_init_attr_group
[    3.838437] [Dynamic Baseline] nsysfsmetric_create_attr
[    3.845622] [Dynamic Baseline] nsysfsmetric_init_and_add_nodes
[    3.860455] [Dynamic Baseline] nsysfsmetric_add_ecc_nodes_v1
[    3.864695] [Dynamic Baseline] nsysfsmetric_init_and_add_nc_default_nodes
[    3.902143] [Dynamic Baseline] nr_start_ncs
[    3.905849] [Dynamic Baseline] nr_find_req
[    3.909391] [Dynamic Baseline] nnq_destroy_nc
[    3.913109] [Dynamic Baseline] nnq_halt
[    3.916635] [Dynamic Baseline] nnq_get_nqid_v1
[    3.931813] [Dynamic Baseline] nnq_destroy
[    3.935350] [Dynamic Baseline] nsysfsmetric_inc_reset_req_count
[    3.939612] [Dynamic Baseline] nsysfsmetric_inc_counter
[    3.943566] [Dynamic Baseline] nsysfsmetric_get_metric_id
[    3.954901] cryptd: max_cpu_qlen set to 1000
[    3.960281] ena 0000:00:05.0: ENA device version: 0.10
[    3.964220] ena 0000:00:05.0: ENA controller version: 0.0.1 implementation version 1
[    3.964386] parport_pc 00:03: reported by Plug and Play ACPI
[    3.985975] AVX2 version of gcm_enc/dec engaged.
[    3.989937] AES CTR mode by8 optimization enabled
[    4.031814] [Dynamic Baseline] neuron_ds_init
[    4.094222] neuron:nr_reset_thread_fn: nd0: initiating reset request 4294967295
[    4.096419] [Dynamic Baseline] mc_alloc_align
[    4.097268] [Dynamic Baseline] nr_initiate_reset_v1
[    4.097269] [Dynamic Baseline] nr_initiate_reset_via_fw
[    4.097270] [Dynamic Baseline] fw_io_initiate_reset
[    4.097270] [Dynamic Baseline] reg_write32
[    4.097295] [Dynamic Baseline] fw_io_trigger
[    4.097870] [Dynamic Baseline] mc_alloc_internal
[    4.098522] [Dynamic Baseline] nr_msleep_stoppable
[    4.098826] ena 0000:00:05.0: Elastic Network Adapter (ENA) found at mem fe024000, mac addr 06:cf:0a:34:cf:7b
[    4.107657] [Dynamic Baseline] mc_add_to_lifespan_list
[    4.146804] [Dynamic Baseline] mpset_get_lifespan_head
[    4.146806] [Dynamic Baseline] mc_insert_node
[    4.146807] [Dynamic Baseline] npid_add_allocated_memory
[    4.146808] [Dynamic Baseline] npid_find_process_slot
[    4.148039] [Dynamic Baseline] nmetric_init
[    4.163066] ena 0000:00:05.0 ens5: renamed from eth0
[    4.165098] ppdev: user-space parallel port driver
[    4.165635] [Dynamic Baseline] nmetric_create_thread
[    4.176644] [Dynamic Baseline] nmetric_thread_fn
[    4.679466] loop0: detected capacity change from 0 to 58160
[    4.685434] loop1: detected capacity change from 0 to 49944
[    4.689755] loop2: detected capacity change from 0 to 113896
[    4.694278] loop3: detected capacity change from 0 to 129672
[    4.697280] loop4: detected capacity change from 0 to 151512
[    4.700328] loop5: detected capacity change from 0 to 229272
[    4.703903] loop6: detected capacity change from 0 to 109032
[    4.829912] audit: type=1400 audit(1786233399.360:2): apparmor="STATUS" operation="profile_load" profile="unconfined" name="lsb_release" pid=367 comm="apparmor_parser"
[    4.829920] audit: type=1400 audit(1786233399.360:3): apparmor="STATUS" operation="profile_load" profile="unconfined" name="nvidia_modprobe" pid=368 comm="apparmor_parser"
[    4.829924] audit: type=1400 audit(1786233399.360:4): apparmor="STATUS" operation="profile_load" profile="unconfined" name="nvidia_modprobe//kmod" pid=368 comm="apparmor_parser"
[    4.834766] audit: type=1400 audit(1786233399.364:5): apparmor="STATUS" operation="profile_load" profile="unconfined" name="/usr/bin/man" pid=374 comm="apparmor_parser"
[    4.834773] audit: type=1400 audit(1786233399.364:6): apparmor="STATUS" operation="profile_load" profile="unconfined" name="man_filter" pid=374 comm="apparmor_parser"
[    4.834776] audit: type=1400 audit(1786233399.364:7): apparmor="STATUS" operation="profile_load" profile="unconfined" name="man_groff" pid=374 comm="apparmor_parser"
[    4.837113] audit: type=1400 audit(1786233399.368:8): apparmor="STATUS" operation="profile_load" profile="unconfined" name="ubuntu_pro_apt_news" pid=370 comm="apparmor_parser"
[    4.840972] audit: type=1400 audit(1786233399.372:9): apparmor="STATUS" operation="profile_load" profile="unconfined" name="tcpdump" pid=377 comm="apparmor_parser"
[    4.842343] audit: type=1400 audit(1786233399.372:10): apparmor="STATUS" operation="profile_load" profile="unconfined" name="/usr/lib/NetworkManager/nm-dhcp-client.action" pid=369 comm="apparmor_parser"
[    4.877479] RPC: Registered named UNIX socket transport module.
[    4.877482] RPC: Registered udp transport module.
[    4.877482] RPC: Registered tcp transport module.
[    4.877483] RPC: Registered tcp NFSv4.1 backchannel transport module.
[    4.981872] input: ImPS/2 Generic Wheel Mouse as /devices/platform/i8042/serio1/input/input4
[    6.959820] IPv6: ADDRCONF(NETDEV_CHANGE): ens5: link becomes ready
[    9.488889] loop7: detected capacity change from 0 to 8
[    9.964266] kauditd_printk_skb: 35 callbacks suppressed
[    9.964269] audit: type=1400 audit(1786233404.498:46): apparmor="STATUS" operation="profile_replace" info="same as current profile, skipping" profile="unconfined" name="/usr/lib/snapd/snap-confine" pid=793 comm="apparmor_parser"
[   10.355472] audit: type=1400 audit(1786233404.886:47): apparmor="STATUS" operation="profile_load" profile="unconfined" name="docker-default" pid=923 comm="apparmor_parser"
[   10.744624] Initializing XFRM netlink socket
[   10.769292] bridge: filtering via arp/ip/ip6tables is no longer available by default. Update your scripts to load br_netfilter if you need this.
[   11.119799] [Dynamic Baseline] fw_io_is_reset_initiated
[   11.119803] [Dynamic Baseline] fw_io_read_csr_array_v1
[   11.119804] [Dynamic Baseline] fw_io_read_csr_array_readless
[   11.119805] [Dynamic Baseline] fw_io_read
[   11.119806] [Dynamic Baseline] fw_io_execute_request
[   11.119807] [Dynamic Baseline] fw_io_init
[   11.119808] [Dynamic Baseline] crc32c
[   11.119809] [Dynamic Baseline] dx_crc32c_add
[   12.127803] neuron:fw_io_execute_request: seq: 2, cmd: 1 timed out
[   12.811793] [Dynamic Baseline] nr_wait_for_reset_completion_v1
[   12.811797] [Dynamic Baseline] fw_io_is_device_ready_v1
[   12.823797] [Dynamic Baseline] fw_io_device_id_write
[   12.823800] [Dynamic Baseline] ndmar_init_ncs
[   12.823801] [Dynamic Baseline] nr_init_h2t_eng_v1
[   12.823802] [Dynamic Baseline] ndmar_init_nc
[   12.823803] [Dynamic Baseline] ndmar_eng_init
[   12.823803] [Dynamic Baseline] ndmar_acquire_engine
[   12.823804] [Dynamic Baseline] ndma_init_v1
[   12.823806] [Dynamic Baseline] udma_m2m_init_engine
[   12.823807] [Dynamic Baseline] udma_init
[   12.823807] [Dynamic Baseline] udma_handle_init_aux
[   12.823808] [Dynamic Baseline] udma_q_enable
[   12.823821] [Dynamic Baseline] udma_set_defaults
[   12.823822] [Dynamic Baseline] udma_m2s_packet_size_cfg_set
[   12.823824] [Dynamic Baseline] udma_m2s_data_rd_cfg_boundaries_set_v1
[   12.823830] [Dynamic Baseline] udma_iofic_m2s_error_ints_unmask
[   12.823831] [Dynamic Baseline] udma_iofic_reg_base_get_adv
[   12.823831] [Dynamic Baseline] iofic_config
[   12.823832] [Dynamic Baseline] iofic_abort_mask_clear
[   12.823833] [Dynamic Baseline] udma_iofic_unmask_adv
[   12.823834] [Dynamic Baseline] udma_iofic_level_and_group_valid
[   12.823834] [Dynamic Baseline] iofic_unmask
[   12.823835] [Dynamic Baseline] udma_iofic_s2m_error_ints_unmask
[   12.823837] [Dynamic Baseline] udma_cache_defaults
[   12.823837] [Dynamic Baseline] udma_m2s_max_descs_set
[   12.823839] [Dynamic Baseline] ndmar_release_engine
[   12.823867] [Dynamic Baseline] ndmar_get_h2t_eng_id_v1
[   12.823867] [Dynamic Baseline] ndmar_h2t_ring_alloc
[   12.823868] [Dynamic Baseline] ndmar_ring_get_desc_count
[   12.823868] [Dynamic Baseline] ndmar_get_h2t_qid_v1
[   12.823931] [Dynamic Baseline] ndmar_ring_set_mem_chunk
[   12.823932] [Dynamic Baseline] ndmar_get_queue
[   12.823932] [Dynamic Baseline] ndmar_get_ring
[   12.823934] [Dynamic Baseline] ndmar_h2t_ring_init
[   12.823935] [Dynamic Baseline] udma_m2m_init_queue
[   12.823936] [Dynamic Baseline] udma_q_init
[   12.823936] [Dynamic Baseline] udma_q_init_validate
[   12.823937] [Dynamic Baseline] udma_q_init_internal
[   12.823937] [Dynamic Baseline] udma_q_config_v1
[   12.823938] [Dynamic Baseline] udma_q_reset
[   12.823939] [Dynamic Baseline] udma_q_pause
[   12.823940] [Dynamic Baseline] udma_q_set_pointers
[   12.823941] [Dynamic Baseline] udma_q_config_compl
[   12.824265] [Dynamic Baseline] nr_call_post_reset_config
[   12.824266] [Dynamic Baseline] nr_post_reset_config_v1
[   12.824267] neuron:nr_reset_thread_fn: nd0: reset request 4294967295 completed
[  169.803727] [Dynamic Baseline] neuron_ds_acquire_lock
[  169.803732] [Dynamic Baseline] nmetric_full_aggregate
[  169.803732] [Dynamic Baseline] neuron_ds_check_entry_in_use
[  169.803733] [Dynamic Baseline] neuron_ds_entry_used
[  169.803734] [Dynamic Baseline] nmetric_check_post_tick
[  169.803735] [Dynamic Baseline] fw_io_get_err_count
[  169.803736] [Dynamic Baseline] nmetric_cache_shared_bufs
[  169.803737] [Dynamic Baseline] neuron_ds_release_lock
[  169.803738] [Dynamic Baseline] nmetric_post_metrics
[  169.803739] [Dynamic Baseline] nmetric_post_constant
[  169.803740] [Dynamic Baseline] nmetric_post_version
[  169.803740] [Dynamic Baseline] nmetric_post_version_with_max_usage
[  169.803741] [Dynamic Baseline] nmetric_post_counter
[  169.803742] [Dynamic Baseline] fw_io_post_metric
[  169.827721] [Dynamic Baseline] nmetric_start_new_session
[  214.296022] [Dynamic Baseline] ncdev_open
[  214.296026] [Dynamic Baseline] neuron_log_rec_add
[  214.296029] [Dynamic Baseline] ncdev_ioctl
[  214.296030] [Dynamic Baseline] ncdev_misc_ioctl
[  214.296030] [Dynamic Baseline] ncdev_device_basic_info
[  214.296031] [Dynamic Baseline] narch_fill_device_basic_info
[  214.296032] [Dynamic Baseline] narch_get_revision
[  214.297619] [Dynamic Baseline] ncdev_compatible_version
[  214.297621] [Dynamic Baseline] ncdev_compatible_version_v1
[  214.297677] [Dynamic Baseline] ncdev_crwl_nc_range_mark
[  214.297678] [Dynamic Baseline] neuron_copy_from_user
[  214.297679] [Dynamic Baseline] ncrwl_nc_range_mark
[  214.301743] [Dynamic Baseline] npid_attach
[  214.301746] neuron:npid_attach: neuron:npid_attach: pid=3025, slot=0
[  214.301749] [Dynamic Baseline] ncdev_device_bdf
[  214.301751] [Dynamic Baseline] ncdev_flush
[  214.301752] [Dynamic Baseline] npid_is_attached
[  214.301753] [Dynamic Baseline] nr_wait
[  214.301755] [Dynamic Baseline] ncdev_quiesce_exec_on_proc_exit_v1
[  215.307590] [Dynamic Baseline] ndmar_handle_process_exit
[  215.331601] [Dynamic Baseline] ncrwl_release_current_process
[  215.331604] [Dynamic Baseline] neuron_ds_release_pid
[  215.331605] [Dynamic Baseline] neuron_ds_find
[  215.331606] [Dynamic Baseline] mpset_free_expired_mc
[  215.331607] [Dynamic Baseline] mpset_free_lifespan_list
[  215.331608] [Dynamic Baseline] nmmap_delete_all_nodes
[  215.331609] [Dynamic Baseline] npid_detach
[  215.331610] neuron:npid_detach: neuron:npid_detach: pid=3025, slot=0
[  215.331613] [Dynamic Baseline] ncdev_release
[  215.331614] [Dynamic Baseline] neuron_ds_clear
[  215.331614] [Dynamic Baseline] neuron_ds_for_each_entry
[  215.331615] [Dynamic Baseline] neuron_ds_clear_entry
[  215.333046] neuron:npid_attach: neuron:npid_attach: pid=3025, slot=0
[  215.333052] [Dynamic Baseline] ncdev_device_info
[  215.333053] [Dynamic Baseline] fw_io_topology_v1
[  215.333054] [Dynamic Baseline] fw_io_wait_for_device_ready_v1
[  215.347591] [Dynamic Baseline] ncdev_mem_alloc
[  215.348018] [Dynamic Baseline] ncdev_mem_chunk_to_mem_handle
[  215.348019] [Dynamic Baseline] nmch_handle_alloc
[  215.348019] [Dynamic Baseline] nmch_service_is_down
[  215.348020] [Dynamic Baseline] nmch_idx_to_handle
[  215.348022] [Dynamic Baseline] ncdev_mem_get_info_deprecated
[  215.348023] [Dynamic Baseline] ncdev_mem_handle_to_mem_chunk
[  215.348024] [Dynamic Baseline] mc_handle_find
[  215.348024] [Dynamic Baseline] nmch_handle_to_idx
[  215.348025] [Dynamic Baseline] nmch_idx_valid
[  215.348026] [Dynamic Baseline] nmch_l2_tbl_entry_valid
[  215.348026] [Dynamic Baseline] nmmap_offset
[  215.348031] [Dynamic Baseline] ncdev_mmap
[  215.348031] [Dynamic Baseline] nmmap_mem
[  215.348032] [Dynamic Baseline] nmmap_get_mc
[  215.348033] [Dynamic Baseline] mpset_search_mc
[  215.348039] [Dynamic Baseline] nmmap_create_node
[  215.348040] [Dynamic Baseline] nmmap_insert_node_rbtree
[  215.349342] [Dynamic Baseline] ncdev_acquire_neuron_ds
[  215.349343] [Dynamic Baseline] neuron_ds_acquire_pid
[  215.349344] [Dynamic Baseline] neuron_ds_create_and_acquire_pid
[  215.349344] [Dynamic Baseline] neuron_ds_add_pid
[  215.349345] [Dynamic Baseline] neuron_ds_find_empty_slot
[  215.349368] [Dynamic Baseline] ncdev_cinit_set_state
[  215.349368] [Dynamic Baseline] ncdev_ncid_valid
[  215.349369] [Dynamic Baseline] nci_set_state
[  215.349370] [Dynamic Baseline] nci_start
[  215.349381] [Dynamic Baseline] ncdev_bar_rw
[  215.349382] [Dynamic Baseline] ncdev_bar_write
[  215.349383] [Dynamic Baseline] ncdev_bar_write_data_v1
[  215.349384] [Dynamic Baseline] ndma_is_bar0_write_blocked_v1
[  215.398378] [Dynamic Baseline] ncdev_program_engine_nc
[  215.398380] [Dynamic Baseline] ncdev_verify_mem_region
[  215.398384] [Dynamic Baseline] ndma_memcpy
[  215.398385] [Dynamic Baseline] ndma_memcpy_offset_move
[  215.398386] [Dynamic Baseline] ndma_get_dma_ctx
[  215.398386] [Dynamic Baseline] ndma_memcpy_get_completion_buf
[  215.398387] [Dynamic Baseline] ndma_memcpy_chunks
[  215.398389] [Dynamic Baseline] ndma_get_m2m_barrier_type_v1
[  215.398389] [Dynamic Baseline] ndma_memcpy64k
[  215.398390] [Dynamic Baseline] udma_m2m_copy_prepare_one
[  215.398391] [Dynamic Baseline] udma_q_handle_get
[  215.398392] [Dynamic Baseline] udma_m2m_build_descriptor
[  215.398393] [Dynamic Baseline] udma_m2m_build_tx_descriptor
[  215.398394] [Dynamic Baseline] udma_m2m_build_rx_descriptor
[  215.398395] [Dynamic Baseline] ndma_memcpy_add_completion_desc
[  215.398395] [Dynamic Baseline] udma_m2m_copy_start
[  215.398396] [Dynamic Baseline] udma_desc_action_add
[  215.398397] [Dynamic Baseline] _ndma_memcpy_wait_for_completion
[  215.398398] [Dynamic Baseline] ndma_memcpy_wait_for_completion
[  215.398399] [Dynamic Baseline] ndma_get_wait_for_completion_time_v1
[  215.398404] [Dynamic Baseline] ndma_ack_completed_desc
[  215.398404] [Dynamic Baseline] ndma_release_dma_ctx
[  215.398405] [Dynamic Baseline] mc_free
[  215.398406] [Dynamic Baseline] mc_remove_node
[  215.398407] [Dynamic Baseline] nsysfsmetric_dec_counter
[  215.398408] [Dynamic Baseline] npid_dec_allocated_memory
[  215.398409] [Dynamic Baseline] mc_remove_from_lifespan_list
[  215.519324] [Dynamic Baseline] ncdev_bar_read
[  215.519327] [Dynamic Baseline] reg_read32_array_v1
[  216.075642] [Dynamic Baseline] ncdev_nc_nq_init_libnrt
[  216.075646] [Dynamic Baseline] nnq_init
[  216.075651] [Dynamic Baseline] nnq_set_hwaddr_v1
[  216.075655] [Dynamic Baseline] ncdev_mem_get_pa_deprecated
[  216.319419] [Dynamic Baseline] ncdev_mem_copy
[  216.319423] [Dynamic Baseline] ndma_memcpy_mc
[  216.319480] [Dynamic Baseline] ncdev_mem_buf_copy
[  216.319486] [Dynamic Baseline] ncdev_dma_copy_descriptors
[  216.319502] [Dynamic Baseline] ndma_memcpy_dma_copy_descriptors
[  216.319503] [Dynamic Baseline] ndma_validate_pa_v1
[  216.319504] [Dynamic Baseline] ndma_is_valid_host_mem
[  216.319505] [Dynamic Baseline] ndma_is_valid_host_mem_from_nd
[  216.319506] [Dynamic Baseline] neuron_pci_get_device
[  216.319507] [Dynamic Baseline] ndma_memcpy_buf_to_mc
[  216.319534] [Dynamic Baseline] ndmar_set_model_started_v1
[  216.324640] [Dynamic Baseline] ncdev_crwl_reader_enter
[  216.324643] [Dynamic Baseline] ncrwl_reader_enter
[  216.324644] [Dynamic Baseline] ncrwl_validate_uuid
[  216.325208] [Dynamic Baseline] ncdev_mem_free
[  216.325211] [Dynamic Baseline] nmch_handle_free
[  216.434644] [Dynamic Baseline] ncdev_crwl_writer_enter
[  216.434648] [Dynamic Baseline] ncrwl_writer_enter
[  216.434670] [Dynamic Baseline] ncdev_dma_engine_set_state
[  216.434672] [Dynamic Baseline] ndmar_eng_set_state
[  216.434673] [Dynamic Baseline] udma_state_set
[  216.434698] [Dynamic Baseline] ncdev_semaphore_ioctl
[  216.434700] [Dynamic Baseline] nc_semaphore_write
[  216.434701] [Dynamic Baseline] nc_get_semaphore_base_v1
[  216.434702] [Dynamic Baseline] nc_get_axi_offset
[  216.434744] [Dynamic Baseline] ncdev_dma_queue_init
[  216.434745] [Dynamic Baseline] ndmar_queue_init
[  216.434789] [Dynamic Baseline] ncdev_dma_copy_start
[  216.434790] [Dynamic Baseline] ndmar_queue_copy_start
[  216.434977] [Dynamic Baseline] ncdev_nc_model_started_count
[  216.434988] [Dynamic Baseline] ncdev_dma_ack_completed
[  216.434989] [Dynamic Baseline] ndmar_ack_completed
[  216.435000] [Dynamic Baseline] ncdev_crwl_writer_downgrade
[  216.435001] [Dynamic Baseline] ncrwl_writer_downgrade
[  216.435080] [Dynamic Baseline] nc_semaphore_increment
[  216.435114] [Dynamic Baseline] ncdev_crwl_reader_exit
[  216.435115] [Dynamic Baseline] ncrwl_reader_exit
[  216.579105] [Dynamic Baseline] ncdev_misc_flush
[  216.579109] [Dynamic Baseline] ncrwl_nc_range_unmark
[  216.591616] [Dynamic Baseline] nmmap_delete_node
[  216.591621] [Dynamic Baseline] nmmap_search_va
[  216.591623] [Dynamic Baseline] nmmap_remove_node_rbtree
[  216.779665] [Dynamic Baseline] ncdev_release_neuron_ds
[  216.779670] [Dynamic Baseline] neuron_ds_release_entry
[  216.779671] [Dynamic Baseline] nmetric_partial_aggregate
[  216.779672] [Dynamic Baseline] nmetric_aggregate_nd_counter_entry
[  216.779673] [Dynamic Baseline] nmetric_aggregate_version_metrics
[  216.779674] [Dynamic Baseline] get_neuroncore_counter_value
[  216.779676] [Dynamic Baseline] nsysfsmetric_nds_aggregate
[  217.803591] [Dynamic Baseline] ndmar_is_h2t_q_v1
[  217.803595] [Dynamic Baseline] ndmar_is_nx_ring_v1
[  217.823587] neuron:npid_detach: neuron:npid_detach: pid=3025, slot=0
